Archive member included to satisfy reference by file (symbol)

oslib/drivers/lib/liblpc2148.a(io.o)
                              oslib/drivers/target.o (io_configure)
oslib/drivers/lib/liblpc2148.a(io_asm.o)
                              oslib/drivers/lib/liblpc2148.a(io.o) (io_write_n)
oslib/drivers/lib/liblpc2148.a(lcd.o)
                              oslib/drivers/lib/liblpc2148.a(io.o) (lcd_put_char)
oslib/drivers/lib/liblpc2148.a(timer.o)
                              oslib/drivers/target.o (timer_tick_init)
oslib/drivers/lib/liblpc2148.a(eint.o)
                              oslib/drivers/target.o (eint1_init)
oslib/drivers/lib/liblpc2148.a(uart.o)
                              oslib/drivers/target.o (uart_init)
oslib/drivers/lib/liblpc2148.a(util.o)
                              oslib/drivers/lib/liblpc2148.a(uart.o) (num2str)
oslib/drivers/lib/liblpc2148.a(irq.o)
                              oslib/drivers/lib/liblpc2148.a(timer.o) (irq_register_slot)
/local/sdk_elec/gcc-arm-none-eabi-5_2-2015q4/bin/../lib/gcc/arm-none-eabi/5.2.1/libgcc.a(_udivsi3.o)
                              oslib/drivers/lib/liblpc2148.a(io.o) (__aeabi_uidiv)
/local/sdk_elec/gcc-arm-none-eabi-5_2-2015q4/bin/../lib/gcc/arm-none-eabi/5.2.1/libgcc.a(_dvmd_tls.o)
                              /local/sdk_elec/gcc-arm-none-eabi-5_2-2015q4/bin/../lib/gcc/arm-none-eabi/5.2.1/libgcc.a(_udivsi3.o) (__aeabi_idiv0)
/local/sdk_elec/gcc-arm-none-eabi-5_2-2015q4/bin/../lib/gcc/arm-none-eabi/5.2.1/../../../../arm-none-eabi/lib/libc.a(lib_a-errno.o)
                              oslib/drivers/startup/board_stubs.o (__errno)
/local/sdk_elec/gcc-arm-none-eabi-5_2-2015q4/bin/../lib/gcc/arm-none-eabi/5.2.1/../../../../arm-none-eabi/lib/libc.a(lib_a-impure.o)
                              /local/sdk_elec/gcc-arm-none-eabi-5_2-2015q4/bin/../lib/gcc/arm-none-eabi/5.2.1/../../../../arm-none-eabi/lib/libc.a(lib_a-errno.o) (_impure_ptr)
/local/sdk_elec/gcc-arm-none-eabi-5_2-2015q4/bin/../lib/gcc/arm-none-eabi/5.2.1/../../../../arm-none-eabi/lib/libc.a(lib_a-memcpy-stub.o)
                              kernel/kernel.o (memcpy)

Discarded input sections

 .text          0x00000000        0x0 user/tp1_ex1.o
 .data          0x00000000        0x0 user/tp1_ex1.o
 .bss           0x00000000        0x0 user/tp1_ex1.o
 .text          0x00000000        0x0 oslib/drivers/startup/board_lowlevel.o
 .data          0x00000000        0x0 oslib/drivers/startup/board_lowlevel.o
 .bss           0x00000000        0x0 oslib/drivers/startup/board_lowlevel.o
 .text.default_irq_isr
                0x00000000       0x20 oslib/drivers/startup/board_lowlevel.o
 .text          0x00000000        0x0 oslib/drivers/startup/board_stubs.o
 .data          0x00000000        0x0 oslib/drivers/startup/board_stubs.o
 .bss           0x00000000        0x4 oslib/drivers/startup/board_stubs.o
 .text._sbrk_r  0x00000000       0xa4 oslib/drivers/startup/board_stubs.o
 .debug_info    0x00000000      0x8f4 oslib/drivers/startup/board_stubs.o
 .debug_abbrev  0x00000000      0x1bd oslib/drivers/startup/board_stubs.o
 .debug_aranges
                0x00000000       0x20 oslib/drivers/startup/board_stubs.o
 .debug_ranges  0x00000000       0x10 oslib/drivers/startup/board_stubs.o
 .debug_line    0x00000000      0x16f oslib/drivers/startup/board_stubs.o
 .debug_str     0x00000000      0x576 oslib/drivers/startup/board_stubs.o
 .comment       0x00000000       0x6f oslib/drivers/startup/board_stubs.o
 .debug_frame   0x00000000       0x30 oslib/drivers/startup/board_stubs.o
 .ARM.attributes
                0x00000000       0x30 oslib/drivers/startup/board_stubs.o
 .text          0x00000000        0x0 oslib/drivers/target.o
 .data          0x00000000        0x0 oslib/drivers/target.o
 .bss           0x00000000        0x0 oslib/drivers/target.o
 .text          0x00000000        0x0 kernel/alloc.o
 .data          0x00000000        0x0 kernel/alloc.o
 .bss           0x00000000        0x0 kernel/alloc.o
 .text          0x00000000        0x0 kernel/kernel.o
 .text.sys_task_kill
                0x00000000        0xc kernel/kernel.o
 .text          0x00000000        0x0 kernel/list.o
 .data          0x00000000        0x0 kernel/list.o
 .bss           0x00000000        0x0 kernel/list.o
 .text.list_insert_head
                0x00000000       0x7c kernel/list.o
 .text.list_remove_head
                0x00000000       0x9c kernel/list.o
 .text.list_remove_tail
                0x00000000       0xa4 kernel/list.o
 .text.list_size
                0x00000000       0x6c kernel/list.o
 .rodata        0x00000000       0x1c kernel/list.o
 .text.list_display
                0x00000000       0xf4 kernel/list.o
 .text          0x00000000        0x0 kernel/syscall_dispatch.o
 .data          0x00000000        0x0 kernel/syscall_dispatch.o
 .bss           0x00000000        0x0 kernel/syscall_dispatch.o
 .text          0x00000000        0x0 oslib/kernellib.o
 .data          0x00000000        0x0 oslib/kernellib.o
 .bss           0x00000000        0x0 oslib/kernellib.o
 .text.test_add
                0x00000000       0x28 oslib/kernellib.o
 .text.malloc   0x00000000       0x24 oslib/kernellib.o
 .text.free     0x00000000       0x18 oslib/kernellib.o
 .text.task_kill
                0x00000000        0xc oslib/kernellib.o
 .text.task_wait
                0x00000000       0x18 oslib/kernellib.o
 .text.sem_new  0x00000000       0x24 oslib/kernellib.o
 .text.sem_p    0x00000000       0x18 oslib/kernellib.o
 .text.sem_v    0x00000000       0x18 oslib/kernellib.o
 .text          0x00000000        0x0 oslib/drivers/startup/board_cstartup.o
 .data          0x00000000        0x0 oslib/drivers/startup/board_cstartup.o
 .bss           0x00000000        0x0 oslib/drivers/startup/board_cstartup.o
 .text          0x00000000        0x0 oslib/drivers/lib/liblpc2148.a(io.o)
 .data          0x00000000        0xa oslib/drivers/lib/liblpc2148.a(io.o)
 .bss           0x00000000        0x0 oslib/drivers/lib/liblpc2148.a(io.o)
 .text.num2str  0x00000000       0xfc oslib/drivers/lib/liblpc2148.a(io.o)
 .text.leds_and_btns_init
                0x00000000       0x2c oslib/drivers/lib/liblpc2148.a(io.o)
 .text.leds     0x00000000       0x24 oslib/drivers/lib/liblpc2148.a(io.o)
 .text.buttons  0x00000000       0x20 oslib/drivers/lib/liblpc2148.a(io.o)
 .text.button0  0x00000000       0x48 oslib/drivers/lib/liblpc2148.a(io.o)
 .text.button1  0x00000000       0x48 oslib/drivers/lib/liblpc2148.a(io.o)
 .text.button2  0x00000000       0x48 oslib/drivers/lib/liblpc2148.a(io.o)
 .text.button3  0x00000000       0x48 oslib/drivers/lib/liblpc2148.a(io.o)
 .text.button4  0x00000000       0x48 oslib/drivers/lib/liblpc2148.a(io.o)
 .text.lcd_printf
                0x00000000      0x2cc oslib/drivers/lib/liblpc2148.a(io.o)
 .rodata        0x00000000       0x14 oslib/drivers/lib/liblpc2148.a(io.o)
 .text          0x00000000       0x2c oslib/drivers/lib/liblpc2148.a(io_asm.o)
 .data          0x00000000        0x0 oslib/drivers/lib/liblpc2148.a(io_asm.o)
 .bss           0x00000000        0x0 oslib/drivers/lib/liblpc2148.a(io_asm.o)
 .ARM.attributes
                0x00000000       0x16 oslib/drivers/lib/liblpc2148.a(io_asm.o)
 .debug_line    0x00000000       0x58 oslib/drivers/lib/liblpc2148.a(io_asm.o)
 .debug_info    0x00000000       0x6b oslib/drivers/lib/liblpc2148.a(io_asm.o)
 .debug_abbrev  0x00000000       0x14 oslib/drivers/lib/liblpc2148.a(io_asm.o)
 .debug_aranges
                0x00000000       0x20 oslib/drivers/lib/liblpc2148.a(io_asm.o)
 .text          0x00000000        0x0 oslib/drivers/lib/liblpc2148.a(lcd.o)
 .data          0x00000000        0x0 oslib/drivers/lib/liblpc2148.a(lcd.o)
 .bss           0x00000000        0x0 oslib/drivers/lib/liblpc2148.a(lcd.o)
 .debug_abbrev  0x00000000      0x194 oslib/drivers/lib/liblpc2148.a(lcd.o)
 .debug_info    0x00000000      0x43d oslib/drivers/lib/liblpc2148.a(lcd.o)
 .debug_line    0x00000000      0x1f8 oslib/drivers/lib/liblpc2148.a(lcd.o)
 .text.lcd_send_data
                0x00000000       0x58 oslib/drivers/lib/liblpc2148.a(lcd.o)
 .text.lcd_send_cmd
                0x00000000       0x58 oslib/drivers/lib/liblpc2148.a(lcd.o)
 .text.lcd_is_busy
                0x00000000       0x84 oslib/drivers/lib/liblpc2148.a(lcd.o)
 .text.lcd_backlight
                0x00000000       0x30 oslib/drivers/lib/liblpc2148.a(lcd.o)
 .text.lcd_display
                0x00000000       0x20 oslib/drivers/lib/liblpc2148.a(lcd.o)
 .text.lcd_mode
                0x00000000       0x20 oslib/drivers/lib/liblpc2148.a(lcd.o)
 .text.lcd_shift
                0x00000000       0x20 oslib/drivers/lib/liblpc2148.a(lcd.o)
 .text.lcd_clear
                0x00000000       0x18 oslib/drivers/lib/liblpc2148.a(lcd.o)
 .text.lcd_home
                0x00000000       0x18 oslib/drivers/lib/liblpc2148.a(lcd.o)
 .text.lcd_goto_xy
                0x00000000       0x38 oslib/drivers/lib/liblpc2148.a(lcd.o)
 .text.lcd_init
                0x00000000      0x104 oslib/drivers/lib/liblpc2148.a(lcd.o)
 .text.lcd_put_char
                0x00000000       0x28 oslib/drivers/lib/liblpc2148.a(lcd.o)
 .text.lcd_put_string
                0x00000000       0x2c oslib/drivers/lib/liblpc2148.a(lcd.o)
 .text.lcd_new_char
                0x00000000       0x44 oslib/drivers/lib/liblpc2148.a(lcd.o)
 .debug_loc     0x00000000      0x394 oslib/drivers/lib/liblpc2148.a(lcd.o)
 .debug_pubnames
                0x00000000       0xbc oslib/drivers/lib/liblpc2148.a(lcd.o)
 .debug_pubtypes
                0x00000000       0x12 oslib/drivers/lib/liblpc2148.a(lcd.o)
 .debug_aranges
                0x00000000       0x88 oslib/drivers/lib/liblpc2148.a(lcd.o)
 .debug_ranges  0x00000000       0x78 oslib/drivers/lib/liblpc2148.a(lcd.o)
 .debug_str     0x00000000      0x191 oslib/drivers/lib/liblpc2148.a(lcd.o)
 .comment       0x00000000       0x2b oslib/drivers/lib/liblpc2148.a(lcd.o)
 .ARM.attributes
                0x00000000       0x32 oslib/drivers/lib/liblpc2148.a(lcd.o)
 .debug_frame   0x00000000      0x154 oslib/drivers/lib/liblpc2148.a(lcd.o)
 .text          0x00000000        0x0 oslib/drivers/lib/liblpc2148.a(timer.o)
 .data          0x00000000        0x0 oslib/drivers/lib/liblpc2148.a(timer.o)
 .text.timer_wait_ms
                0x00000000       0x58 oslib/drivers/lib/liblpc2148.a(timer.o)
 .text.timer_wait_us
                0x00000000       0x54 oslib/drivers/lib/liblpc2148.a(timer.o)
 .text.timer_oneshot_init
                0x00000000       0xd4 oslib/drivers/lib/liblpc2148.a(timer.o)
 .text.timer_stop
                0x00000000        0xc oslib/drivers/lib/liblpc2148.a(timer.o)
 .text          0x00000000        0x0 oslib/drivers/lib/liblpc2148.a(eint.o)
 .data          0x00000000        0x0 oslib/drivers/lib/liblpc2148.a(eint.o)
 .text          0x00000000        0x0 oslib/drivers/lib/liblpc2148.a(uart.o)
 .data          0x00000000        0x0 oslib/drivers/lib/liblpc2148.a(uart.o)
 .text.uart_getc
                0x00000000       0x58 oslib/drivers/lib/liblpc2148.a(uart.o)
 .text.uart_getchar
                0x00000000       0x58 oslib/drivers/lib/liblpc2148.a(uart.o)
 .text          0x00000000        0x0 oslib/drivers/lib/liblpc2148.a(util.o)
 .data          0x00000000        0x0 oslib/drivers/lib/liblpc2148.a(util.o)
 .bss           0x00000000        0x0 oslib/drivers/lib/liblpc2148.a(util.o)
 .text.str2num  0x00000000       0x90 oslib/drivers/lib/liblpc2148.a(util.o)
 .text          0x00000000        0x0 oslib/drivers/lib/liblpc2148.a(irq.o)
 .data          0x00000000        0x0 oslib/drivers/lib/liblpc2148.a(irq.o)
 .bss           0x00000000        0x0 oslib/drivers/lib/liblpc2148.a(irq.o)
 .text.irq_init
                0x00000000       0x18 oslib/drivers/lib/liblpc2148.a(irq.o)
 .text.irq_unregister_slot
                0x00000000       0x40 oslib/drivers/lib/liblpc2148.a(irq.o)
 .data          0x00000000        0x0 /local/sdk_elec/gcc-arm-none-eabi-5_2-2015q4/bin/../lib/gcc/arm-none-eabi/5.2.1/libgcc.a(_udivsi3.o)
 .bss           0x00000000        0x0 /local/sdk_elec/gcc-arm-none-eabi-5_2-2015q4/bin/../lib/gcc/arm-none-eabi/5.2.1/libgcc.a(_udivsi3.o)
 .data          0x00000000        0x0 /local/sdk_elec/gcc-arm-none-eabi-5_2-2015q4/bin/../lib/gcc/arm-none-eabi/5.2.1/libgcc.a(_dvmd_tls.o)
 .bss           0x00000000        0x0 /local/sdk_elec/gcc-arm-none-eabi-5_2-2015q4/bin/../lib/gcc/arm-none-eabi/5.2.1/libgcc.a(_dvmd_tls.o)
 .text          0x00000000        0x0 /local/sdk_elec/gcc-arm-none-eabi-5_2-2015q4/bin/../lib/gcc/arm-none-eabi/5.2.1/../../../../arm-none-eabi/lib/libc.a(lib_a-errno.o)
 .data          0x00000000        0x0 /local/sdk_elec/gcc-arm-none-eabi-5_2-2015q4/bin/../lib/gcc/arm-none-eabi/5.2.1/../../../../arm-none-eabi/lib/libc.a(lib_a-errno.o)
 .bss           0x00000000        0x0 /local/sdk_elec/gcc-arm-none-eabi-5_2-2015q4/bin/../lib/gcc/arm-none-eabi/5.2.1/../../../../arm-none-eabi/lib/libc.a(lib_a-errno.o)
 .text.__errno  0x00000000       0x10 /local/sdk_elec/gcc-arm-none-eabi-5_2-2015q4/bin/../lib/gcc/arm-none-eabi/5.2.1/../../../../arm-none-eabi/lib/libc.a(lib_a-errno.o)
 .debug_frame   0x00000000       0x20 /local/sdk_elec/gcc-arm-none-eabi-5_2-2015q4/bin/../lib/gcc/arm-none-eabi/5.2.1/../../../../arm-none-eabi/lib/libc.a(lib_a-errno.o)
 .ARM.attributes
                0x00000000       0x30 /local/sdk_elec/gcc-arm-none-eabi-5_2-2015q4/bin/../lib/gcc/arm-none-eabi/5.2.1/../../../../arm-none-eabi/lib/libc.a(lib_a-errno.o)
 .text          0x00000000        0x0 /local/sdk_elec/gcc-arm-none-eabi-5_2-2015q4/bin/../lib/gcc/arm-none-eabi/5.2.1/../../../../arm-none-eabi/lib/libc.a(lib_a-impure.o)
 .data          0x00000000        0x0 /local/sdk_elec/gcc-arm-none-eabi-5_2-2015q4/bin/../lib/gcc/arm-none-eabi/5.2.1/../../../../arm-none-eabi/lib/libc.a(lib_a-impure.o)
 .bss           0x00000000        0x0 /local/sdk_elec/gcc-arm-none-eabi-5_2-2015q4/bin/../lib/gcc/arm-none-eabi/5.2.1/../../../../arm-none-eabi/lib/libc.a(lib_a-impure.o)
 .data.impure_data
                0x00000000      0x428 /local/sdk_elec/gcc-arm-none-eabi-5_2-2015q4/bin/../lib/gcc/arm-none-eabi/5.2.1/../../../../arm-none-eabi/lib/libc.a(lib_a-impure.o)
 .data._impure_ptr
                0x00000000        0x4 /local/sdk_elec/gcc-arm-none-eabi-5_2-2015q4/bin/../lib/gcc/arm-none-eabi/5.2.1/../../../../arm-none-eabi/lib/libc.a(lib_a-impure.o)
 .rodata.str1.4
                0x00000000        0x2 /local/sdk_elec/gcc-arm-none-eabi-5_2-2015q4/bin/../lib/gcc/arm-none-eabi/5.2.1/../../../../arm-none-eabi/lib/libc.a(lib_a-impure.o)
 .rodata._global_impure_ptr
                0x00000000        0x4 /local/sdk_elec/gcc-arm-none-eabi-5_2-2015q4/bin/../lib/gcc/arm-none-eabi/5.2.1/../../../../arm-none-eabi/lib/libc.a(lib_a-impure.o)
 .ARM.attributes
                0x00000000       0x30 /local/sdk_elec/gcc-arm-none-eabi-5_2-2015q4/bin/../lib/gcc/arm-none-eabi/5.2.1/../../../../arm-none-eabi/lib/libc.a(lib_a-impure.o)
 .text          0x00000000        0x0 /local/sdk_elec/gcc-arm-none-eabi-5_2-2015q4/bin/../lib/gcc/arm-none-eabi/5.2.1/../../../../arm-none-eabi/lib/libc.a(lib_a-memcpy-stub.o)
 .data          0x00000000        0x0 /local/sdk_elec/gcc-arm-none-eabi-5_2-2015q4/bin/../lib/gcc/arm-none-eabi/5.2.1/../../../../arm-none-eabi/lib/libc.a(lib_a-memcpy-stub.o)
 .bss           0x00000000        0x0 /local/sdk_elec/gcc-arm-none-eabi-5_2-2015q4/bin/../lib/gcc/arm-none-eabi/5.2.1/../../../../arm-none-eabi/lib/libc.a(lib_a-memcpy-stub.o)

Memory Configuration

Name             Origin             Length             Attributes
FLASH            0x00000000         0x00080000         xr
SRAM1            0x40000000         0x00008000         xrw
SRAM2            0x7fd00000         0x00002000         xrw
*default*        0x00000000         0xffffffff

Linker script and memory map

LOAD user/tp1_ex1.o
LOAD oslib/drivers/startup/board_lowlevel.o
LOAD oslib/drivers/startup/board_stubs.o
LOAD oslib/drivers/target.o
LOAD kernel/alloc.o
LOAD kernel/kernel.o
LOAD kernel/list.o
LOAD kernel/syscall_dispatch.o
LOAD oslib/kernellib.o
LOAD oslib/drivers/startup/board_cstartup.o
LOAD oslib/drivers/lib/liblpc2148.a
START GROUP
LOAD /local/sdk_elec/gcc-arm-none-eabi-5_2-2015q4/bin/../lib/gcc/arm-none-eabi/5.2.1/libgcc.a
LOAD /local/sdk_elec/gcc-arm-none-eabi-5_2-2015q4/bin/../lib/gcc/arm-none-eabi/5.2.1/../../../../arm-none-eabi/lib/libc.a
END GROUP
                0x00000080                USR_STACK_SIZE = 0x80
                0x00000400                IRQ_STACK_SIZE = 0x400
                0x00000000                FIQ_STACK_SIZE = 0x0
                0x00000400                SVC_STACK_SIZE = 0x400
                0x00000000                ABT_STACK_SIZE = 0x0
                0x00000000                UND_STACK_SIZE = 0x0
                0x7fd02000                HEAP_END = 0x7fd02000

.vectors        0x40000000       0x40
 *(.vectors)
 .vectors       0x40000000       0x40 oslib/drivers/startup/board_cstartup.o
                0x40000000                _start

.text           0x40000040     0x1608
 *(.text .text.*)
 .text.code1    0x40000040       0x64 user/tp1_ex1.o
                0x40000040                code1
 .text.code2    0x400000a4       0x64 user/tp1_ex1.o
                0x400000a4                code2
 .text.code3    0x40000108       0x64 user/tp1_ex1.o
                0x40000108                code3
 .text.code4    0x4000016c       0x64 user/tp1_ex1.o
                0x4000016c                code4
 .text.main     0x400001d0       0x58 user/tp1_ex1.o
                0x400001d0                main
 .text.LowLevelInit
                0x40000228      0x154 oslib/drivers/startup/board_lowlevel.o
                0x40000228                LowLevelInit
 .text.on_button_cb
                0x4000037c       0x14 oslib/drivers/target.o
 .text.on_timeout_cb
                0x40000390       0x14 oslib/drivers/target.o
 .text.on_receive_cb
                0x400003a4        0x8 oslib/drivers/target.o
 .text.dev_init
                0x400003ac       0x8c oslib/drivers/target.o
                0x400003ac                dev_init
 .text.minit    0x40000438       0x40 kernel/alloc.o
                0x40000438                minit
 .text.sys_alloc
                0x40000478      0x138 kernel/alloc.o
                0x40000478                sys_alloc
 .text.sys_free
                0x400005b0      0x144 kernel/alloc.o
                0x400005b0                sys_free
 .text.sys_round_robin
                0x400006f4       0x94 kernel/kernel.o
                0x400006f4                sys_round_robin
 .text.sys_os_start
                0x40000788       0x64 kernel/kernel.o
                0x40000788                sys_os_start
 .text.sys_task_new
                0x400007ec      0x14c kernel/kernel.o
                0x400007ec                sys_task_new
 .text.sys_task_id
                0x40000938       0x18 kernel/kernel.o
                0x40000938                sys_task_id
 .text.sys_task_wait
                0x40000950       0x18 kernel/kernel.o
                0x40000950                sys_task_wait
 .text.sys_sem_new
                0x40000968       0x18 kernel/kernel.o
                0x40000968                sys_sem_new
 .text.sys_sem_p
                0x40000980       0x18 kernel/kernel.o
                0x40000980                sys_sem_p
 .text.sys_sem_v
                0x40000998       0x18 kernel/kernel.o
                0x40000998                sys_sem_v
 .text.list_insert_tail
                0x400009b0       0x80 kernel/list.o
                0x400009b0                list_insert_tail
 .text.sys_add  0x40000a30       0x24 kernel/syscall_dispatch.o
                0x40000a30                sys_add
 .text.syscall_dispatch
                0x40000a54      0x15c kernel/syscall_dispatch.o
                0x40000a54                syscall_dispatch
 .text.os_start
                0x40000bb0        0xc oslib/kernellib.o
                0x40000bb0                os_start
 .text.task_new
                0x40000bbc       0x28 oslib/kernellib.o
                0x40000bbc                task_new
 .text.task_id  0x40000be4       0x20 oslib/kernellib.o
                0x40000be4                task_id
 .text.io_configure
                0x40000c04      0x10c oslib/drivers/lib/liblpc2148.a(io.o)
                0x40000c04                io_configure
 .text.timer0_isr
                0x40000d10       0x38 oslib/drivers/lib/liblpc2148.a(timer.o)
                0x40000d10                timer0_isr
 .text.timer1_isr
                0x40000d48       0x38 oslib/drivers/lib/liblpc2148.a(timer.o)
                0x40000d48                timer1_isr
 .text.timer_tick_init
                0x40000d80       0xd4 oslib/drivers/lib/liblpc2148.a(timer.o)
                0x40000d80                timer_tick_init
 .text.timer_start
                0x40000e54        0xc oslib/drivers/lib/liblpc2148.a(timer.o)
                0x40000e54                timer_start
 .text.eint1_isr
                0x40000e60       0x38 oslib/drivers/lib/liblpc2148.a(eint.o)
                0x40000e60                eint1_isr
 .text.eint1_init
                0x40000e98       0x8c oslib/drivers/lib/liblpc2148.a(eint.o)
                0x40000e98                eint1_init
 .text.uart0_isr
                0x40000f24       0xb8 oslib/drivers/lib/liblpc2148.a(uart.o)
                0x40000f24                uart0_isr
 .text.uart1_isr
                0x40000fdc       0x40 oslib/drivers/lib/liblpc2148.a(uart.o)
                0x40000fdc                uart1_isr
 .text.uart_init
                0x4000101c      0x140 oslib/drivers/lib/liblpc2148.a(uart.o)
                0x4000101c                uart_init
 .text.uart_putc
                0x4000115c       0x14 oslib/drivers/lib/liblpc2148.a(uart.o)
                0x4000115c                uart_putc
 .text.uart_puts
                0x40001170       0x38 oslib/drivers/lib/liblpc2148.a(uart.o)
                0x40001170                uart_puts
 .text.uart_printf
                0x400011a8      0x190 oslib/drivers/lib/liblpc2148.a(uart.o)
                0x400011a8                uart_printf
 .text.num2str  0x40001338       0x8c oslib/drivers/lib/liblpc2148.a(util.o)
                0x40001338                num2str
 .text.irq_register_slot
                0x400013c4       0x64 oslib/drivers/lib/liblpc2148.a(irq.o)
                0x400013c4                irq_register_slot
 .text.irq_ack  0x40001428       0x18 oslib/drivers/lib/liblpc2148.a(irq.o)
                0x40001428                irq_ack
 .text          0x40001440      0x114 /local/sdk_elec/gcc-arm-none-eabi-5_2-2015q4/bin/../lib/gcc/arm-none-eabi/5.2.1/libgcc.a(_udivsi3.o)
                0x40001440                __udivsi3
                0x40001440                __aeabi_uidiv
                0x40001534                __aeabi_uidivmod
 .text          0x40001554        0x4 /local/sdk_elec/gcc-arm-none-eabi-5_2-2015q4/bin/../lib/gcc/arm-none-eabi/5.2.1/libgcc.a(_dvmd_tls.o)
                0x40001554                __aeabi_ldiv0
                0x40001554                __aeabi_idiv0
 .text.memcpy   0x40001558       0xf0 /local/sdk_elec/gcc-arm-none-eabi-5_2-2015q4/bin/../lib/gcc/arm-none-eabi/5.2.1/../../../../arm-none-eabi/lib/libc.a(lib_a-memcpy-stub.o)
                0x40001558                memcpy

.glue_7         0x40001648        0x0
 .glue_7        0x40001648        0x0 linker stubs

.glue_7t        0x40001648        0x0
 .glue_7t       0x40001648        0x0 linker stubs

.vfp11_veneer   0x40001648        0x0
 .vfp11_veneer  0x40001648        0x0 linker stubs

.v4_bx          0x40001648        0x0
 .v4_bx         0x40001648        0x0 linker stubs

.iplt           0x40001648        0x0
 .iplt          0x40001648        0x0 user/tp1_ex1.o

.init           0x40001648      0x14c
 .init          0x40001648      0x14c oslib/drivers/startup/board_cstartup.o
                0x4000175c                _exit

.rodata         0x40001794       0x78
 *(.rodata .rodata.*)
 .rodata        0x40001794        0xa user/tp1_ex1.o
 *fill*         0x4000179e        0x2 
 .rodata        0x400017a0       0x58 oslib/drivers/startup/board_lowlevel.o
                0x400017a0                _VIC
                0x400017a4                _PCB
                0x400017a8                _SCB
                0x400017ac                _EXT
                0x400017b0                _IO0
                0x400017b4                _IO1
                0x400017b8                _FIO0
                0x400017bc                _FIO1
                0x400017c0                _TIMER0
                0x400017c4                _TIMER1
                0x400017c8                _PWM
                0x400017cc                _UART0
                0x400017d0                _UART1
                0x400017d4                _I2C0
                0x400017d8                _I2C1
                0x400017dc                _SPI0
                0x400017e0                _SSP
                0x400017e4                _RTC
                0x400017e8                _ADC0
                0x400017ec                _ADC1
                0x400017f0                _DAC
                0x400017f4                _WD
 .rodata        0x400017f8       0x14 oslib/drivers/lib/liblpc2148.a(util.o)

.rel.dyn        0x4000180c        0x0
 .rel.iplt      0x4000180c        0x0 user/tp1_ex1.o

.data           0x4000180c        0x4
                0x4000180c                __data_load = LOADADDR (.data)
                0x4000180c                __data_start = .
 *(.data)
 .data          0x4000180c        0x4 kernel/kernel.o
                0x40001810                . = ALIGN (0x4)
                0x40001810                __data_end = .

.igot.plt       0x40001810        0x0
 .igot.plt      0x40001810        0x0 user/tp1_ex1.o

.bss            0x40001810       0xa8
                0x40001810                __bss_start = .
 *(.bss .bss.*)
 .bss           0x40001810        0xc kernel/kernel.o
                0x40001810                tsk_running
                0x40001814                tsk_sleeping
                0x40001818                saved_ctx
 .bss           0x4000181c        0x8 oslib/drivers/lib/liblpc2148.a(timer.o)
 .bss           0x40001824        0x4 oslib/drivers/lib/liblpc2148.a(eint.o)
 .bss           0x40001828       0x90 oslib/drivers/lib/liblpc2148.a(uart.o)
                0x400018b8                . = ALIGN (0x4)
                0x400018b8                __bss_end = .

.stack          0x7fd00000      0x880
                0x7fd00000                . = ALIGN (0x4)
                0x7fd00000                __stack_start = .
                0x7fd00080                . = (. + USR_STACK_SIZE)
 *fill*         0x7fd00000       0x80 
                0x7fd00080                . = ALIGN (0x4)
                0x7fd00080                __usr_stack_top = .
                0x7fd00480                . = (. + IRQ_STACK_SIZE)
 *fill*         0x7fd00080      0x400 
                0x7fd00480                . = ALIGN (0x4)
                0x7fd00480                __irq_stack_top = .
                0x7fd00480                . = (. + FIQ_STACK_SIZE)
                0x7fd00480                . = ALIGN (0x4)
                0x7fd00480                __fiq_stack_top = .
                0x7fd00880                . = (. + SVC_STACK_SIZE)
 *fill*         0x7fd00480      0x400 
                0x7fd00880                . = ALIGN (0x4)
                0x7fd00880                __svc_stack_top = .
                0x7fd00880                . = (. + ABT_STACK_SIZE)
                0x7fd00880                . = ALIGN (0x4)
                0x7fd00880                __abt_stack_top = .
                0x7fd00880                . = (. + UND_STACK_SIZE)
                0x7fd00880                . = ALIGN (0x4)
                0x7fd00880                __und_stack_top = .
                0x7fd00880                __stack_end = .

.heap           0x7fd00880     0x1780
                0x7fd00880                __heap_start = .
                0x7fd02000                . = ABSOLUTE (HEAP_END)
 *fill*         0x7fd00880     0x1780 
                0x7fd02000                __heap_end = .
OUTPUT(main.elf elf32-littlearm)

.debug_info     0x00000000     0x38f5
 .debug_info    0x00000000      0x223 user/tp1_ex1.o
 .debug_info    0x00000223     0x1075 oslib/drivers/startup/board_lowlevel.o
 .debug_info    0x00001298      0x279 oslib/drivers/target.o
 .debug_info    0x00001511      0x1c7 kernel/alloc.o
 .debug_info    0x000016d8      0x46f kernel/kernel.o
 .debug_info    0x00001b47      0x3ea kernel/list.o
 .debug_info    0x00001f31      0x23a kernel/syscall_dispatch.o
 .debug_info    0x0000216b      0x27e oslib/kernellib.o
 .debug_info    0x000023e9       0x7e oslib/drivers/startup/board_cstartup.o
 .debug_info    0x00002467      0x5a0 oslib/drivers/lib/liblpc2148.a(io.o)
 .debug_info    0x00002a07      0x4af oslib/drivers/lib/liblpc2148.a(timer.o)
 .debug_info    0x00002eb6      0x1aa oslib/drivers/lib/liblpc2148.a(eint.o)
 .debug_info    0x00003060      0x49d oslib/drivers/lib/liblpc2148.a(uart.o)
 .debug_info    0x000034fd      0x16e oslib/drivers/lib/liblpc2148.a(util.o)
 .debug_info    0x0000366b      0x28a oslib/drivers/lib/liblpc2148.a(irq.o)

.debug_abbrev   0x00000000     0x113a
 .debug_abbrev  0x00000000       0xd6 user/tp1_ex1.o
 .debug_abbrev  0x000000d6      0x15c oslib/drivers/startup/board_lowlevel.o
 .debug_abbrev  0x00000232       0xda oslib/drivers/target.o
 .debug_abbrev  0x0000030c       0xdf kernel/alloc.o
 .debug_abbrev  0x000003eb      0x1d5 kernel/kernel.o
 .debug_abbrev  0x000005c0      0x15a kernel/list.o
 .debug_abbrev  0x0000071a       0xf9 kernel/syscall_dispatch.o
 .debug_abbrev  0x00000813      0x107 oslib/kernellib.o
 .debug_abbrev  0x0000091a       0x12 oslib/drivers/startup/board_cstartup.o
 .debug_abbrev  0x0000092c      0x21e oslib/drivers/lib/liblpc2148.a(io.o)
 .debug_abbrev  0x00000b4a      0x140 oslib/drivers/lib/liblpc2148.a(timer.o)
 .debug_abbrev  0x00000c8a       0xf3 oslib/drivers/lib/liblpc2148.a(eint.o)
 .debug_abbrev  0x00000d7d      0x1fd oslib/drivers/lib/liblpc2148.a(uart.o)
 .debug_abbrev  0x00000f7a       0xc7 oslib/drivers/lib/liblpc2148.a(util.o)
 .debug_abbrev  0x00001041       0xf9 oslib/drivers/lib/liblpc2148.a(irq.o)

.debug_aranges  0x00000000      0x3e0
 .debug_aranges
                0x00000000       0x40 user/tp1_ex1.o
 .debug_aranges
                0x00000040       0x28 oslib/drivers/startup/board_lowlevel.o
 .debug_aranges
                0x00000068       0x38 oslib/drivers/target.o
 .debug_aranges
                0x000000a0       0x30 kernel/alloc.o
 .debug_aranges
                0x000000d0       0x60 kernel/kernel.o
 .debug_aranges
                0x00000130       0x48 kernel/list.o
 .debug_aranges
                0x00000178       0x28 kernel/syscall_dispatch.o
 .debug_aranges
                0x000001a0       0x70 oslib/kernellib.o
 .debug_aranges
                0x00000210       0x28 oslib/drivers/startup/board_cstartup.o
 .debug_aranges
                0x00000238       0x70 oslib/drivers/lib/liblpc2148.a(io.o)
 .debug_aranges
                0x000002a8       0x58 oslib/drivers/lib/liblpc2148.a(timer.o)
 .debug_aranges
                0x00000300       0x28 oslib/drivers/lib/liblpc2148.a(eint.o)
 .debug_aranges
                0x00000328       0x58 oslib/drivers/lib/liblpc2148.a(uart.o)
 .debug_aranges
                0x00000380       0x28 oslib/drivers/lib/liblpc2148.a(util.o)
 .debug_aranges
                0x000003a8       0x38 oslib/drivers/lib/liblpc2148.a(irq.o)

.debug_ranges   0x00000000      0x310
 .debug_ranges  0x00000000       0x30 user/tp1_ex1.o
 .debug_ranges  0x00000030       0x18 oslib/drivers/startup/board_lowlevel.o
 .debug_ranges  0x00000048       0x28 oslib/drivers/target.o
 .debug_ranges  0x00000070       0x20 kernel/alloc.o
 .debug_ranges  0x00000090       0x50 kernel/kernel.o
 .debug_ranges  0x000000e0       0x38 kernel/list.o
 .debug_ranges  0x00000118       0x18 kernel/syscall_dispatch.o
 .debug_ranges  0x00000130       0x60 oslib/kernellib.o
 .debug_ranges  0x00000190       0x20 oslib/drivers/startup/board_cstartup.o
 .debug_ranges  0x000001b0       0x78 oslib/drivers/lib/liblpc2148.a(io.o)
 .debug_ranges  0x00000228       0x48 oslib/drivers/lib/liblpc2148.a(timer.o)
 .debug_ranges  0x00000270       0x18 oslib/drivers/lib/liblpc2148.a(eint.o)
 .debug_ranges  0x00000288       0x48 oslib/drivers/lib/liblpc2148.a(uart.o)
 .debug_ranges  0x000002d0       0x18 oslib/drivers/lib/liblpc2148.a(util.o)
 .debug_ranges  0x000002e8       0x28 oslib/drivers/lib/liblpc2148.a(irq.o)

.debug_line     0x00000000     0x106d
 .debug_line    0x00000000      0x103 user/tp1_ex1.o
 .debug_line    0x00000103       0xb9 oslib/drivers/startup/board_lowlevel.o
 .debug_line    0x000001bc       0xad oslib/drivers/target.o
 .debug_line    0x00000269       0xa2 kernel/alloc.o
 .debug_line    0x0000030b      0x1a8 kernel/kernel.o
 .debug_line    0x000004b3      0x134 kernel/list.o
 .debug_line    0x000005e7       0x9a kernel/syscall_dispatch.o
 .debug_line    0x00000681      0x11d oslib/kernellib.o
 .debug_line    0x0000079e       0xcb oslib/drivers/startup/board_cstartup.o
 .debug_line    0x00000869      0x266 oslib/drivers/lib/liblpc2148.a(io.o)
 .debug_line    0x00000acf      0x167 oslib/drivers/lib/liblpc2148.a(timer.o)
 .debug_line    0x00000c36       0xc0 oslib/drivers/lib/liblpc2148.a(eint.o)
 .debug_line    0x00000cf6      0x20d oslib/drivers/lib/liblpc2148.a(uart.o)
 .debug_line    0x00000f03       0x96 oslib/drivers/lib/liblpc2148.a(util.o)
 .debug_line    0x00000f99       0xd4 oslib/drivers/lib/liblpc2148.a(irq.o)

.debug_str      0x00000000      0xaf8
 .debug_str     0x00000000      0x16b user/tp1_ex1.o
                                0x1a4 (size before relaxing)
 .debug_str     0x0000016b      0x372 oslib/drivers/startup/board_lowlevel.o
                                0x4e5 (size before relaxing)
 .debug_str     0x000004dd       0x60 oslib/drivers/target.o
                                0x1e5 (size before relaxing)
 .debug_str     0x0000053d       0x4d kernel/alloc.o
                                0x1ac (size before relaxing)
 .debug_str     0x0000058a      0x163 kernel/kernel.o
                                0x304 (size before relaxing)
 .debug_str     0x000006ed       0x73 kernel/list.o
                                0x29e (size before relaxing)
 .debug_str     0x00000760       0x38 kernel/syscall_dispatch.o
                                0x238 (size before relaxing)
 .debug_str     0x00000798       0x22 oslib/kernellib.o
                                0x1e0 (size before relaxing)
 .debug_str     0x000007ba      0x14c oslib/drivers/lib/liblpc2148.a(io.o)
                                0x204 (size before relaxing)
 .debug_str     0x00000906       0xab oslib/drivers/lib/liblpc2148.a(timer.o)
                                0x210 (size before relaxing)
 .debug_str     0x000009b1       0x49 oslib/drivers/lib/liblpc2148.a(eint.o)
                                0x131 (size before relaxing)
 .debug_str     0x000009fa       0x8e oslib/drivers/lib/liblpc2148.a(uart.o)
                                0x1b5 (size before relaxing)
 .debug_str     0x00000a88       0x19 oslib/drivers/lib/liblpc2148.a(util.o)
                                 0xd5 (size before relaxing)
 .debug_str     0x00000aa1       0x57 oslib/drivers/lib/liblpc2148.a(irq.o)
                                0x1ad (size before relaxing)

.comment        0x00000000       0x98
 .comment       0x00000000       0x6e user/tp1_ex1.o
                                 0x6f (size before relaxing)
 .comment       0x0000006e       0x6f oslib/drivers/startup/board_lowlevel.o
 .comment       0x0000006e       0x6f oslib/drivers/target.o
 .comment       0x0000006e       0x6f kernel/alloc.o
 .comment       0x0000006e       0x6f kernel/kernel.o
 .comment       0x0000006e       0x6f kernel/list.o
 .comment       0x0000006e       0x6f kernel/syscall_dispatch.o
 .comment       0x0000006e       0x6f oslib/kernellib.o
 .comment       0x0000006e       0x2a oslib/drivers/lib/liblpc2148.a(io.o)
                                 0x2b (size before relaxing)
 .comment       0x00000098       0x2b oslib/drivers/lib/liblpc2148.a(timer.o)
 .comment       0x00000098       0x2b oslib/drivers/lib/liblpc2148.a(eint.o)
 .comment       0x00000098       0x2b oslib/drivers/lib/liblpc2148.a(uart.o)
 .comment       0x00000098       0x2b oslib/drivers/lib/liblpc2148.a(util.o)
 .comment       0x00000098       0x2b oslib/drivers/lib/liblpc2148.a(irq.o)

.ARM.attributes
                0x00000000       0x30
 .ARM.attributes
                0x00000000       0x30 user/tp1_ex1.o
 .ARM.attributes
                0x00000030       0x30 oslib/drivers/startup/board_lowlevel.o
 .ARM.attributes
                0x00000060       0x30 oslib/drivers/target.o
 .ARM.attributes
                0x00000090       0x30 kernel/alloc.o
 .ARM.attributes
                0x000000c0       0x30 kernel/kernel.o
 .ARM.attributes
                0x000000f0       0x30 kernel/list.o
 .ARM.attributes
                0x00000120       0x30 kernel/syscall_dispatch.o
 .ARM.attributes
                0x00000150       0x30 oslib/kernellib.o
 .ARM.attributes
                0x00000180       0x16 oslib/drivers/startup/board_cstartup.o
 .ARM.attributes
                0x00000196       0x32 oslib/drivers/lib/liblpc2148.a(io.o)
 .ARM.attributes
                0x000001c8       0x32 oslib/drivers/lib/liblpc2148.a(timer.o)
 .ARM.attributes
                0x000001fa       0x32 oslib/drivers/lib/liblpc2148.a(eint.o)
 .ARM.attributes
                0x0000022c       0x32 oslib/drivers/lib/liblpc2148.a(uart.o)
 .ARM.attributes
                0x0000025e       0x32 oslib/drivers/lib/liblpc2148.a(util.o)
 .ARM.attributes
                0x00000290       0x32 oslib/drivers/lib/liblpc2148.a(irq.o)
 .ARM.attributes
                0x000002c2       0x18 /local/sdk_elec/gcc-arm-none-eabi-5_2-2015q4/bin/../lib/gcc/arm-none-eabi/5.2.1/libgcc.a(_udivsi3.o)
 .ARM.attributes
                0x000002da       0x18 /local/sdk_elec/gcc-arm-none-eabi-5_2-2015q4/bin/../lib/gcc/arm-none-eabi/5.2.1/libgcc.a(_dvmd_tls.o)
 .ARM.attributes
                0x000002f2       0x30 /local/sdk_elec/gcc-arm-none-eabi-5_2-2015q4/bin/../lib/gcc/arm-none-eabi/5.2.1/../../../../arm-none-eabi/lib/libc.a(lib_a-memcpy-stub.o)

.debug_frame    0x00000000      0x860
 .debug_frame   0x00000000       0x8c user/tp1_ex1.o
 .debug_frame   0x0000008c       0x44 oslib/drivers/startup/board_lowlevel.o
 .debug_frame   0x000000d0       0x74 oslib/drivers/target.o
 .debug_frame   0x00000144       0x58 kernel/alloc.o
 .debug_frame   0x0000019c       0xec kernel/kernel.o
 .debug_frame   0x00000288       0xa8 kernel/list.o
 .debug_frame   0x00000330       0x48 kernel/syscall_dispatch.o
 .debug_frame   0x00000378      0x108 oslib/kernellib.o
 .debug_frame   0x00000480      0x110 oslib/drivers/lib/liblpc2148.a(io.o)
 .debug_frame   0x00000590       0xb0 oslib/drivers/lib/liblpc2148.a(timer.o)
 .debug_frame   0x00000640       0x44 oslib/drivers/lib/liblpc2148.a(eint.o)
 .debug_frame   0x00000684       0xdc oslib/drivers/lib/liblpc2148.a(uart.o)
 .debug_frame   0x00000760       0x4c oslib/drivers/lib/liblpc2148.a(util.o)
 .debug_frame   0x000007ac       0x58 oslib/drivers/lib/liblpc2148.a(irq.o)
 .debug_frame   0x00000804       0x20 /local/sdk_elec/gcc-arm-none-eabi-5_2-2015q4/bin/../lib/gcc/arm-none-eabi/5.2.1/libgcc.a(_udivsi3.o)
 .debug_frame   0x00000824       0x3c /local/sdk_elec/gcc-arm-none-eabi-5_2-2015q4/bin/../lib/gcc/arm-none-eabi/5.2.1/../../../../arm-none-eabi/lib/libc.a(lib_a-memcpy-stub.o)

.debug_loc      0x00000000      0xcfb
 .debug_loc     0x00000000      0x616 oslib/drivers/lib/liblpc2148.a(io.o)
 .debug_loc     0x00000616      0x144 oslib/drivers/lib/liblpc2148.a(timer.o)
 .debug_loc     0x0000075a       0x9a oslib/drivers/lib/liblpc2148.a(eint.o)
 .debug_loc     0x000007f4      0x2d1 oslib/drivers/lib/liblpc2148.a(uart.o)
 .debug_loc     0x00000ac5      0x185 oslib/drivers/lib/liblpc2148.a(util.o)
 .debug_loc     0x00000c4a       0xb1 oslib/drivers/lib/liblpc2148.a(irq.o)

.debug_pubnames
                0x00000000      0x271
 .debug_pubnames
                0x00000000       0x9a oslib/drivers/lib/liblpc2148.a(io.o)
 .debug_pubnames
                0x0000009a       0x9e oslib/drivers/lib/liblpc2148.a(timer.o)
 .debug_pubnames
                0x00000138       0x2f oslib/drivers/lib/liblpc2148.a(eint.o)
 .debug_pubnames
                0x00000167       0x87 oslib/drivers/lib/liblpc2148.a(uart.o)
 .debug_pubnames
                0x000001ee       0x2a oslib/drivers/lib/liblpc2148.a(util.o)
 .debug_pubnames
                0x00000218       0x59 oslib/drivers/lib/liblpc2148.a(irq.o)

.debug_pubtypes
                0x00000000      0x182
 .debug_pubtypes
                0x00000000       0x5f oslib/drivers/lib/liblpc2148.a(io.o)
 .debug_pubtypes
                0x0000005f       0x36 oslib/drivers/lib/liblpc2148.a(timer.o)
 .debug_pubtypes
                0x00000095       0x36 oslib/drivers/lib/liblpc2148.a(eint.o)
 .debug_pubtypes
                0x000000cb       0x7a oslib/drivers/lib/liblpc2148.a(uart.o)
 .debug_pubtypes
                0x00000145       0x12 oslib/drivers/lib/liblpc2148.a(util.o)
 .debug_pubtypes
                0x00000157       0x2b oslib/drivers/lib/liblpc2148.a(irq.o)
