Archive member included to satisfy reference by file (symbol)

oslib/drivers/lib/liblpc2148.a(io.o)
                              oslib/drivers/target.o (io_configure)
oslib/drivers/lib/liblpc2148.a(io_asm.o)
                              oslib/drivers/lib/liblpc2148.a(io.o) (io_write_n)
oslib/drivers/lib/liblpc2148.a(lcd.o)
                              oslib/drivers/lib/liblpc2148.a(io.o) (lcd_put_char)
oslib/drivers/lib/liblpc2148.a(timer.o)
                              oslib/drivers/target.o (timer_tick_init)
oslib/drivers/lib/liblpc2148.a(eint.o)
                              oslib/drivers/target.o (eint1_init)
oslib/drivers/lib/liblpc2148.a(uart.o)
                              oslib/drivers/target.o (uart_init)
oslib/drivers/lib/liblpc2148.a(util.o)
                              oslib/drivers/lib/liblpc2148.a(uart.o) (num2str)
oslib/drivers/lib/liblpc2148.a(irq.o)
                              oslib/drivers/lib/liblpc2148.a(timer.o) (irq_register_slot)
/local/sdk_elec/gcc-arm-none-eabi-5_2-2015q4/bin/../lib/gcc/arm-none-eabi/5.2.1/libgcc.a(_udivsi3.o)
                              oslib/drivers/lib/liblpc2148.a(io.o) (__aeabi_uidiv)
/local/sdk_elec/gcc-arm-none-eabi-5_2-2015q4/bin/../lib/gcc/arm-none-eabi/5.2.1/libgcc.a(_dvmd_tls.o)
                              /local/sdk_elec/gcc-arm-none-eabi-5_2-2015q4/bin/../lib/gcc/arm-none-eabi/5.2.1/libgcc.a(_udivsi3.o) (__aeabi_idiv0)
/local/sdk_elec/gcc-arm-none-eabi-5_2-2015q4/bin/../lib/gcc/arm-none-eabi/5.2.1/../../../../arm-none-eabi/lib/libc.a(lib_a-errno.o)
                              oslib/drivers/startup/board_stubs.o (__errno)
/local/sdk_elec/gcc-arm-none-eabi-5_2-2015q4/bin/../lib/gcc/arm-none-eabi/5.2.1/../../../../arm-none-eabi/lib/libc.a(lib_a-impure.o)
                              /local/sdk_elec/gcc-arm-none-eabi-5_2-2015q4/bin/../lib/gcc/arm-none-eabi/5.2.1/../../../../arm-none-eabi/lib/libc.a(lib_a-errno.o) (_impure_ptr)
/local/sdk_elec/gcc-arm-none-eabi-5_2-2015q4/bin/../lib/gcc/arm-none-eabi/5.2.1/../../../../arm-none-eabi/lib/libc.a(lib_a-memcpy-stub.o)
                              kernel/kernel.o (memcpy)

Discarded input sections

 .text          0x00000000        0x0 user/tp1_ex6.o
 .data          0x00000000        0x0 user/tp1_ex6.o
 .text          0x00000000        0x0 oslib/drivers/startup/board_lowlevel.o
 .data          0x00000000        0x0 oslib/drivers/startup/board_lowlevel.o
 .bss           0x00000000        0x0 oslib/drivers/startup/board_lowlevel.o
 .text.default_irq_isr
                0x00000000       0x20 oslib/drivers/startup/board_lowlevel.o
 .text          0x00000000        0x0 oslib/drivers/startup/board_stubs.o
 .data          0x00000000        0x0 oslib/drivers/startup/board_stubs.o
 .bss           0x00000000        0x4 oslib/drivers/startup/board_stubs.o
 .text._sbrk_r  0x00000000       0xa4 oslib/drivers/startup/board_stubs.o
 .debug_info    0x00000000      0x8f4 oslib/drivers/startup/board_stubs.o
 .debug_abbrev  0x00000000      0x1bd oslib/drivers/startup/board_stubs.o
 .debug_aranges
                0x00000000       0x20 oslib/drivers/startup/board_stubs.o
 .debug_ranges  0x00000000       0x10 oslib/drivers/startup/board_stubs.o
 .debug_line    0x00000000      0x16f oslib/drivers/startup/board_stubs.o
 .debug_str     0x00000000      0x576 oslib/drivers/startup/board_stubs.o
 .comment       0x00000000       0x6f oslib/drivers/startup/board_stubs.o
 .debug_frame   0x00000000       0x30 oslib/drivers/startup/board_stubs.o
 .ARM.attributes
                0x00000000       0x30 oslib/drivers/startup/board_stubs.o
 .text          0x00000000        0x0 oslib/drivers/target.o
 .data          0x00000000        0x0 oslib/drivers/target.o
 .bss           0x00000000        0x0 oslib/drivers/target.o
 .text          0x00000000        0x0 kernel/alloc.o
 .data          0x00000000        0x0 kernel/alloc.o
 .bss           0x00000000        0x0 kernel/alloc.o
 .text          0x00000000        0x0 kernel/kernel.o
 .text.sys_task_kill
                0x00000000        0xc kernel/kernel.o
 .text          0x00000000        0x0 kernel/list.o
 .data          0x00000000        0x0 kernel/list.o
 .bss           0x00000000        0x0 kernel/list.o
 .text.list_remove_tail
                0x00000000       0xa4 kernel/list.o
 .rodata        0x00000000       0x1c kernel/list.o
 .text.list_display
                0x00000000       0xf4 kernel/list.o
 .text          0x00000000        0x0 kernel/syscall_dispatch.o
 .data          0x00000000        0x0 kernel/syscall_dispatch.o
 .bss           0x00000000        0x0 kernel/syscall_dispatch.o
 .text          0x00000000        0x0 oslib/kernellib.o
 .data          0x00000000        0x0 oslib/kernellib.o
 .bss           0x00000000        0x0 oslib/kernellib.o
 .text.test_add
                0x00000000       0x28 oslib/kernellib.o
 .text.malloc   0x00000000       0x24 oslib/kernellib.o
 .text.free     0x00000000       0x18 oslib/kernellib.o
 .text.task_kill
                0x00000000        0xc oslib/kernellib.o
 .text          0x00000000        0x0 oslib/drivers/startup/board_cstartup.o
 .data          0x00000000        0x0 oslib/drivers/startup/board_cstartup.o
 .bss           0x00000000        0x0 oslib/drivers/startup/board_cstartup.o
 .text          0x00000000        0x0 oslib/drivers/lib/liblpc2148.a(io.o)
 .data          0x00000000        0xa oslib/drivers/lib/liblpc2148.a(io.o)
 .bss           0x00000000        0x0 oslib/drivers/lib/liblpc2148.a(io.o)
 .text.num2str  0x00000000       0xfc oslib/drivers/lib/liblpc2148.a(io.o)
 .text.leds_and_btns_init
                0x00000000       0x2c oslib/drivers/lib/liblpc2148.a(io.o)
 .text.buttons  0x00000000       0x20 oslib/drivers/lib/liblpc2148.a(io.o)
 .text.button0  0x00000000       0x48 oslib/drivers/lib/liblpc2148.a(io.o)
 .text.button1  0x00000000       0x48 oslib/drivers/lib/liblpc2148.a(io.o)
 .text.button2  0x00000000       0x48 oslib/drivers/lib/liblpc2148.a(io.o)
 .text.button3  0x00000000       0x48 oslib/drivers/lib/liblpc2148.a(io.o)
 .text.button4  0x00000000       0x48 oslib/drivers/lib/liblpc2148.a(io.o)
 .text.lcd_printf
                0x00000000      0x2cc oslib/drivers/lib/liblpc2148.a(io.o)
 .rodata        0x00000000       0x14 oslib/drivers/lib/liblpc2148.a(io.o)
 .data          0x00000000        0x0 oslib/drivers/lib/liblpc2148.a(io_asm.o)
 .bss           0x00000000        0x0 oslib/drivers/lib/liblpc2148.a(io_asm.o)
 .text          0x00000000        0x0 oslib/drivers/lib/liblpc2148.a(lcd.o)
 .data          0x00000000        0x0 oslib/drivers/lib/liblpc2148.a(lcd.o)
 .bss           0x00000000        0x0 oslib/drivers/lib/liblpc2148.a(lcd.o)
 .debug_abbrev  0x00000000      0x194 oslib/drivers/lib/liblpc2148.a(lcd.o)
 .debug_info    0x00000000      0x43d oslib/drivers/lib/liblpc2148.a(lcd.o)
 .debug_line    0x00000000      0x1f8 oslib/drivers/lib/liblpc2148.a(lcd.o)
 .text.lcd_send_data
                0x00000000       0x58 oslib/drivers/lib/liblpc2148.a(lcd.o)
 .text.lcd_send_cmd
                0x00000000       0x58 oslib/drivers/lib/liblpc2148.a(lcd.o)
 .text.lcd_is_busy
                0x00000000       0x84 oslib/drivers/lib/liblpc2148.a(lcd.o)
 .text.lcd_backlight
                0x00000000       0x30 oslib/drivers/lib/liblpc2148.a(lcd.o)
 .text.lcd_display
                0x00000000       0x20 oslib/drivers/lib/liblpc2148.a(lcd.o)
 .text.lcd_mode
                0x00000000       0x20 oslib/drivers/lib/liblpc2148.a(lcd.o)
 .text.lcd_shift
                0x00000000       0x20 oslib/drivers/lib/liblpc2148.a(lcd.o)
 .text.lcd_clear
                0x00000000       0x18 oslib/drivers/lib/liblpc2148.a(lcd.o)
 .text.lcd_home
                0x00000000       0x18 oslib/drivers/lib/liblpc2148.a(lcd.o)
 .text.lcd_goto_xy
                0x00000000       0x38 oslib/drivers/lib/liblpc2148.a(lcd.o)
 .text.lcd_init
                0x00000000      0x104 oslib/drivers/lib/liblpc2148.a(lcd.o)
 .text.lcd_put_char
                0x00000000       0x28 oslib/drivers/lib/liblpc2148.a(lcd.o)
 .text.lcd_put_string
                0x00000000       0x2c oslib/drivers/lib/liblpc2148.a(lcd.o)
 .text.lcd_new_char
                0x00000000       0x44 oslib/drivers/lib/liblpc2148.a(lcd.o)
 .debug_loc     0x00000000      0x394 oslib/drivers/lib/liblpc2148.a(lcd.o)
 .debug_pubnames
                0x00000000       0xbc oslib/drivers/lib/liblpc2148.a(lcd.o)
 .debug_pubtypes
                0x00000000       0x12 oslib/drivers/lib/liblpc2148.a(lcd.o)
 .debug_aranges
                0x00000000       0x88 oslib/drivers/lib/liblpc2148.a(lcd.o)
 .debug_ranges  0x00000000       0x78 oslib/drivers/lib/liblpc2148.a(lcd.o)
 .debug_str     0x00000000      0x191 oslib/drivers/lib/liblpc2148.a(lcd.o)
 .comment       0x00000000       0x2b oslib/drivers/lib/liblpc2148.a(lcd.o)
 .ARM.attributes
                0x00000000       0x32 oslib/drivers/lib/liblpc2148.a(lcd.o)
 .debug_frame   0x00000000      0x154 oslib/drivers/lib/liblpc2148.a(lcd.o)
 .text          0x00000000        0x0 oslib/drivers/lib/liblpc2148.a(timer.o)
 .data          0x00000000        0x0 oslib/drivers/lib/liblpc2148.a(timer.o)
 .text.timer_wait_ms
                0x00000000       0x58 oslib/drivers/lib/liblpc2148.a(timer.o)
 .text.timer_wait_us
                0x00000000       0x54 oslib/drivers/lib/liblpc2148.a(timer.o)
 .text.timer_oneshot_init
                0x00000000       0xd4 oslib/drivers/lib/liblpc2148.a(timer.o)
 .text.timer_stop
                0x00000000        0xc oslib/drivers/lib/liblpc2148.a(timer.o)
 .text          0x00000000        0x0 oslib/drivers/lib/liblpc2148.a(eint.o)
 .data          0x00000000        0x0 oslib/drivers/lib/liblpc2148.a(eint.o)
 .text          0x00000000        0x0 oslib/drivers/lib/liblpc2148.a(uart.o)
 .data          0x00000000        0x0 oslib/drivers/lib/liblpc2148.a(uart.o)
 .text.uart_getc
                0x00000000       0x58 oslib/drivers/lib/liblpc2148.a(uart.o)
 .text.uart_getchar
                0x00000000       0x58 oslib/drivers/lib/liblpc2148.a(uart.o)
 .text          0x00000000        0x0 oslib/drivers/lib/liblpc2148.a(util.o)
 .data          0x00000000        0x0 oslib/drivers/lib/liblpc2148.a(util.o)
 .bss           0x00000000        0x0 oslib/drivers/lib/liblpc2148.a(util.o)
 .text.str2num  0x00000000       0x90 oslib/drivers/lib/liblpc2148.a(util.o)
 .text          0x00000000        0x0 oslib/drivers/lib/liblpc2148.a(irq.o)
 .data          0x00000000        0x0 oslib/drivers/lib/liblpc2148.a(irq.o)
 .bss           0x00000000        0x0 oslib/drivers/lib/liblpc2148.a(irq.o)
 .text.irq_init
                0x00000000       0x18 oslib/drivers/lib/liblpc2148.a(irq.o)
 .text.irq_unregister_slot
                0x00000000       0x40 oslib/drivers/lib/liblpc2148.a(irq.o)
 .data          0x00000000        0x0 /local/sdk_elec/gcc-arm-none-eabi-5_2-2015q4/bin/../lib/gcc/arm-none-eabi/5.2.1/libgcc.a(_udivsi3.o)
 .bss           0x00000000        0x0 /local/sdk_elec/gcc-arm-none-eabi-5_2-2015q4/bin/../lib/gcc/arm-none-eabi/5.2.1/libgcc.a(_udivsi3.o)
 .data          0x00000000        0x0 /local/sdk_elec/gcc-arm-none-eabi-5_2-2015q4/bin/../lib/gcc/arm-none-eabi/5.2.1/libgcc.a(_dvmd_tls.o)
 .bss           0x00000000        0x0 /local/sdk_elec/gcc-arm-none-eabi-5_2-2015q4/bin/../lib/gcc/arm-none-eabi/5.2.1/libgcc.a(_dvmd_tls.o)
 .text          0x00000000        0x0 /local/sdk_elec/gcc-arm-none-eabi-5_2-2015q4/bin/../lib/gcc/arm-none-eabi/5.2.1/../../../../arm-none-eabi/lib/libc.a(lib_a-errno.o)
 .data          0x00000000        0x0 /local/sdk_elec/gcc-arm-none-eabi-5_2-2015q4/bin/../lib/gcc/arm-none-eabi/5.2.1/../../../../arm-none-eabi/lib/libc.a(lib_a-errno.o)
 .bss           0x00000000        0x0 /local/sdk_elec/gcc-arm-none-eabi-5_2-2015q4/bin/../lib/gcc/arm-none-eabi/5.2.1/../../../../arm-none-eabi/lib/libc.a(lib_a-errno.o)
 .text.__errno  0x00000000       0x10 /local/sdk_elec/gcc-arm-none-eabi-5_2-2015q4/bin/../lib/gcc/arm-none-eabi/5.2.1/../../../../arm-none-eabi/lib/libc.a(lib_a-errno.o)
 .debug_frame   0x00000000       0x20 /local/sdk_elec/gcc-arm-none-eabi-5_2-2015q4/bin/../lib/gcc/arm-none-eabi/5.2.1/../../../../arm-none-eabi/lib/libc.a(lib_a-errno.o)
 .ARM.attributes
                0x00000000       0x30 /local/sdk_elec/gcc-arm-none-eabi-5_2-2015q4/bin/../lib/gcc/arm-none-eabi/5.2.1/../../../../arm-none-eabi/lib/libc.a(lib_a-errno.o)
 .text          0x00000000        0x0 /local/sdk_elec/gcc-arm-none-eabi-5_2-2015q4/bin/../lib/gcc/arm-none-eabi/5.2.1/../../../../arm-none-eabi/lib/libc.a(lib_a-impure.o)
 .data          0x00000000        0x0 /local/sdk_elec/gcc-arm-none-eabi-5_2-2015q4/bin/../lib/gcc/arm-none-eabi/5.2.1/../../../../arm-none-eabi/lib/libc.a(lib_a-impure.o)
 .bss           0x00000000        0x0 /local/sdk_elec/gcc-arm-none-eabi-5_2-2015q4/bin/../lib/gcc/arm-none-eabi/5.2.1/../../../../arm-none-eabi/lib/libc.a(lib_a-impure.o)
 .data.impure_data
                0x00000000      0x428 /local/sdk_elec/gcc-arm-none-eabi-5_2-2015q4/bin/../lib/gcc/arm-none-eabi/5.2.1/../../../../arm-none-eabi/lib/libc.a(lib_a-impure.o)
 .data._impure_ptr
                0x00000000        0x4 /local/sdk_elec/gcc-arm-none-eabi-5_2-2015q4/bin/../lib/gcc/arm-none-eabi/5.2.1/../../../../arm-none-eabi/lib/libc.a(lib_a-impure.o)
 .rodata.str1.4
                0x00000000        0x2 /local/sdk_elec/gcc-arm-none-eabi-5_2-2015q4/bin/../lib/gcc/arm-none-eabi/5.2.1/../../../../arm-none-eabi/lib/libc.a(lib_a-impure.o)
 .rodata._global_impure_ptr
                0x00000000        0x4 /local/sdk_elec/gcc-arm-none-eabi-5_2-2015q4/bin/../lib/gcc/arm-none-eabi/5.2.1/../../../../arm-none-eabi/lib/libc.a(lib_a-impure.o)
 .ARM.attributes
                0x00000000       0x30 /local/sdk_elec/gcc-arm-none-eabi-5_2-2015q4/bin/../lib/gcc/arm-none-eabi/5.2.1/../../../../arm-none-eabi/lib/libc.a(lib_a-impure.o)
 .text          0x00000000        0x0 /local/sdk_elec/gcc-arm-none-eabi-5_2-2015q4/bin/../lib/gcc/arm-none-eabi/5.2.1/../../../../arm-none-eabi/lib/libc.a(lib_a-memcpy-stub.o)
 .data          0x00000000        0x0 /local/sdk_elec/gcc-arm-none-eabi-5_2-2015q4/bin/../lib/gcc/arm-none-eabi/5.2.1/../../../../arm-none-eabi/lib/libc.a(lib_a-memcpy-stub.o)
 .bss           0x00000000        0x0 /local/sdk_elec/gcc-arm-none-eabi-5_2-2015q4/bin/../lib/gcc/arm-none-eabi/5.2.1/../../../../arm-none-eabi/lib/libc.a(lib_a-memcpy-stub.o)

Memory Configuration

Name             Origin             Length             Attributes
FLASH            0x00000000         0x00080000         xr
SRAM1            0x40000000         0x00008000         xrw
SRAM2            0x7fd00000         0x00002000         xrw
*default*        0x00000000         0xffffffff

Linker script and memory map

LOAD user/tp1_ex6.o
LOAD oslib/drivers/startup/board_lowlevel.o
LOAD oslib/drivers/startup/board_stubs.o
LOAD oslib/drivers/target.o
LOAD kernel/alloc.o
LOAD kernel/kernel.o
LOAD kernel/list.o
LOAD kernel/syscall_dispatch.o
LOAD oslib/kernellib.o
LOAD oslib/drivers/startup/board_cstartup.o
LOAD oslib/drivers/lib/liblpc2148.a
START GROUP
LOAD /local/sdk_elec/gcc-arm-none-eabi-5_2-2015q4/bin/../lib/gcc/arm-none-eabi/5.2.1/libgcc.a
LOAD /local/sdk_elec/gcc-arm-none-eabi-5_2-2015q4/bin/../lib/gcc/arm-none-eabi/5.2.1/../../../../arm-none-eabi/lib/libc.a
END GROUP
                0x00000080                USR_STACK_SIZE = 0x80
                0x00000400                IRQ_STACK_SIZE = 0x400
                0x00000000                FIQ_STACK_SIZE = 0x0
                0x00000400                SVC_STACK_SIZE = 0x400
                0x00000000                ABT_STACK_SIZE = 0x0
                0x00000000                UND_STACK_SIZE = 0x0
                0x7fd02000                HEAP_END = 0x7fd02000

.vectors        0x40000000       0x40
 *(.vectors)
 .vectors       0x40000000       0x40 oslib/drivers/startup/board_cstartup.o
                0x40000000                _start

.text           0x40000040     0x1b7c
 *(.text .text.*)
 .text.tache1   0x40000040       0x80 user/tp1_ex6.o
                0x40000040                tache1
 .text.tache2   0x400000c0       0x64 user/tp1_ex6.o
                0x400000c0                tache2
 .text.tache3   0x40000124        0x4 user/tp1_ex6.o
                0x40000124                tache3
 .text.main     0x40000128       0x60 user/tp1_ex6.o
                0x40000128                main
 .text.LowLevelInit
                0x40000188      0x154 oslib/drivers/startup/board_lowlevel.o
                0x40000188                LowLevelInit
 .text.on_button_cb
                0x400002dc       0x14 oslib/drivers/target.o
 .text.on_timeout_cb
                0x400002f0       0x14 oslib/drivers/target.o
 .text.on_receive_cb
                0x40000304        0x8 oslib/drivers/target.o
 .text.dev_init
                0x4000030c       0x8c oslib/drivers/target.o
                0x4000030c                dev_init
 .text.minit    0x40000398       0x40 kernel/alloc.o
                0x40000398                minit
 .text.sys_alloc
                0x400003d8      0x138 kernel/alloc.o
                0x400003d8                sys_alloc
 .text.sys_free
                0x40000510      0x144 kernel/alloc.o
                0x40000510                sys_free
 .text.sys_round_robin
                0x40000654      0x1b8 kernel/kernel.o
                0x40000654                sys_round_robin
 .text.sys_os_start
                0x4000080c       0x64 kernel/kernel.o
                0x4000080c                sys_os_start
 .text.sys_task_new
                0x40000870      0x14c kernel/kernel.o
                0x40000870                sys_task_new
 .text.sys_task_id
                0x400009bc       0x18 kernel/kernel.o
                0x400009bc                sys_task_id
 .text.sys_task_wait
                0x400009d4       0xe0 kernel/kernel.o
                0x400009d4                sys_task_wait
 .text.sys_sem_new
                0x40000ab4       0x58 kernel/kernel.o
                0x40000ab4                sys_sem_new
 .text.sys_sem_p
                0x40000b0c       0xfc kernel/kernel.o
                0x40000b0c                sys_sem_p
 .text.sys_sem_v
                0x40000c08       0xdc kernel/kernel.o
                0x40000c08                sys_sem_v
 .text.list_insert_head
                0x40000ce4       0x7c kernel/list.o
                0x40000ce4                list_insert_head
 .text.list_remove_head
                0x40000d60       0x9c kernel/list.o
                0x40000d60                list_remove_head
 .text.list_insert_tail
                0x40000dfc       0x80 kernel/list.o
                0x40000dfc                list_insert_tail
 .text.list_size
                0x40000e7c       0x6c kernel/list.o
                0x40000e7c                list_size
 .text.sys_add  0x40000ee8       0x24 kernel/syscall_dispatch.o
                0x40000ee8                sys_add
 .text.syscall_dispatch
                0x40000f0c      0x15c kernel/syscall_dispatch.o
                0x40000f0c                syscall_dispatch
 .text.os_start
                0x40001068        0xc oslib/kernellib.o
                0x40001068                os_start
 .text.task_new
                0x40001074       0x28 oslib/kernellib.o
                0x40001074                task_new
 .text.task_id  0x4000109c       0x20 oslib/kernellib.o
                0x4000109c                task_id
 .text.task_wait
                0x400010bc       0x18 oslib/kernellib.o
                0x400010bc                task_wait
 .text.sem_new  0x400010d4       0x24 oslib/kernellib.o
                0x400010d4                sem_new
 .text.sem_p    0x400010f8       0x18 oslib/kernellib.o
                0x400010f8                sem_p
 .text.sem_v    0x40001110       0x18 oslib/kernellib.o
                0x40001110                sem_v
 .text.io_configure
                0x40001128      0x10c oslib/drivers/lib/liblpc2148.a(io.o)
                0x40001128                io_configure
 .text.leds     0x40001234       0x24 oslib/drivers/lib/liblpc2148.a(io.o)
                0x40001234                leds
 .text          0x40001258       0x2c oslib/drivers/lib/liblpc2148.a(io_asm.o)
                0x40001258                io_read
                0x40001264                io_write
                0x40001274                io_write_n
 .text.timer0_isr
                0x40001284       0x38 oslib/drivers/lib/liblpc2148.a(timer.o)
                0x40001284                timer0_isr
 .text.timer1_isr
                0x400012bc       0x38 oslib/drivers/lib/liblpc2148.a(timer.o)
                0x400012bc                timer1_isr
 .text.timer_tick_init
                0x400012f4       0xd4 oslib/drivers/lib/liblpc2148.a(timer.o)
                0x400012f4                timer_tick_init
 .text.timer_start
                0x400013c8        0xc oslib/drivers/lib/liblpc2148.a(timer.o)
                0x400013c8                timer_start
 .text.eint1_isr
                0x400013d4       0x38 oslib/drivers/lib/liblpc2148.a(eint.o)
                0x400013d4                eint1_isr
 .text.eint1_init
                0x4000140c       0x8c oslib/drivers/lib/liblpc2148.a(eint.o)
                0x4000140c                eint1_init
 .text.uart0_isr
                0x40001498       0xb8 oslib/drivers/lib/liblpc2148.a(uart.o)
                0x40001498                uart0_isr
 .text.uart1_isr
                0x40001550       0x40 oslib/drivers/lib/liblpc2148.a(uart.o)
                0x40001550                uart1_isr
 .text.uart_init
                0x40001590      0x140 oslib/drivers/lib/liblpc2148.a(uart.o)
                0x40001590                uart_init
 .text.uart_putc
                0x400016d0       0x14 oslib/drivers/lib/liblpc2148.a(uart.o)
                0x400016d0                uart_putc
 .text.uart_puts
                0x400016e4       0x38 oslib/drivers/lib/liblpc2148.a(uart.o)
                0x400016e4                uart_puts
 .text.uart_printf
                0x4000171c      0x190 oslib/drivers/lib/liblpc2148.a(uart.o)
                0x4000171c                uart_printf
 .text.num2str  0x400018ac       0x8c oslib/drivers/lib/liblpc2148.a(util.o)
                0x400018ac                num2str
 .text.irq_register_slot
                0x40001938       0x64 oslib/drivers/lib/liblpc2148.a(irq.o)
                0x40001938                irq_register_slot
 .text.irq_ack  0x4000199c       0x18 oslib/drivers/lib/liblpc2148.a(irq.o)
                0x4000199c                irq_ack
 .text          0x400019b4      0x114 /local/sdk_elec/gcc-arm-none-eabi-5_2-2015q4/bin/../lib/gcc/arm-none-eabi/5.2.1/libgcc.a(_udivsi3.o)
                0x400019b4                __udivsi3
                0x400019b4                __aeabi_uidiv
                0x40001aa8                __aeabi_uidivmod
 .text          0x40001ac8        0x4 /local/sdk_elec/gcc-arm-none-eabi-5_2-2015q4/bin/../lib/gcc/arm-none-eabi/5.2.1/libgcc.a(_dvmd_tls.o)
                0x40001ac8                __aeabi_ldiv0
                0x40001ac8                __aeabi_idiv0
 .text.memcpy   0x40001acc       0xf0 /local/sdk_elec/gcc-arm-none-eabi-5_2-2015q4/bin/../lib/gcc/arm-none-eabi/5.2.1/../../../../arm-none-eabi/lib/libc.a(lib_a-memcpy-stub.o)
                0x40001acc                memcpy

.glue_7         0x40001bbc        0x0
 .glue_7        0x40001bbc        0x0 linker stubs

.glue_7t        0x40001bbc        0x0
 .glue_7t       0x40001bbc        0x0 linker stubs

.vfp11_veneer   0x40001bbc        0x0
 .vfp11_veneer  0x40001bbc        0x0 linker stubs

.v4_bx          0x40001bbc        0x0
 .v4_bx         0x40001bbc        0x0 linker stubs

.iplt           0x40001bbc        0x0
 .iplt          0x40001bbc        0x0 user/tp1_ex6.o

.init           0x40001bbc      0x14c
 .init          0x40001bbc      0x14c oslib/drivers/startup/board_cstartup.o
                0x40001cd0                _exit

.rodata         0x40001d08       0x84
 *(.rodata .rodata.*)
 .rodata        0x40001d08       0x16 user/tp1_ex6.o
 *fill*         0x40001d1e        0x2 
 .rodata        0x40001d20       0x58 oslib/drivers/startup/board_lowlevel.o
                0x40001d20                _VIC
                0x40001d24                _PCB
                0x40001d28                _SCB
                0x40001d2c                _EXT
                0x40001d30                _IO0
                0x40001d34                _IO1
                0x40001d38                _FIO0
                0x40001d3c                _FIO1
                0x40001d40                _TIMER0
                0x40001d44                _TIMER1
                0x40001d48                _PWM
                0x40001d4c                _UART0
                0x40001d50                _UART1
                0x40001d54                _I2C0
                0x40001d58                _I2C1
                0x40001d5c                _SPI0
                0x40001d60                _SSP
                0x40001d64                _RTC
                0x40001d68                _ADC0
                0x40001d6c                _ADC1
                0x40001d70                _DAC
                0x40001d74                _WD
 .rodata        0x40001d78       0x14 oslib/drivers/lib/liblpc2148.a(util.o)

.rel.dyn        0x40001d8c        0x0
 .rel.iplt      0x40001d8c        0x0 user/tp1_ex6.o

.data           0x40001d8c        0x4
                0x40001d8c                __data_load = LOADADDR (.data)
                0x40001d8c                __data_start = .
 *(.data)
 .data          0x40001d8c        0x4 kernel/kernel.o
                0x40001d90                . = ALIGN (0x4)
                0x40001d90                __data_end = .

.igot.plt       0x40001d90        0x0
 .igot.plt      0x40001d90        0x0 user/tp1_ex6.o

.bss            0x40001d90       0xac
                0x40001d90                __bss_start = .
 *(.bss .bss.*)
 .bss           0x40001d90        0x4 user/tp1_ex6.o
                0x40001d90                mutex
 .bss           0x40001d94        0xc kernel/kernel.o
                0x40001d94                tsk_running
                0x40001d98                tsk_sleeping
                0x40001d9c                saved_ctx
 .bss           0x40001da0        0x8 oslib/drivers/lib/liblpc2148.a(timer.o)
 .bss           0x40001da8        0x4 oslib/drivers/lib/liblpc2148.a(eint.o)
 .bss           0x40001dac       0x90 oslib/drivers/lib/liblpc2148.a(uart.o)
                0x40001e3c                . = ALIGN (0x4)
                0x40001e3c                __bss_end = .

.stack          0x7fd00000      0x880
                0x7fd00000                . = ALIGN (0x4)
                0x7fd00000                __stack_start = .
                0x7fd00080                . = (. + USR_STACK_SIZE)
 *fill*         0x7fd00000       0x80 
                0x7fd00080                . = ALIGN (0x4)
                0x7fd00080                __usr_stack_top = .
                0x7fd00480                . = (. + IRQ_STACK_SIZE)
 *fill*         0x7fd00080      0x400 
                0x7fd00480                . = ALIGN (0x4)
                0x7fd00480                __irq_stack_top = .
                0x7fd00480                . = (. + FIQ_STACK_SIZE)
                0x7fd00480                . = ALIGN (0x4)
                0x7fd00480                __fiq_stack_top = .
                0x7fd00880                . = (. + SVC_STACK_SIZE)
 *fill*         0x7fd00480      0x400 
                0x7fd00880                . = ALIGN (0x4)
                0x7fd00880                __svc_stack_top = .
                0x7fd00880                . = (. + ABT_STACK_SIZE)
                0x7fd00880                . = ALIGN (0x4)
                0x7fd00880                __abt_stack_top = .
                0x7fd00880                . = (. + UND_STACK_SIZE)
                0x7fd00880                . = ALIGN (0x4)
                0x7fd00880                __und_stack_top = .
                0x7fd00880                __stack_end = .

.heap           0x7fd00880     0x1780
                0x7fd00880                __heap_start = .
                0x7fd02000                . = ABSOLUTE (HEAP_END)
 *fill*         0x7fd00880     0x1780 
                0x7fd02000                __heap_end = .
OUTPUT(main.elf elf32-littlearm)

.debug_info     0x00000000     0x39a8
 .debug_info    0x00000000      0x1ec user/tp1_ex6.o
 .debug_info    0x000001ec     0x1075 oslib/drivers/startup/board_lowlevel.o
 .debug_info    0x00001261      0x279 oslib/drivers/target.o
 .debug_info    0x000014da      0x1c7 kernel/alloc.o
 .debug_info    0x000016a1      0x4ee kernel/kernel.o
 .debug_info    0x00001b8f      0x3ea kernel/list.o
 .debug_info    0x00001f79      0x23a kernel/syscall_dispatch.o
 .debug_info    0x000021b3      0x27e oslib/kernellib.o
 .debug_info    0x00002431       0x7e oslib/drivers/startup/board_cstartup.o
 .debug_info    0x000024af      0x5a0 oslib/drivers/lib/liblpc2148.a(io.o)
 .debug_info    0x00002a4f       0x6b oslib/drivers/lib/liblpc2148.a(io_asm.o)
 .debug_info    0x00002aba      0x4af oslib/drivers/lib/liblpc2148.a(timer.o)
 .debug_info    0x00002f69      0x1aa oslib/drivers/lib/liblpc2148.a(eint.o)
 .debug_info    0x00003113      0x49d oslib/drivers/lib/liblpc2148.a(uart.o)
 .debug_info    0x000035b0      0x16e oslib/drivers/lib/liblpc2148.a(util.o)
 .debug_info    0x0000371e      0x28a oslib/drivers/lib/liblpc2148.a(irq.o)

.debug_abbrev   0x00000000     0x1164
 .debug_abbrev  0x00000000      0x106 user/tp1_ex6.o
 .debug_abbrev  0x00000106      0x15c oslib/drivers/startup/board_lowlevel.o
 .debug_abbrev  0x00000262       0xda oslib/drivers/target.o
 .debug_abbrev  0x0000033c       0xdf kernel/alloc.o
 .debug_abbrev  0x0000041b      0x1bb kernel/kernel.o
 .debug_abbrev  0x000005d6      0x15a kernel/list.o
 .debug_abbrev  0x00000730       0xf9 kernel/syscall_dispatch.o
 .debug_abbrev  0x00000829      0x107 oslib/kernellib.o
 .debug_abbrev  0x00000930       0x12 oslib/drivers/startup/board_cstartup.o
 .debug_abbrev  0x00000942      0x21e oslib/drivers/lib/liblpc2148.a(io.o)
 .debug_abbrev  0x00000b60       0x14 oslib/drivers/lib/liblpc2148.a(io_asm.o)
 .debug_abbrev  0x00000b74      0x140 oslib/drivers/lib/liblpc2148.a(timer.o)
 .debug_abbrev  0x00000cb4       0xf3 oslib/drivers/lib/liblpc2148.a(eint.o)
 .debug_abbrev  0x00000da7      0x1fd oslib/drivers/lib/liblpc2148.a(uart.o)
 .debug_abbrev  0x00000fa4       0xc7 oslib/drivers/lib/liblpc2148.a(util.o)
 .debug_abbrev  0x0000106b       0xf9 oslib/drivers/lib/liblpc2148.a(irq.o)

.debug_aranges  0x00000000      0x3f8
 .debug_aranges
                0x00000000       0x38 user/tp1_ex6.o
 .debug_aranges
                0x00000038       0x28 oslib/drivers/startup/board_lowlevel.o
 .debug_aranges
                0x00000060       0x38 oslib/drivers/target.o
 .debug_aranges
                0x00000098       0x30 kernel/alloc.o
 .debug_aranges
                0x000000c8       0x60 kernel/kernel.o
 .debug_aranges
                0x00000128       0x48 kernel/list.o
 .debug_aranges
                0x00000170       0x28 kernel/syscall_dispatch.o
 .debug_aranges
                0x00000198       0x70 oslib/kernellib.o
 .debug_aranges
                0x00000208       0x28 oslib/drivers/startup/board_cstartup.o
 .debug_aranges
                0x00000230       0x70 oslib/drivers/lib/liblpc2148.a(io.o)
 .debug_aranges
                0x000002a0       0x20 oslib/drivers/lib/liblpc2148.a(io_asm.o)
 .debug_aranges
                0x000002c0       0x58 oslib/drivers/lib/liblpc2148.a(timer.o)
 .debug_aranges
                0x00000318       0x28 oslib/drivers/lib/liblpc2148.a(eint.o)
 .debug_aranges
                0x00000340       0x58 oslib/drivers/lib/liblpc2148.a(uart.o)
 .debug_aranges
                0x00000398       0x28 oslib/drivers/lib/liblpc2148.a(util.o)
 .debug_aranges
                0x000003c0       0x38 oslib/drivers/lib/liblpc2148.a(irq.o)

.debug_ranges   0x00000000      0x308
 .debug_ranges  0x00000000       0x28 user/tp1_ex6.o
 .debug_ranges  0x00000028       0x18 oslib/drivers/startup/board_lowlevel.o
 .debug_ranges  0x00000040       0x28 oslib/drivers/target.o
 .debug_ranges  0x00000068       0x20 kernel/alloc.o
 .debug_ranges  0x00000088       0x50 kernel/kernel.o
 .debug_ranges  0x000000d8       0x38 kernel/list.o
 .debug_ranges  0x00000110       0x18 kernel/syscall_dispatch.o
 .debug_ranges  0x00000128       0x60 oslib/kernellib.o
 .debug_ranges  0x00000188       0x20 oslib/drivers/startup/board_cstartup.o
 .debug_ranges  0x000001a8       0x78 oslib/drivers/lib/liblpc2148.a(io.o)
 .debug_ranges  0x00000220       0x48 oslib/drivers/lib/liblpc2148.a(timer.o)
 .debug_ranges  0x00000268       0x18 oslib/drivers/lib/liblpc2148.a(eint.o)
 .debug_ranges  0x00000280       0x48 oslib/drivers/lib/liblpc2148.a(uart.o)
 .debug_ranges  0x000002c8       0x18 oslib/drivers/lib/liblpc2148.a(util.o)
 .debug_ranges  0x000002e0       0x28 oslib/drivers/lib/liblpc2148.a(irq.o)

.debug_line     0x00000000     0x1116
 .debug_line    0x00000000      0x109 user/tp1_ex6.o
 .debug_line    0x00000109       0xb9 oslib/drivers/startup/board_lowlevel.o
 .debug_line    0x000001c2       0xad oslib/drivers/target.o
 .debug_line    0x0000026f       0xa2 kernel/alloc.o
 .debug_line    0x00000311      0x1f3 kernel/kernel.o
 .debug_line    0x00000504      0x134 kernel/list.o
 .debug_line    0x00000638       0x9a kernel/syscall_dispatch.o
 .debug_line    0x000006d2      0x11d oslib/kernellib.o
 .debug_line    0x000007ef       0xcb oslib/drivers/startup/board_cstartup.o
 .debug_line    0x000008ba      0x266 oslib/drivers/lib/liblpc2148.a(io.o)
 .debug_line    0x00000b20       0x58 oslib/drivers/lib/liblpc2148.a(io_asm.o)
 .debug_line    0x00000b78      0x167 oslib/drivers/lib/liblpc2148.a(timer.o)
 .debug_line    0x00000cdf       0xc0 oslib/drivers/lib/liblpc2148.a(eint.o)
 .debug_line    0x00000d9f      0x20d oslib/drivers/lib/liblpc2148.a(uart.o)
 .debug_line    0x00000fac       0x96 oslib/drivers/lib/liblpc2148.a(util.o)
 .debug_line    0x00001042       0xd4 oslib/drivers/lib/liblpc2148.a(irq.o)

.debug_str      0x00000000      0xb07
 .debug_str     0x00000000      0x190 user/tp1_ex6.o
                                0x1d3 (size before relaxing)
 .debug_str     0x00000190      0x372 oslib/drivers/startup/board_lowlevel.o
                                0x4e5 (size before relaxing)
 .debug_str     0x00000502       0x49 oslib/drivers/target.o
                                0x1e5 (size before relaxing)
 .debug_str     0x0000054b       0x4d kernel/alloc.o
                                0x1ac (size before relaxing)
 .debug_str     0x00000598      0x164 kernel/kernel.o
                                0x310 (size before relaxing)
 .debug_str     0x000006fc       0x73 kernel/list.o
                                0x29e (size before relaxing)
 .debug_str     0x0000076f       0x38 kernel/syscall_dispatch.o
                                0x238 (size before relaxing)
 .debug_str     0x000007a7       0x22 oslib/kernellib.o
                                0x1e0 (size before relaxing)
 .debug_str     0x000007c9      0x14c oslib/drivers/lib/liblpc2148.a(io.o)
                                0x204 (size before relaxing)
 .debug_str     0x00000915       0xab oslib/drivers/lib/liblpc2148.a(timer.o)
                                0x210 (size before relaxing)
 .debug_str     0x000009c0       0x49 oslib/drivers/lib/liblpc2148.a(eint.o)
                                0x131 (size before relaxing)
 .debug_str     0x00000a09       0x8e oslib/drivers/lib/liblpc2148.a(uart.o)
                                0x1b5 (size before relaxing)
 .debug_str     0x00000a97       0x19 oslib/drivers/lib/liblpc2148.a(util.o)
                                 0xd5 (size before relaxing)
 .debug_str     0x00000ab0       0x57 oslib/drivers/lib/liblpc2148.a(irq.o)
                                0x1ad (size before relaxing)

.comment        0x00000000       0x98
 .comment       0x00000000       0x6e user/tp1_ex6.o
                                 0x6f (size before relaxing)
 .comment       0x0000006e       0x6f oslib/drivers/startup/board_lowlevel.o
 .comment       0x0000006e       0x6f oslib/drivers/target.o
 .comment       0x0000006e       0x6f kernel/alloc.o
 .comment       0x0000006e       0x6f kernel/kernel.o
 .comment       0x0000006e       0x6f kernel/list.o
 .comment       0x0000006e       0x6f kernel/syscall_dispatch.o
 .comment       0x0000006e       0x6f oslib/kernellib.o
 .comment       0x0000006e       0x2a oslib/drivers/lib/liblpc2148.a(io.o)
                                 0x2b (size before relaxing)
 .comment       0x00000098       0x2b oslib/drivers/lib/liblpc2148.a(timer.o)
 .comment       0x00000098       0x2b oslib/drivers/lib/liblpc2148.a(eint.o)
 .comment       0x00000098       0x2b oslib/drivers/lib/liblpc2148.a(uart.o)
 .comment       0x00000098       0x2b oslib/drivers/lib/liblpc2148.a(util.o)
 .comment       0x00000098       0x2b oslib/drivers/lib/liblpc2148.a(irq.o)

.ARM.attributes
                0x00000000       0x30
 .ARM.attributes
                0x00000000       0x30 user/tp1_ex6.o
 .ARM.attributes
                0x00000030       0x30 oslib/drivers/startup/board_lowlevel.o
 .ARM.attributes
                0x00000060       0x30 oslib/drivers/target.o
 .ARM.attributes
                0x00000090       0x30 kernel/alloc.o
 .ARM.attributes
                0x000000c0       0x30 kernel/kernel.o
 .ARM.attributes
                0x000000f0       0x30 kernel/list.o
 .ARM.attributes
                0x00000120       0x30 kernel/syscall_dispatch.o
 .ARM.attributes
                0x00000150       0x30 oslib/kernellib.o
 .ARM.attributes
                0x00000180       0x16 oslib/drivers/startup/board_cstartup.o
 .ARM.attributes
                0x00000196       0x32 oslib/drivers/lib/liblpc2148.a(io.o)
 .ARM.attributes
                0x000001c8       0x16 oslib/drivers/lib/liblpc2148.a(io_asm.o)
 .ARM.attributes
                0x000001de       0x32 oslib/drivers/lib/liblpc2148.a(timer.o)
 .ARM.attributes
                0x00000210       0x32 oslib/drivers/lib/liblpc2148.a(eint.o)
 .ARM.attributes
                0x00000242       0x32 oslib/drivers/lib/liblpc2148.a(uart.o)
 .ARM.attributes
                0x00000274       0x32 oslib/drivers/lib/liblpc2148.a(util.o)
 .ARM.attributes
                0x000002a6       0x32 oslib/drivers/lib/liblpc2148.a(irq.o)
 .ARM.attributes
                0x000002d8       0x18 /local/sdk_elec/gcc-arm-none-eabi-5_2-2015q4/bin/../lib/gcc/arm-none-eabi/5.2.1/libgcc.a(_udivsi3.o)
 .ARM.attributes
                0x000002f0       0x18 /local/sdk_elec/gcc-arm-none-eabi-5_2-2015q4/bin/../lib/gcc/arm-none-eabi/5.2.1/libgcc.a(_dvmd_tls.o)
 .ARM.attributes
                0x00000308       0x30 /local/sdk_elec/gcc-arm-none-eabi-5_2-2015q4/bin/../lib/gcc/arm-none-eabi/5.2.1/../../../../arm-none-eabi/lib/libc.a(lib_a-memcpy-stub.o)

.debug_frame    0x00000000      0x860
 .debug_frame   0x00000000       0x6c user/tp1_ex6.o
 .debug_frame   0x0000006c       0x44 oslib/drivers/startup/board_lowlevel.o
 .debug_frame   0x000000b0       0x74 oslib/drivers/target.o
 .debug_frame   0x00000124       0x58 kernel/alloc.o
 .debug_frame   0x0000017c      0x10c kernel/kernel.o
 .debug_frame   0x00000288       0xa8 kernel/list.o
 .debug_frame   0x00000330       0x48 kernel/syscall_dispatch.o
 .debug_frame   0x00000378      0x108 oslib/kernellib.o
 .debug_frame   0x00000480      0x110 oslib/drivers/lib/liblpc2148.a(io.o)
 .debug_frame   0x00000590       0xb0 oslib/drivers/lib/liblpc2148.a(timer.o)
 .debug_frame   0x00000640       0x44 oslib/drivers/lib/liblpc2148.a(eint.o)
 .debug_frame   0x00000684       0xdc oslib/drivers/lib/liblpc2148.a(uart.o)
 .debug_frame   0x00000760       0x4c oslib/drivers/lib/liblpc2148.a(util.o)
 .debug_frame   0x000007ac       0x58 oslib/drivers/lib/liblpc2148.a(irq.o)
 .debug_frame   0x00000804       0x20 /local/sdk_elec/gcc-arm-none-eabi-5_2-2015q4/bin/../lib/gcc/arm-none-eabi/5.2.1/libgcc.a(_udivsi3.o)
 .debug_frame   0x00000824       0x3c /local/sdk_elec/gcc-arm-none-eabi-5_2-2015q4/bin/../lib/gcc/arm-none-eabi/5.2.1/../../../../arm-none-eabi/lib/libc.a(lib_a-memcpy-stub.o)

.debug_loc      0x00000000      0xcfb
 .debug_loc     0x00000000      0x616 oslib/drivers/lib/liblpc2148.a(io.o)
 .debug_loc     0x00000616      0x144 oslib/drivers/lib/liblpc2148.a(timer.o)
 .debug_loc     0x0000075a       0x9a oslib/drivers/lib/liblpc2148.a(eint.o)
 .debug_loc     0x000007f4      0x2d1 oslib/drivers/lib/liblpc2148.a(uart.o)
 .debug_loc     0x00000ac5      0x185 oslib/drivers/lib/liblpc2148.a(util.o)
 .debug_loc     0x00000c4a       0xb1 oslib/drivers/lib/liblpc2148.a(irq.o)

.debug_pubnames
                0x00000000      0x271
 .debug_pubnames
                0x00000000       0x9a oslib/drivers/lib/liblpc2148.a(io.o)
 .debug_pubnames
                0x0000009a       0x9e oslib/drivers/lib/liblpc2148.a(timer.o)
 .debug_pubnames
                0x00000138       0x2f oslib/drivers/lib/liblpc2148.a(eint.o)
 .debug_pubnames
                0x00000167       0x87 oslib/drivers/lib/liblpc2148.a(uart.o)
 .debug_pubnames
                0x000001ee       0x2a oslib/drivers/lib/liblpc2148.a(util.o)
 .debug_pubnames
                0x00000218       0x59 oslib/drivers/lib/liblpc2148.a(irq.o)

.debug_pubtypes
                0x00000000      0x182
 .debug_pubtypes
                0x00000000       0x5f oslib/drivers/lib/liblpc2148.a(io.o)
 .debug_pubtypes
                0x0000005f       0x36 oslib/drivers/lib/liblpc2148.a(timer.o)
 .debug_pubtypes
                0x00000095       0x36 oslib/drivers/lib/liblpc2148.a(eint.o)
 .debug_pubtypes
                0x000000cb       0x7a oslib/drivers/lib/liblpc2148.a(uart.o)
 .debug_pubtypes
                0x00000145       0x12 oslib/drivers/lib/liblpc2148.a(util.o)
 .debug_pubtypes
                0x00000157       0x2b oslib/drivers/lib/liblpc2148.a(irq.o)
