Archive member included to satisfy reference by file (symbol)

oslib/drivers/lib/liblpc2148.a(io.o)
                              oslib/drivers/target.o (io_configure)
oslib/drivers/lib/liblpc2148.a(io_asm.o)
                              oslib/drivers/lib/liblpc2148.a(io.o) (io_write_n)
oslib/drivers/lib/liblpc2148.a(lcd.o)
                              oslib/drivers/lib/liblpc2148.a(io.o) (lcd_put_char)
oslib/drivers/lib/liblpc2148.a(timer.o)
                              oslib/drivers/target.o (timer_tick_init)
oslib/drivers/lib/liblpc2148.a(eint.o)
                              oslib/drivers/target.o (eint1_init)
oslib/drivers/lib/liblpc2148.a(uart.o)
                              oslib/drivers/target.o (uart_init)
oslib/drivers/lib/liblpc2148.a(util.o)
                              oslib/drivers/lib/liblpc2148.a(uart.o) (num2str)
oslib/drivers/lib/liblpc2148.a(irq.o)
                              oslib/drivers/lib/liblpc2148.a(timer.o) (irq_register_slot)
/local/sdk_elec/gcc-arm-none-eabi-5_2-2015q4/bin/../lib/gcc/arm-none-eabi/5.2.1/libgcc.a(_udivsi3.o)
                              oslib/drivers/lib/liblpc2148.a(io.o) (__aeabi_uidiv)
/local/sdk_elec/gcc-arm-none-eabi-5_2-2015q4/bin/../lib/gcc/arm-none-eabi/5.2.1/libgcc.a(_dvmd_tls.o)
                              /local/sdk_elec/gcc-arm-none-eabi-5_2-2015q4/bin/../lib/gcc/arm-none-eabi/5.2.1/libgcc.a(_udivsi3.o) (__aeabi_idiv0)
/local/sdk_elec/gcc-arm-none-eabi-5_2-2015q4/bin/../lib/gcc/arm-none-eabi/5.2.1/../../../../arm-none-eabi/lib/libc.a(lib_a-errno.o)
                              oslib/drivers/startup/board_stubs.o (__errno)
/local/sdk_elec/gcc-arm-none-eabi-5_2-2015q4/bin/../lib/gcc/arm-none-eabi/5.2.1/../../../../arm-none-eabi/lib/libc.a(lib_a-impure.o)
                              /local/sdk_elec/gcc-arm-none-eabi-5_2-2015q4/bin/../lib/gcc/arm-none-eabi/5.2.1/../../../../arm-none-eabi/lib/libc.a(lib_a-errno.o) (_impure_ptr)
/local/sdk_elec/gcc-arm-none-eabi-5_2-2015q4/bin/../lib/gcc/arm-none-eabi/5.2.1/../../../../arm-none-eabi/lib/libc.a(lib_a-memcpy-stub.o)
                              kernel/kernel.o (memcpy)

Discarded input sections

 .text          0x00000000        0x0 user/tp1_ex5.o
 .data          0x00000000        0x0 user/tp1_ex5.o
 .bss           0x00000000        0x0 user/tp1_ex5.o
 .text          0x00000000        0x0 oslib/drivers/startup/board_lowlevel.o
 .data          0x00000000        0x0 oslib/drivers/startup/board_lowlevel.o
 .bss           0x00000000        0x0 oslib/drivers/startup/board_lowlevel.o
 .text.default_irq_isr
                0x00000000       0x20 oslib/drivers/startup/board_lowlevel.o
 .text          0x00000000        0x0 oslib/drivers/startup/board_stubs.o
 .data          0x00000000        0x0 oslib/drivers/startup/board_stubs.o
 .bss           0x00000000        0x4 oslib/drivers/startup/board_stubs.o
 .text._sbrk_r  0x00000000       0xa4 oslib/drivers/startup/board_stubs.o
 .debug_info    0x00000000      0x8f4 oslib/drivers/startup/board_stubs.o
 .debug_abbrev  0x00000000      0x1bd oslib/drivers/startup/board_stubs.o
 .debug_aranges
                0x00000000       0x20 oslib/drivers/startup/board_stubs.o
 .debug_ranges  0x00000000       0x10 oslib/drivers/startup/board_stubs.o
 .debug_line    0x00000000      0x16f oslib/drivers/startup/board_stubs.o
 .debug_str     0x00000000      0x576 oslib/drivers/startup/board_stubs.o
 .comment       0x00000000       0x6f oslib/drivers/startup/board_stubs.o
 .debug_frame   0x00000000       0x30 oslib/drivers/startup/board_stubs.o
 .ARM.attributes
                0x00000000       0x30 oslib/drivers/startup/board_stubs.o
 .text          0x00000000        0x0 oslib/drivers/target.o
 .data          0x00000000        0x0 oslib/drivers/target.o
 .bss           0x00000000        0x0 oslib/drivers/target.o
 .text          0x00000000        0x0 kernel/alloc.o
 .data          0x00000000        0x0 kernel/alloc.o
 .bss           0x00000000        0x0 kernel/alloc.o
 .text          0x00000000        0x0 kernel/kernel.o
 .text.sys_task_kill
                0x00000000        0xc kernel/kernel.o
 .text          0x00000000        0x0 kernel/list.o
 .data          0x00000000        0x0 kernel/list.o
 .bss           0x00000000        0x0 kernel/list.o
 .text.list_remove_tail
                0x00000000       0xa4 kernel/list.o
 .rodata        0x00000000       0x1c kernel/list.o
 .text.list_display
                0x00000000       0xf4 kernel/list.o
 .text          0x00000000        0x0 kernel/syscall_dispatch.o
 .data          0x00000000        0x0 kernel/syscall_dispatch.o
 .bss           0x00000000        0x0 kernel/syscall_dispatch.o
 .text          0x00000000        0x0 oslib/kernellib.o
 .data          0x00000000        0x0 oslib/kernellib.o
 .bss           0x00000000        0x0 oslib/kernellib.o
 .text.test_add
                0x00000000       0x28 oslib/kernellib.o
 .text.malloc   0x00000000       0x24 oslib/kernellib.o
 .text.free     0x00000000       0x18 oslib/kernellib.o
 .text.task_id  0x00000000       0x20 oslib/kernellib.o
 .text.task_kill
                0x00000000        0xc oslib/kernellib.o
 .text.sem_new  0x00000000       0x24 oslib/kernellib.o
 .text.sem_p    0x00000000       0x18 oslib/kernellib.o
 .text.sem_v    0x00000000       0x18 oslib/kernellib.o
 .text          0x00000000        0x0 oslib/drivers/startup/board_cstartup.o
 .data          0x00000000        0x0 oslib/drivers/startup/board_cstartup.o
 .bss           0x00000000        0x0 oslib/drivers/startup/board_cstartup.o
 .text          0x00000000        0x0 oslib/drivers/lib/liblpc2148.a(io.o)
 .data          0x00000000        0xa oslib/drivers/lib/liblpc2148.a(io.o)
 .bss           0x00000000        0x0 oslib/drivers/lib/liblpc2148.a(io.o)
 .text.num2str  0x00000000       0xfc oslib/drivers/lib/liblpc2148.a(io.o)
 .text.leds_and_btns_init
                0x00000000       0x2c oslib/drivers/lib/liblpc2148.a(io.o)
 .text.buttons  0x00000000       0x20 oslib/drivers/lib/liblpc2148.a(io.o)
 .text.button0  0x00000000       0x48 oslib/drivers/lib/liblpc2148.a(io.o)
 .text.button1  0x00000000       0x48 oslib/drivers/lib/liblpc2148.a(io.o)
 .text.button2  0x00000000       0x48 oslib/drivers/lib/liblpc2148.a(io.o)
 .text.button3  0x00000000       0x48 oslib/drivers/lib/liblpc2148.a(io.o)
 .text.button4  0x00000000       0x48 oslib/drivers/lib/liblpc2148.a(io.o)
 .text.lcd_printf
                0x00000000      0x2cc oslib/drivers/lib/liblpc2148.a(io.o)
 .rodata        0x00000000       0x14 oslib/drivers/lib/liblpc2148.a(io.o)
 .data          0x00000000        0x0 oslib/drivers/lib/liblpc2148.a(io_asm.o)
 .bss           0x00000000        0x0 oslib/drivers/lib/liblpc2148.a(io_asm.o)
 .text          0x00000000        0x0 oslib/drivers/lib/liblpc2148.a(lcd.o)
 .data          0x00000000        0x0 oslib/drivers/lib/liblpc2148.a(lcd.o)
 .bss           0x00000000        0x0 oslib/drivers/lib/liblpc2148.a(lcd.o)
 .debug_abbrev  0x00000000      0x194 oslib/drivers/lib/liblpc2148.a(lcd.o)
 .debug_info    0x00000000      0x43d oslib/drivers/lib/liblpc2148.a(lcd.o)
 .debug_line    0x00000000      0x1f8 oslib/drivers/lib/liblpc2148.a(lcd.o)
 .text.lcd_send_data
                0x00000000       0x58 oslib/drivers/lib/liblpc2148.a(lcd.o)
 .text.lcd_send_cmd
                0x00000000       0x58 oslib/drivers/lib/liblpc2148.a(lcd.o)
 .text.lcd_is_busy
                0x00000000       0x84 oslib/drivers/lib/liblpc2148.a(lcd.o)
 .text.lcd_backlight
                0x00000000       0x30 oslib/drivers/lib/liblpc2148.a(lcd.o)
 .text.lcd_display
                0x00000000       0x20 oslib/drivers/lib/liblpc2148.a(lcd.o)
 .text.lcd_mode
                0x00000000       0x20 oslib/drivers/lib/liblpc2148.a(lcd.o)
 .text.lcd_shift
                0x00000000       0x20 oslib/drivers/lib/liblpc2148.a(lcd.o)
 .text.lcd_clear
                0x00000000       0x18 oslib/drivers/lib/liblpc2148.a(lcd.o)
 .text.lcd_home
                0x00000000       0x18 oslib/drivers/lib/liblpc2148.a(lcd.o)
 .text.lcd_goto_xy
                0x00000000       0x38 oslib/drivers/lib/liblpc2148.a(lcd.o)
 .text.lcd_init
                0x00000000      0x104 oslib/drivers/lib/liblpc2148.a(lcd.o)
 .text.lcd_put_char
                0x00000000       0x28 oslib/drivers/lib/liblpc2148.a(lcd.o)
 .text.lcd_put_string
                0x00000000       0x2c oslib/drivers/lib/liblpc2148.a(lcd.o)
 .text.lcd_new_char
                0x00000000       0x44 oslib/drivers/lib/liblpc2148.a(lcd.o)
 .debug_loc     0x00000000      0x394 oslib/drivers/lib/liblpc2148.a(lcd.o)
 .debug_pubnames
                0x00000000       0xbc oslib/drivers/lib/liblpc2148.a(lcd.o)
 .debug_pubtypes
                0x00000000       0x12 oslib/drivers/lib/liblpc2148.a(lcd.o)
 .debug_aranges
                0x00000000       0x88 oslib/drivers/lib/liblpc2148.a(lcd.o)
 .debug_ranges  0x00000000       0x78 oslib/drivers/lib/liblpc2148.a(lcd.o)
 .debug_str     0x00000000      0x191 oslib/drivers/lib/liblpc2148.a(lcd.o)
 .comment       0x00000000       0x2b oslib/drivers/lib/liblpc2148.a(lcd.o)
 .ARM.attributes
                0x00000000       0x32 oslib/drivers/lib/liblpc2148.a(lcd.o)
 .debug_frame   0x00000000      0x154 oslib/drivers/lib/liblpc2148.a(lcd.o)
 .text          0x00000000        0x0 oslib/drivers/lib/liblpc2148.a(timer.o)
 .data          0x00000000        0x0 oslib/drivers/lib/liblpc2148.a(timer.o)
 .text.timer_wait_ms
                0x00000000       0x58 oslib/drivers/lib/liblpc2148.a(timer.o)
 .text.timer_wait_us
                0x00000000       0x54 oslib/drivers/lib/liblpc2148.a(timer.o)
 .text.timer_oneshot_init
                0x00000000       0xd4 oslib/drivers/lib/liblpc2148.a(timer.o)
 .text.timer_stop
                0x00000000        0xc oslib/drivers/lib/liblpc2148.a(timer.o)
 .text          0x00000000        0x0 oslib/drivers/lib/liblpc2148.a(eint.o)
 .data          0x00000000        0x0 oslib/drivers/lib/liblpc2148.a(eint.o)
 .text          0x00000000        0x0 oslib/drivers/lib/liblpc2148.a(uart.o)
 .data          0x00000000        0x0 oslib/drivers/lib/liblpc2148.a(uart.o)
 .text.uart_getc
                0x00000000       0x58 oslib/drivers/lib/liblpc2148.a(uart.o)
 .text.uart_getchar
                0x00000000       0x58 oslib/drivers/lib/liblpc2148.a(uart.o)
 .text.uart_putc
                0x00000000       0x14 oslib/drivers/lib/liblpc2148.a(uart.o)
 .text.uart_puts
                0x00000000       0x38 oslib/drivers/lib/liblpc2148.a(uart.o)
 .text.uart_printf
                0x00000000      0x190 oslib/drivers/lib/liblpc2148.a(uart.o)
 .text          0x00000000        0x0 oslib/drivers/lib/liblpc2148.a(util.o)
 .data          0x00000000        0x0 oslib/drivers/lib/liblpc2148.a(util.o)
 .bss           0x00000000        0x0 oslib/drivers/lib/liblpc2148.a(util.o)
 .debug_abbrev  0x00000000       0xc7 oslib/drivers/lib/liblpc2148.a(util.o)
 .debug_info    0x00000000      0x16e oslib/drivers/lib/liblpc2148.a(util.o)
 .debug_line    0x00000000       0x96 oslib/drivers/lib/liblpc2148.a(util.o)
 .text.num2str  0x00000000       0x8c oslib/drivers/lib/liblpc2148.a(util.o)
 .text.str2num  0x00000000       0x90 oslib/drivers/lib/liblpc2148.a(util.o)
 .rodata        0x00000000       0x14 oslib/drivers/lib/liblpc2148.a(util.o)
 .debug_loc     0x00000000      0x185 oslib/drivers/lib/liblpc2148.a(util.o)
 .debug_pubnames
                0x00000000       0x2a oslib/drivers/lib/liblpc2148.a(util.o)
 .debug_pubtypes
                0x00000000       0x12 oslib/drivers/lib/liblpc2148.a(util.o)
 .debug_aranges
                0x00000000       0x28 oslib/drivers/lib/liblpc2148.a(util.o)
 .debug_ranges  0x00000000       0x18 oslib/drivers/lib/liblpc2148.a(util.o)
 .debug_str     0x00000000       0xd5 oslib/drivers/lib/liblpc2148.a(util.o)
 .comment       0x00000000       0x2b oslib/drivers/lib/liblpc2148.a(util.o)
 .ARM.attributes
                0x00000000       0x32 oslib/drivers/lib/liblpc2148.a(util.o)
 .debug_frame   0x00000000       0x4c oslib/drivers/lib/liblpc2148.a(util.o)
 .text          0x00000000        0x0 oslib/drivers/lib/liblpc2148.a(irq.o)
 .data          0x00000000        0x0 oslib/drivers/lib/liblpc2148.a(irq.o)
 .bss           0x00000000        0x0 oslib/drivers/lib/liblpc2148.a(irq.o)
 .text.irq_init
                0x00000000       0x18 oslib/drivers/lib/liblpc2148.a(irq.o)
 .text.irq_unregister_slot
                0x00000000       0x40 oslib/drivers/lib/liblpc2148.a(irq.o)
 .data          0x00000000        0x0 /local/sdk_elec/gcc-arm-none-eabi-5_2-2015q4/bin/../lib/gcc/arm-none-eabi/5.2.1/libgcc.a(_udivsi3.o)
 .bss           0x00000000        0x0 /local/sdk_elec/gcc-arm-none-eabi-5_2-2015q4/bin/../lib/gcc/arm-none-eabi/5.2.1/libgcc.a(_udivsi3.o)
 .data          0x00000000        0x0 /local/sdk_elec/gcc-arm-none-eabi-5_2-2015q4/bin/../lib/gcc/arm-none-eabi/5.2.1/libgcc.a(_dvmd_tls.o)
 .bss           0x00000000        0x0 /local/sdk_elec/gcc-arm-none-eabi-5_2-2015q4/bin/../lib/gcc/arm-none-eabi/5.2.1/libgcc.a(_dvmd_tls.o)
 .text          0x00000000        0x0 /local/sdk_elec/gcc-arm-none-eabi-5_2-2015q4/bin/../lib/gcc/arm-none-eabi/5.2.1/../../../../arm-none-eabi/lib/libc.a(lib_a-errno.o)
 .data          0x00000000        0x0 /local/sdk_elec/gcc-arm-none-eabi-5_2-2015q4/bin/../lib/gcc/arm-none-eabi/5.2.1/../../../../arm-none-eabi/lib/libc.a(lib_a-errno.o)
 .bss           0x00000000        0x0 /local/sdk_elec/gcc-arm-none-eabi-5_2-2015q4/bin/../lib/gcc/arm-none-eabi/5.2.1/../../../../arm-none-eabi/lib/libc.a(lib_a-errno.o)
 .text.__errno  0x00000000       0x10 /local/sdk_elec/gcc-arm-none-eabi-5_2-2015q4/bin/../lib/gcc/arm-none-eabi/5.2.1/../../../../arm-none-eabi/lib/libc.a(lib_a-errno.o)
 .debug_frame   0x00000000       0x20 /local/sdk_elec/gcc-arm-none-eabi-5_2-2015q4/bin/../lib/gcc/arm-none-eabi/5.2.1/../../../../arm-none-eabi/lib/libc.a(lib_a-errno.o)
 .ARM.attributes
                0x00000000       0x30 /local/sdk_elec/gcc-arm-none-eabi-5_2-2015q4/bin/../lib/gcc/arm-none-eabi/5.2.1/../../../../arm-none-eabi/lib/libc.a(lib_a-errno.o)
 .text          0x00000000        0x0 /local/sdk_elec/gcc-arm-none-eabi-5_2-2015q4/bin/../lib/gcc/arm-none-eabi/5.2.1/../../../../arm-none-eabi/lib/libc.a(lib_a-impure.o)
 .data          0x00000000        0x0 /local/sdk_elec/gcc-arm-none-eabi-5_2-2015q4/bin/../lib/gcc/arm-none-eabi/5.2.1/../../../../arm-none-eabi/lib/libc.a(lib_a-impure.o)
 .bss           0x00000000        0x0 /local/sdk_elec/gcc-arm-none-eabi-5_2-2015q4/bin/../lib/gcc/arm-none-eabi/5.2.1/../../../../arm-none-eabi/lib/libc.a(lib_a-impure.o)
 .data.impure_data
                0x00000000      0x428 /local/sdk_elec/gcc-arm-none-eabi-5_2-2015q4/bin/../lib/gcc/arm-none-eabi/5.2.1/../../../../arm-none-eabi/lib/libc.a(lib_a-impure.o)
 .data._impure_ptr
                0x00000000        0x4 /local/sdk_elec/gcc-arm-none-eabi-5_2-2015q4/bin/../lib/gcc/arm-none-eabi/5.2.1/../../../../arm-none-eabi/lib/libc.a(lib_a-impure.o)
 .rodata.str1.4
                0x00000000        0x2 /local/sdk_elec/gcc-arm-none-eabi-5_2-2015q4/bin/../lib/gcc/arm-none-eabi/5.2.1/../../../../arm-none-eabi/lib/libc.a(lib_a-impure.o)
 .rodata._global_impure_ptr
                0x00000000        0x4 /local/sdk_elec/gcc-arm-none-eabi-5_2-2015q4/bin/../lib/gcc/arm-none-eabi/5.2.1/../../../../arm-none-eabi/lib/libc.a(lib_a-impure.o)
 .ARM.attributes
                0x00000000       0x30 /local/sdk_elec/gcc-arm-none-eabi-5_2-2015q4/bin/../lib/gcc/arm-none-eabi/5.2.1/../../../../arm-none-eabi/lib/libc.a(lib_a-impure.o)
 .text          0x00000000        0x0 /local/sdk_elec/gcc-arm-none-eabi-5_2-2015q4/bin/../lib/gcc/arm-none-eabi/5.2.1/../../../../arm-none-eabi/lib/libc.a(lib_a-memcpy-stub.o)
 .data          0x00000000        0x0 /local/sdk_elec/gcc-arm-none-eabi-5_2-2015q4/bin/../lib/gcc/arm-none-eabi/5.2.1/../../../../arm-none-eabi/lib/libc.a(lib_a-memcpy-stub.o)
 .bss           0x00000000        0x0 /local/sdk_elec/gcc-arm-none-eabi-5_2-2015q4/bin/../lib/gcc/arm-none-eabi/5.2.1/../../../../arm-none-eabi/lib/libc.a(lib_a-memcpy-stub.o)

Memory Configuration

Name             Origin             Length             Attributes
FLASH            0x00000000         0x00080000         xr
SRAM1            0x40000000         0x00008000         xrw
SRAM2            0x7fd00000         0x00002000         xrw
*default*        0x00000000         0xffffffff

Linker script and memory map

LOAD user/tp1_ex5.o
LOAD oslib/drivers/startup/board_lowlevel.o
LOAD oslib/drivers/startup/board_stubs.o
LOAD oslib/drivers/target.o
LOAD kernel/alloc.o
LOAD kernel/kernel.o
LOAD kernel/list.o
LOAD kernel/syscall_dispatch.o
LOAD oslib/kernellib.o
LOAD oslib/drivers/startup/board_cstartup.o
LOAD oslib/drivers/lib/liblpc2148.a
START GROUP
LOAD /local/sdk_elec/gcc-arm-none-eabi-5_2-2015q4/bin/../lib/gcc/arm-none-eabi/5.2.1/libgcc.a
LOAD /local/sdk_elec/gcc-arm-none-eabi-5_2-2015q4/bin/../lib/gcc/arm-none-eabi/5.2.1/../../../../arm-none-eabi/lib/libc.a
END GROUP
                0x00000080                USR_STACK_SIZE = 0x80
                0x00000400                IRQ_STACK_SIZE = 0x400
                0x00000000                FIQ_STACK_SIZE = 0x0
                0x00000400                SVC_STACK_SIZE = 0x400
                0x00000000                ABT_STACK_SIZE = 0x0
                0x00000000                UND_STACK_SIZE = 0x0
                0x7fd02000                HEAP_END = 0x7fd02000

.vectors        0x40000000       0x40
 *(.vectors)
 .vectors       0x40000000       0x40 oslib/drivers/startup/board_cstartup.o
                0x40000000                _start

.text           0x40000040     0x17d4
 *(.text .text.*)
 .text.tache1   0x40000040       0x40 user/tp1_ex5.o
                0x40000040                tache1
 .text.tache2   0x40000080        0x4 user/tp1_ex5.o
                0x40000080                tache2
 .text.main     0x40000084       0x38 user/tp1_ex5.o
                0x40000084                main
 .text.LowLevelInit
                0x400000bc      0x154 oslib/drivers/startup/board_lowlevel.o
                0x400000bc                LowLevelInit
 .text.on_button_cb
                0x40000210       0x14 oslib/drivers/target.o
 .text.on_timeout_cb
                0x40000224       0x14 oslib/drivers/target.o
 .text.on_receive_cb
                0x40000238        0x8 oslib/drivers/target.o
 .text.dev_init
                0x40000240       0x8c oslib/drivers/target.o
                0x40000240                dev_init
 .text.minit    0x400002cc       0x40 kernel/alloc.o
                0x400002cc                minit
 .text.sys_alloc
                0x4000030c      0x138 kernel/alloc.o
                0x4000030c                sys_alloc
 .text.sys_free
                0x40000444      0x144 kernel/alloc.o
                0x40000444                sys_free
 .text.sys_round_robin
                0x40000588      0x1b8 kernel/kernel.o
                0x40000588                sys_round_robin
 .text.sys_os_start
                0x40000740       0x64 kernel/kernel.o
                0x40000740                sys_os_start
 .text.sys_task_new
                0x400007a4      0x14c kernel/kernel.o
                0x400007a4                sys_task_new
 .text.sys_task_id
                0x400008f0       0x18 kernel/kernel.o
                0x400008f0                sys_task_id
 .text.sys_task_wait
                0x40000908       0xe0 kernel/kernel.o
                0x40000908                sys_task_wait
 .text.sys_sem_new
                0x400009e8       0x58 kernel/kernel.o
                0x400009e8                sys_sem_new
 .text.sys_sem_p
                0x40000a40       0xfc kernel/kernel.o
                0x40000a40                sys_sem_p
 .text.sys_sem_v
                0x40000b3c       0xdc kernel/kernel.o
                0x40000b3c                sys_sem_v
 .text.list_insert_head
                0x40000c18       0x7c kernel/list.o
                0x40000c18                list_insert_head
 .text.list_remove_head
                0x40000c94       0x9c kernel/list.o
                0x40000c94                list_remove_head
 .text.list_insert_tail
                0x40000d30       0x80 kernel/list.o
                0x40000d30                list_insert_tail
 .text.list_size
                0x40000db0       0x6c kernel/list.o
                0x40000db0                list_size
 .text.sys_add  0x40000e1c       0x24 kernel/syscall_dispatch.o
                0x40000e1c                sys_add
 .text.syscall_dispatch
                0x40000e40      0x15c kernel/syscall_dispatch.o
                0x40000e40                syscall_dispatch
 .text.os_start
                0x40000f9c        0xc oslib/kernellib.o
                0x40000f9c                os_start
 .text.task_new
                0x40000fa8       0x28 oslib/kernellib.o
                0x40000fa8                task_new
 .text.task_wait
                0x40000fd0       0x18 oslib/kernellib.o
                0x40000fd0                task_wait
 .text.io_configure
                0x40000fe8      0x10c oslib/drivers/lib/liblpc2148.a(io.o)
                0x40000fe8                io_configure
 .text.leds     0x400010f4       0x24 oslib/drivers/lib/liblpc2148.a(io.o)
                0x400010f4                leds
 .text          0x40001118       0x2c oslib/drivers/lib/liblpc2148.a(io_asm.o)
                0x40001118                io_read
                0x40001124                io_write
                0x40001134                io_write_n
 .text.timer0_isr
                0x40001144       0x38 oslib/drivers/lib/liblpc2148.a(timer.o)
                0x40001144                timer0_isr
 .text.timer1_isr
                0x4000117c       0x38 oslib/drivers/lib/liblpc2148.a(timer.o)
                0x4000117c                timer1_isr
 .text.timer_tick_init
                0x400011b4       0xd4 oslib/drivers/lib/liblpc2148.a(timer.o)
                0x400011b4                timer_tick_init
 .text.timer_start
                0x40001288        0xc oslib/drivers/lib/liblpc2148.a(timer.o)
                0x40001288                timer_start
 .text.eint1_isr
                0x40001294       0x38 oslib/drivers/lib/liblpc2148.a(eint.o)
                0x40001294                eint1_isr
 .text.eint1_init
                0x400012cc       0x8c oslib/drivers/lib/liblpc2148.a(eint.o)
                0x400012cc                eint1_init
 .text.uart0_isr
                0x40001358       0xb8 oslib/drivers/lib/liblpc2148.a(uart.o)
                0x40001358                uart0_isr
 .text.uart1_isr
                0x40001410       0x40 oslib/drivers/lib/liblpc2148.a(uart.o)
                0x40001410                uart1_isr
 .text.uart_init
                0x40001450      0x140 oslib/drivers/lib/liblpc2148.a(uart.o)
                0x40001450                uart_init
 .text.irq_register_slot
                0x40001590       0x64 oslib/drivers/lib/liblpc2148.a(irq.o)
                0x40001590                irq_register_slot
 .text.irq_ack  0x400015f4       0x18 oslib/drivers/lib/liblpc2148.a(irq.o)
                0x400015f4                irq_ack
 .text          0x4000160c      0x114 /local/sdk_elec/gcc-arm-none-eabi-5_2-2015q4/bin/../lib/gcc/arm-none-eabi/5.2.1/libgcc.a(_udivsi3.o)
                0x4000160c                __udivsi3
                0x4000160c                __aeabi_uidiv
                0x40001700                __aeabi_uidivmod
 .text          0x40001720        0x4 /local/sdk_elec/gcc-arm-none-eabi-5_2-2015q4/bin/../lib/gcc/arm-none-eabi/5.2.1/libgcc.a(_dvmd_tls.o)
                0x40001720                __aeabi_ldiv0
                0x40001720                __aeabi_idiv0
 .text.memcpy   0x40001724       0xf0 /local/sdk_elec/gcc-arm-none-eabi-5_2-2015q4/bin/../lib/gcc/arm-none-eabi/5.2.1/../../../../arm-none-eabi/lib/libc.a(lib_a-memcpy-stub.o)
                0x40001724                memcpy

.glue_7         0x40001814        0x0
 .glue_7        0x40001814        0x0 linker stubs

.glue_7t        0x40001814        0x0
 .glue_7t       0x40001814        0x0 linker stubs

.vfp11_veneer   0x40001814        0x0
 .vfp11_veneer  0x40001814        0x0 linker stubs

.v4_bx          0x40001814        0x0
 .v4_bx         0x40001814        0x0 linker stubs

.iplt           0x40001814        0x0
 .iplt          0x40001814        0x0 user/tp1_ex5.o

.init           0x40001814      0x14c
 .init          0x40001814      0x14c oslib/drivers/startup/board_cstartup.o
                0x40001928                _exit

.rodata         0x40001960       0x58
 *(.rodata .rodata.*)
 .rodata        0x40001960       0x58 oslib/drivers/startup/board_lowlevel.o
                0x40001960                _VIC
                0x40001964                _PCB
                0x40001968                _SCB
                0x4000196c                _EXT
                0x40001970                _IO0
                0x40001974                _IO1
                0x40001978                _FIO0
                0x4000197c                _FIO1
                0x40001980                _TIMER0
                0x40001984                _TIMER1
                0x40001988                _PWM
                0x4000198c                _UART0
                0x40001990                _UART1
                0x40001994                _I2C0
                0x40001998                _I2C1
                0x4000199c                _SPI0
                0x400019a0                _SSP
                0x400019a4                _RTC
                0x400019a8                _ADC0
                0x400019ac                _ADC1
                0x400019b0                _DAC
                0x400019b4                _WD

.rel.dyn        0x400019b8        0x0
 .rel.iplt      0x400019b8        0x0 user/tp1_ex5.o

.data           0x400019b8        0x4
                0x400019b8                __data_load = LOADADDR (.data)
                0x400019b8                __data_start = .
 *(.data)
 .data          0x400019b8        0x4 kernel/kernel.o
                0x400019bc                . = ALIGN (0x4)
                0x400019bc                __data_end = .

.igot.plt       0x400019bc        0x0
 .igot.plt      0x400019bc        0x0 user/tp1_ex5.o

.bss            0x400019bc       0xa8
                0x400019bc                __bss_start = .
 *(.bss .bss.*)
 .bss           0x400019bc        0xc kernel/kernel.o
                0x400019bc                tsk_running
                0x400019c0                tsk_sleeping
                0x400019c4                saved_ctx
 .bss           0x400019c8        0x8 oslib/drivers/lib/liblpc2148.a(timer.o)
 .bss           0x400019d0        0x4 oslib/drivers/lib/liblpc2148.a(eint.o)
 .bss           0x400019d4       0x90 oslib/drivers/lib/liblpc2148.a(uart.o)
                0x40001a64                . = ALIGN (0x4)
                0x40001a64                __bss_end = .

.stack          0x7fd00000      0x880
                0x7fd00000                . = ALIGN (0x4)
                0x7fd00000                __stack_start = .
                0x7fd00080                . = (. + USR_STACK_SIZE)
 *fill*         0x7fd00000       0x80 
                0x7fd00080                . = ALIGN (0x4)
                0x7fd00080                __usr_stack_top = .
                0x7fd00480                . = (. + IRQ_STACK_SIZE)
 *fill*         0x7fd00080      0x400 
                0x7fd00480                . = ALIGN (0x4)
                0x7fd00480                __irq_stack_top = .
                0x7fd00480                . = (. + FIQ_STACK_SIZE)
                0x7fd00480                . = ALIGN (0x4)
                0x7fd00480                __fiq_stack_top = .
                0x7fd00880                . = (. + SVC_STACK_SIZE)
 *fill*         0x7fd00480      0x400 
                0x7fd00880                . = ALIGN (0x4)
                0x7fd00880                __svc_stack_top = .
                0x7fd00880                . = (. + ABT_STACK_SIZE)
                0x7fd00880                . = ALIGN (0x4)
                0x7fd00880                __abt_stack_top = .
                0x7fd00880                . = (. + UND_STACK_SIZE)
                0x7fd00880                . = ALIGN (0x4)
                0x7fd00880                __und_stack_top = .
                0x7fd00880                __stack_end = .

.heap           0x7fd00880     0x1780
                0x7fd00880                __heap_start = .
                0x7fd02000                . = ABSOLUTE (HEAP_END)
 *fill*         0x7fd00880     0x1780 
                0x7fd02000                __heap_end = .
OUTPUT(main.elf elf32-littlearm)

.debug_info     0x00000000     0x3724
 .debug_info    0x00000000       0xd6 user/tp1_ex5.o
 .debug_info    0x000000d6     0x1075 oslib/drivers/startup/board_lowlevel.o
 .debug_info    0x0000114b      0x279 oslib/drivers/target.o
 .debug_info    0x000013c4      0x1c7 kernel/alloc.o
 .debug_info    0x0000158b      0x4ee kernel/kernel.o
 .debug_info    0x00001a79      0x3ea kernel/list.o
 .debug_info    0x00001e63      0x23a kernel/syscall_dispatch.o
 .debug_info    0x0000209d      0x27e oslib/kernellib.o
 .debug_info    0x0000231b       0x7e oslib/drivers/startup/board_cstartup.o
 .debug_info    0x00002399      0x5a0 oslib/drivers/lib/liblpc2148.a(io.o)
 .debug_info    0x00002939       0x6b oslib/drivers/lib/liblpc2148.a(io_asm.o)
 .debug_info    0x000029a4      0x4af oslib/drivers/lib/liblpc2148.a(timer.o)
 .debug_info    0x00002e53      0x1aa oslib/drivers/lib/liblpc2148.a(eint.o)
 .debug_info    0x00002ffd      0x49d oslib/drivers/lib/liblpc2148.a(uart.o)
 .debug_info    0x0000349a      0x28a oslib/drivers/lib/liblpc2148.a(irq.o)

.debug_abbrev   0x00000000     0x1023
 .debug_abbrev  0x00000000       0x8c user/tp1_ex5.o
 .debug_abbrev  0x0000008c      0x15c oslib/drivers/startup/board_lowlevel.o
 .debug_abbrev  0x000001e8       0xda oslib/drivers/target.o
 .debug_abbrev  0x000002c2       0xdf kernel/alloc.o
 .debug_abbrev  0x000003a1      0x1bb kernel/kernel.o
 .debug_abbrev  0x0000055c      0x15a kernel/list.o
 .debug_abbrev  0x000006b6       0xf9 kernel/syscall_dispatch.o
 .debug_abbrev  0x000007af      0x107 oslib/kernellib.o
 .debug_abbrev  0x000008b6       0x12 oslib/drivers/startup/board_cstartup.o
 .debug_abbrev  0x000008c8      0x21e oslib/drivers/lib/liblpc2148.a(io.o)
 .debug_abbrev  0x00000ae6       0x14 oslib/drivers/lib/liblpc2148.a(io_asm.o)
 .debug_abbrev  0x00000afa      0x140 oslib/drivers/lib/liblpc2148.a(timer.o)
 .debug_abbrev  0x00000c3a       0xf3 oslib/drivers/lib/liblpc2148.a(eint.o)
 .debug_abbrev  0x00000d2d      0x1fd oslib/drivers/lib/liblpc2148.a(uart.o)
 .debug_abbrev  0x00000f2a       0xf9 oslib/drivers/lib/liblpc2148.a(irq.o)

.debug_aranges  0x00000000      0x3c8
 .debug_aranges
                0x00000000       0x30 user/tp1_ex5.o
 .debug_aranges
                0x00000030       0x28 oslib/drivers/startup/board_lowlevel.o
 .debug_aranges
                0x00000058       0x38 oslib/drivers/target.o
 .debug_aranges
                0x00000090       0x30 kernel/alloc.o
 .debug_aranges
                0x000000c0       0x60 kernel/kernel.o
 .debug_aranges
                0x00000120       0x48 kernel/list.o
 .debug_aranges
                0x00000168       0x28 kernel/syscall_dispatch.o
 .debug_aranges
                0x00000190       0x70 oslib/kernellib.o
 .debug_aranges
                0x00000200       0x28 oslib/drivers/startup/board_cstartup.o
 .debug_aranges
                0x00000228       0x70 oslib/drivers/lib/liblpc2148.a(io.o)
 .debug_aranges
                0x00000298       0x20 oslib/drivers/lib/liblpc2148.a(io_asm.o)
 .debug_aranges
                0x000002b8       0x58 oslib/drivers/lib/liblpc2148.a(timer.o)
 .debug_aranges
                0x00000310       0x28 oslib/drivers/lib/liblpc2148.a(eint.o)
 .debug_aranges
                0x00000338       0x58 oslib/drivers/lib/liblpc2148.a(uart.o)
 .debug_aranges
                0x00000390       0x38 oslib/drivers/lib/liblpc2148.a(irq.o)

.debug_ranges   0x00000000      0x2e8
 .debug_ranges  0x00000000       0x20 user/tp1_ex5.o
 .debug_ranges  0x00000020       0x18 oslib/drivers/startup/board_lowlevel.o
 .debug_ranges  0x00000038       0x28 oslib/drivers/target.o
 .debug_ranges  0x00000060       0x20 kernel/alloc.o
 .debug_ranges  0x00000080       0x50 kernel/kernel.o
 .debug_ranges  0x000000d0       0x38 kernel/list.o
 .debug_ranges  0x00000108       0x18 kernel/syscall_dispatch.o
 .debug_ranges  0x00000120       0x60 oslib/kernellib.o
 .debug_ranges  0x00000180       0x20 oslib/drivers/startup/board_cstartup.o
 .debug_ranges  0x000001a0       0x78 oslib/drivers/lib/liblpc2148.a(io.o)
 .debug_ranges  0x00000218       0x48 oslib/drivers/lib/liblpc2148.a(timer.o)
 .debug_ranges  0x00000260       0x18 oslib/drivers/lib/liblpc2148.a(eint.o)
 .debug_ranges  0x00000278       0x48 oslib/drivers/lib/liblpc2148.a(uart.o)
 .debug_ranges  0x000002c0       0x28 oslib/drivers/lib/liblpc2148.a(irq.o)

.debug_line     0x00000000     0x1006
 .debug_line    0x00000000       0x8f user/tp1_ex5.o
 .debug_line    0x0000008f       0xb9 oslib/drivers/startup/board_lowlevel.o
 .debug_line    0x00000148       0xad oslib/drivers/target.o
 .debug_line    0x000001f5       0xa2 kernel/alloc.o
 .debug_line    0x00000297      0x1f3 kernel/kernel.o
 .debug_line    0x0000048a      0x134 kernel/list.o
 .debug_line    0x000005be       0x9a kernel/syscall_dispatch.o
 .debug_line    0x00000658      0x11d oslib/kernellib.o
 .debug_line    0x00000775       0xcb oslib/drivers/startup/board_cstartup.o
 .debug_line    0x00000840      0x266 oslib/drivers/lib/liblpc2148.a(io.o)
 .debug_line    0x00000aa6       0x58 oslib/drivers/lib/liblpc2148.a(io_asm.o)
 .debug_line    0x00000afe      0x167 oslib/drivers/lib/liblpc2148.a(timer.o)
 .debug_line    0x00000c65       0xc0 oslib/drivers/lib/liblpc2148.a(eint.o)
 .debug_line    0x00000d25      0x20d oslib/drivers/lib/liblpc2148.a(uart.o)
 .debug_line    0x00000f32       0xd4 oslib/drivers/lib/liblpc2148.a(irq.o)

.debug_str      0x00000000      0xae1
 .debug_str     0x00000000      0x147 user/tp1_ex5.o
                                0x186 (size before relaxing)
 .debug_str     0x00000147      0x3a3 oslib/drivers/startup/board_lowlevel.o
                                0x4e5 (size before relaxing)
 .debug_str     0x000004ea       0x49 oslib/drivers/target.o
                                0x1e5 (size before relaxing)
 .debug_str     0x00000533       0x4d kernel/alloc.o
                                0x1ac (size before relaxing)
 .debug_str     0x00000580      0x16f kernel/kernel.o
                                0x310 (size before relaxing)
 .debug_str     0x000006ef       0x73 kernel/list.o
                                0x29e (size before relaxing)
 .debug_str     0x00000762       0x38 kernel/syscall_dispatch.o
                                0x238 (size before relaxing)
 .debug_str     0x0000079a       0x22 oslib/kernellib.o
                                0x1e0 (size before relaxing)
 .debug_str     0x000007bc      0x14c oslib/drivers/lib/liblpc2148.a(io.o)
                                0x204 (size before relaxing)
 .debug_str     0x00000908       0xab oslib/drivers/lib/liblpc2148.a(timer.o)
                                0x210 (size before relaxing)
 .debug_str     0x000009b3       0x49 oslib/drivers/lib/liblpc2148.a(eint.o)
                                0x131 (size before relaxing)
 .debug_str     0x000009fc       0x8e oslib/drivers/lib/liblpc2148.a(uart.o)
                                0x1b5 (size before relaxing)
 .debug_str     0x00000a8a       0x57 oslib/drivers/lib/liblpc2148.a(irq.o)
                                0x1ad (size before relaxing)

.comment        0x00000000       0x98
 .comment       0x00000000       0x6e user/tp1_ex5.o
                                 0x6f (size before relaxing)
 .comment       0x0000006e       0x6f oslib/drivers/startup/board_lowlevel.o
 .comment       0x0000006e       0x6f oslib/drivers/target.o
 .comment       0x0000006e       0x6f kernel/alloc.o
 .comment       0x0000006e       0x6f kernel/kernel.o
 .comment       0x0000006e       0x6f kernel/list.o
 .comment       0x0000006e       0x6f kernel/syscall_dispatch.o
 .comment       0x0000006e       0x6f oslib/kernellib.o
 .comment       0x0000006e       0x2a oslib/drivers/lib/liblpc2148.a(io.o)
                                 0x2b (size before relaxing)
 .comment       0x00000098       0x2b oslib/drivers/lib/liblpc2148.a(timer.o)
 .comment       0x00000098       0x2b oslib/drivers/lib/liblpc2148.a(eint.o)
 .comment       0x00000098       0x2b oslib/drivers/lib/liblpc2148.a(uart.o)
 .comment       0x00000098       0x2b oslib/drivers/lib/liblpc2148.a(irq.o)

.ARM.attributes
                0x00000000       0x30
 .ARM.attributes
                0x00000000       0x30 user/tp1_ex5.o
 .ARM.attributes
                0x00000030       0x30 oslib/drivers/startup/board_lowlevel.o
 .ARM.attributes
                0x00000060       0x30 oslib/drivers/target.o
 .ARM.attributes
                0x00000090       0x30 kernel/alloc.o
 .ARM.attributes
                0x000000c0       0x30 kernel/kernel.o
 .ARM.attributes
                0x000000f0       0x30 kernel/list.o
 .ARM.attributes
                0x00000120       0x30 kernel/syscall_dispatch.o
 .ARM.attributes
                0x00000150       0x30 oslib/kernellib.o
 .ARM.attributes
                0x00000180       0x16 oslib/drivers/startup/board_cstartup.o
 .ARM.attributes
                0x00000196       0x32 oslib/drivers/lib/liblpc2148.a(io.o)
 .ARM.attributes
                0x000001c8       0x16 oslib/drivers/lib/liblpc2148.a(io_asm.o)
 .ARM.attributes
                0x000001de       0x32 oslib/drivers/lib/liblpc2148.a(timer.o)
 .ARM.attributes
                0x00000210       0x32 oslib/drivers/lib/liblpc2148.a(eint.o)
 .ARM.attributes
                0x00000242       0x32 oslib/drivers/lib/liblpc2148.a(uart.o)
 .ARM.attributes
                0x00000274       0x32 oslib/drivers/lib/liblpc2148.a(irq.o)
 .ARM.attributes
                0x000002a6       0x18 /local/sdk_elec/gcc-arm-none-eabi-5_2-2015q4/bin/../lib/gcc/arm-none-eabi/5.2.1/libgcc.a(_udivsi3.o)
 .ARM.attributes
                0x000002be       0x18 /local/sdk_elec/gcc-arm-none-eabi-5_2-2015q4/bin/../lib/gcc/arm-none-eabi/5.2.1/libgcc.a(_dvmd_tls.o)
 .ARM.attributes
                0x000002d6       0x30 /local/sdk_elec/gcc-arm-none-eabi-5_2-2015q4/bin/../lib/gcc/arm-none-eabi/5.2.1/../../../../arm-none-eabi/lib/libc.a(lib_a-memcpy-stub.o)

.debug_frame    0x00000000      0x7fc
 .debug_frame   0x00000000       0x54 user/tp1_ex5.o
 .debug_frame   0x00000054       0x44 oslib/drivers/startup/board_lowlevel.o
 .debug_frame   0x00000098       0x74 oslib/drivers/target.o
 .debug_frame   0x0000010c       0x58 kernel/alloc.o
 .debug_frame   0x00000164      0x10c kernel/kernel.o
 .debug_frame   0x00000270       0xa8 kernel/list.o
 .debug_frame   0x00000318       0x48 kernel/syscall_dispatch.o
 .debug_frame   0x00000360      0x108 oslib/kernellib.o
 .debug_frame   0x00000468      0x110 oslib/drivers/lib/liblpc2148.a(io.o)
 .debug_frame   0x00000578       0xb0 oslib/drivers/lib/liblpc2148.a(timer.o)
 .debug_frame   0x00000628       0x44 oslib/drivers/lib/liblpc2148.a(eint.o)
 .debug_frame   0x0000066c       0xdc oslib/drivers/lib/liblpc2148.a(uart.o)
 .debug_frame   0x00000748       0x58 oslib/drivers/lib/liblpc2148.a(irq.o)
 .debug_frame   0x000007a0       0x20 /local/sdk_elec/gcc-arm-none-eabi-5_2-2015q4/bin/../lib/gcc/arm-none-eabi/5.2.1/libgcc.a(_udivsi3.o)
 .debug_frame   0x000007c0       0x3c /local/sdk_elec/gcc-arm-none-eabi-5_2-2015q4/bin/../lib/gcc/arm-none-eabi/5.2.1/../../../../arm-none-eabi/lib/libc.a(lib_a-memcpy-stub.o)

.debug_loc      0x00000000      0xb76
 .debug_loc     0x00000000      0x616 oslib/drivers/lib/liblpc2148.a(io.o)
 .debug_loc     0x00000616      0x144 oslib/drivers/lib/liblpc2148.a(timer.o)
 .debug_loc     0x0000075a       0x9a oslib/drivers/lib/liblpc2148.a(eint.o)
 .debug_loc     0x000007f4      0x2d1 oslib/drivers/lib/liblpc2148.a(uart.o)
 .debug_loc     0x00000ac5       0xb1 oslib/drivers/lib/liblpc2148.a(irq.o)

.debug_pubnames
                0x00000000      0x247
 .debug_pubnames
                0x00000000       0x9a oslib/drivers/lib/liblpc2148.a(io.o)
 .debug_pubnames
                0x0000009a       0x9e oslib/drivers/lib/liblpc2148.a(timer.o)
 .debug_pubnames
                0x00000138       0x2f oslib/drivers/lib/liblpc2148.a(eint.o)
 .debug_pubnames
                0x00000167       0x87 oslib/drivers/lib/liblpc2148.a(uart.o)
 .debug_pubnames
                0x000001ee       0x59 oslib/drivers/lib/liblpc2148.a(irq.o)

.debug_pubtypes
                0x00000000      0x170
 .debug_pubtypes
                0x00000000       0x5f oslib/drivers/lib/liblpc2148.a(io.o)
 .debug_pubtypes
                0x0000005f       0x36 oslib/drivers/lib/liblpc2148.a(timer.o)
 .debug_pubtypes
                0x00000095       0x36 oslib/drivers/lib/liblpc2148.a(eint.o)
 .debug_pubtypes
                0x000000cb       0x7a oslib/drivers/lib/liblpc2148.a(uart.o)
 .debug_pubtypes
                0x00000145       0x2b oslib/drivers/lib/liblpc2148.a(irq.o)
