Archive member included to satisfy reference by file (symbol)

oslib/drivers/lib/liblpc2148.a(io.o)
                              oslib/drivers/lib/diskio.o (io_configure)
oslib/drivers/lib/liblpc2148.a(io_asm.o)
                              oslib/drivers/lib/liblpc2148.a(io.o) (io_write_n)
oslib/drivers/lib/liblpc2148.a(lcd.o)
                              oslib/drivers/lib/liblpc2148.a(io.o) (lcd_put_char)
oslib/drivers/lib/liblpc2148.a(timer.o)
                              oslib/drivers/target.o (timer_tick_init)
oslib/drivers/lib/liblpc2148.a(eint.o)
                              oslib/drivers/target.o (eint1_init)
oslib/drivers/lib/liblpc2148.a(uart.o)
                              oslib/drivers/target.o (uart_init)
oslib/drivers/lib/liblpc2148.a(util.o)
                              oslib/drivers/lib/liblpc2148.a(uart.o) (num2str)
oslib/drivers/lib/liblpc2148.a(irq.o)
                              oslib/drivers/lib/liblpc2148.a(timer.o) (irq_register_slot)
kernel/libkernel.a(kernel.o)  oslib/drivers/target.o (sys_round_robin)
kernel/libkernel.a(list.o)    kernel/libkernel.a(kernel.o) (list_insert_head)
kernel/libkernel.a(syscall_dispatch.o)
                              oslib/drivers/startup/board_cstartup.o (syscall_dispatch)
kernel/libkernel.a(alloc.o)   oslib/drivers/target.o (minit)
/local/sdk_elec/gcc-arm-none-eabi-5_2-2015q4/bin/../lib/gcc/arm-none-eabi/5.2.1/libgcc.a(_udivsi3.o)
                              oslib/termio.o (__aeabi_uidiv)
/local/sdk_elec/gcc-arm-none-eabi-5_2-2015q4/bin/../lib/gcc/arm-none-eabi/5.2.1/libgcc.a(_dvmd_tls.o)
                              /local/sdk_elec/gcc-arm-none-eabi-5_2-2015q4/bin/../lib/gcc/arm-none-eabi/5.2.1/libgcc.a(_udivsi3.o) (__aeabi_idiv0)
/local/sdk_elec/gcc-arm-none-eabi-5_2-2015q4/bin/../lib/gcc/arm-none-eabi/5.2.1/../../../../arm-none-eabi/lib/libc.a(lib_a-ctype_.o)
                              user/lexer.o (__ctype_ptr__)
/local/sdk_elec/gcc-arm-none-eabi-5_2-2015q4/bin/../lib/gcc/arm-none-eabi/5.2.1/../../../../arm-none-eabi/lib/libc.a(lib_a-errno.o)
                              oslib/drivers/startup/board_stubs.o (__errno)
/local/sdk_elec/gcc-arm-none-eabi-5_2-2015q4/bin/../lib/gcc/arm-none-eabi/5.2.1/../../../../arm-none-eabi/lib/libc.a(lib_a-impure.o)
                              /local/sdk_elec/gcc-arm-none-eabi-5_2-2015q4/bin/../lib/gcc/arm-none-eabi/5.2.1/../../../../arm-none-eabi/lib/libc.a(lib_a-errno.o) (_impure_ptr)
/local/sdk_elec/gcc-arm-none-eabi-5_2-2015q4/bin/../lib/gcc/arm-none-eabi/5.2.1/../../../../arm-none-eabi/lib/libc.a(lib_a-memcpy-stub.o)
                              oslib/drivers/target.o (memcpy)
/local/sdk_elec/gcc-arm-none-eabi-5_2-2015q4/bin/../lib/gcc/arm-none-eabi/5.2.1/../../../../arm-none-eabi/lib/libc.a(lib_a-memmove.o)
                              oslib/termio.o (memmove)
/local/sdk_elec/gcc-arm-none-eabi-5_2-2015q4/bin/../lib/gcc/arm-none-eabi/5.2.1/../../../../arm-none-eabi/lib/libc.a(lib_a-strcmp.o)
                              user/lexer.o (strcmp)
/local/sdk_elec/gcc-arm-none-eabi-5_2-2015q4/bin/../lib/gcc/arm-none-eabi/5.2.1/../../../../arm-none-eabi/lib/libc.a(lib_a-strcpy.o)
                              oslib/vfs.o (strcpy)
/local/sdk_elec/gcc-arm-none-eabi-5_2-2015q4/bin/../lib/gcc/arm-none-eabi/5.2.1/../../../../arm-none-eabi/lib/libc.a(lib_a-strlen-stub.o)
                              oslib/drivers/target.o (strlen)

Allocating common symbols
Common symbol       size              file

fs                  0x1c              oslib/fat.o
opened_fds          0x50              oslib/vfs.o
buffer              0x32              user/tp2_ex5.o
token_val           0x4               user/lexer.o
token               0x1               user/lexer.o
token_str           0x50              user/lexer.o

Discarded input sections

 .text          0x00000000        0x0 user/tp2_ex5.o
 .data          0x00000000        0x0 user/tp2_ex5.o
 .bss           0x00000000        0x0 user/tp2_ex5.o
 .text          0x00000000        0x0 user/lexer.o
 .data          0x00000000       0x51 user/lexer.o
 .bss           0x00000000        0x8 user/lexer.o
 .text.lexer_reset
                0x00000000       0x38 user/lexer.o
 .text.skip_space
                0x00000000       0x4c user/lexer.o
 .text.scan_word
                0x00000000      0x1fc user/lexer.o
 .text.scan_number
                0x00000000      0x2a8 user/lexer.o
 .text.next_token
                0x00000000      0x2bc user/lexer.o
 .debug_info    0x00000000      0x2b5 user/lexer.o
 .debug_abbrev  0x00000000      0x173 user/lexer.o
 .debug_aranges
                0x00000000       0x40 user/lexer.o
 .debug_ranges  0x00000000       0x30 user/lexer.o
 .debug_line    0x00000000      0x247 user/lexer.o
 .debug_str     0x00000000      0x283 user/lexer.o
 .comment       0x00000000       0x6f user/lexer.o
 .debug_frame   0x00000000       0x90 user/lexer.o
 .ARM.attributes
                0x00000000       0x30 user/lexer.o
 COMMON         0x00000000       0x58 user/lexer.o
 .text          0x00000000        0x0 oslib/drivers/startup/board_lowlevel.o
 .data          0x00000000        0x0 oslib/drivers/startup/board_lowlevel.o
 .bss           0x00000000        0x0 oslib/drivers/startup/board_lowlevel.o
 .text.default_irq_isr
                0x00000000       0x20 oslib/drivers/startup/board_lowlevel.o
 .text          0x00000000        0x0 oslib/drivers/startup/board_stubs.o
 .data          0x00000000        0x0 oslib/drivers/startup/board_stubs.o
 .bss           0x00000000        0x4 oslib/drivers/startup/board_stubs.o
 .text._sbrk_r  0x00000000       0xa4 oslib/drivers/startup/board_stubs.o
 .debug_info    0x00000000      0x8f4 oslib/drivers/startup/board_stubs.o
 .debug_abbrev  0x00000000      0x1bd oslib/drivers/startup/board_stubs.o
 .debug_aranges
                0x00000000       0x20 oslib/drivers/startup/board_stubs.o
 .debug_ranges  0x00000000       0x10 oslib/drivers/startup/board_stubs.o
 .debug_line    0x00000000      0x16f oslib/drivers/startup/board_stubs.o
 .debug_str     0x00000000      0x576 oslib/drivers/startup/board_stubs.o
 .comment       0x00000000       0x6f oslib/drivers/startup/board_stubs.o
 .debug_frame   0x00000000       0x30 oslib/drivers/startup/board_stubs.o
 .ARM.attributes
                0x00000000       0x30 oslib/drivers/startup/board_stubs.o
 .text          0x00000000        0x0 oslib/drivers/lib/diskio.o
 .text.xchg_spi
                0x00000000       0x6c oslib/drivers/lib/diskio.o
 .text.rcvr_spi_multi
                0x00000000       0x64 oslib/drivers/lib/diskio.o
 .text.xmit_spi_multi
                0x00000000       0x60 oslib/drivers/lib/diskio.o
 .text.wait_ready
                0x00000000       0x6c oslib/drivers/lib/diskio.o
 .text.deselect
                0x00000000       0x2c oslib/drivers/lib/diskio.o
 .text.select   0x00000000       0x50 oslib/drivers/lib/diskio.o
 .text.power_on
                0x00000000       0x98 oslib/drivers/lib/diskio.o
 .text.power_off
                0x00000000       0x18 oslib/drivers/lib/diskio.o
 .text.rcvr_datablock
                0x00000000       0x90 oslib/drivers/lib/diskio.o
 .text.xmit_datablock
                0x00000000       0xa0 oslib/drivers/lib/diskio.o
 .text.send_cmd
                0x00000000      0x180 oslib/drivers/lib/diskio.o
 .text.disk_initialize
                0x00000000      0x2f4 oslib/drivers/lib/diskio.o
 .text.disk_status
                0x00000000       0x18 oslib/drivers/lib/diskio.o
 .text.disk_read
                0x00000000      0x14c oslib/drivers/lib/diskio.o
 .text.disk_write
                0x00000000      0x1a4 oslib/drivers/lib/diskio.o
 .text.disk_ioctl
                0x00000000      0x674 oslib/drivers/lib/diskio.o
 .text          0x00000000        0x0 oslib/drivers/target.o
 .text.dev_open_btn
                0x00000000       0xbc oslib/drivers/target.o
 .text.dev_close_btn
                0x00000000       0x5c oslib/drivers/target.o
 .text          0x00000000        0x0 oslib/kernellib.o
 .data          0x00000000        0x0 oslib/kernellib.o
 .bss           0x00000000        0x0 oslib/kernellib.o
 .text.test_add
                0x00000000       0x28 oslib/kernellib.o
 .text.task_id  0x00000000       0x20 oslib/kernellib.o
 .text.task_yield
                0x00000000        0xc oslib/kernellib.o
 .text.task_wait
                0x00000000       0x18 oslib/kernellib.o
 .text          0x00000000        0x0 oslib/libc.o
 .data          0x00000000        0x0 oslib/libc.o
 .bss           0x00000000        0x0 oslib/libc.o
 .text          0x00000000        0x0 oslib/vfs.o
 .data          0x00000000        0x0 oslib/vfs.o
 .bss           0x00000000        0x0 oslib/vfs.o
 .text.mount    0x00000000       0x2c oslib/vfs.o
 .text.close    0x00000000       0x78 oslib/vfs.o
 .text.ioctl    0x00000000       0x80 oslib/vfs.o
 .text.lseek    0x00000000       0x50 oslib/vfs.o
 .text.readdir  0x00000000      0x1b4 oslib/vfs.o
 .text          0x00000000        0x0 oslib/termio.o
 .text.term_up  0x00000000       0x48 oslib/termio.o
 .text.term_down
                0x00000000       0x48 oslib/termio.o
 .text.term_get_rows
                0x00000000       0x14 oslib/termio.o
 .text.term_get_cols
                0x00000000       0x14 oslib/termio.o
 .text.term_get_cx
                0x00000000       0x14 oslib/termio.o
 .text.term_get_cy
                0x00000000       0x14 oslib/termio.o
 .text          0x00000000        0x0 oslib/fat.o
 .data          0x00000000       0x34 oslib/fat.o
 .bss           0x00000000      0x200 oslib/fat.o
 .rodata        0x00000000      0x17c oslib/fat.o
 .text.fat_mount
                0x00000000      0x2ac oslib/fat.o
 .text.next_cluster
                0x00000000       0x1c oslib/fat.o
 .text.cluster2sector
                0x00000000       0x1c oslib/fat.o
 .text.cpy_name
                0x00000000      0x178 oslib/fat.o
 .text.fat_get_info
                0x00000000       0x6c oslib/fat.o
 .text.fat_next_dir
                0x00000000      0x1f8 oslib/fat.o
 .text.fat_read
                0x00000000       0xac oslib/fat.o
 .text.dev_fs_init
                0x00000000       0x94 oslib/fat.o
 .text.dev_fs_open
                0x00000000       0x40 oslib/fat.o
 .text.dev_fs_close
                0x00000000       0x2c oslib/fat.o
 .text.dev_fs_read
                0x00000000       0x50 oslib/fat.o
 .text.dev_fs_next_dir
                0x00000000       0x30 oslib/fat.o
 .debug_info    0x00000000      0x78a oslib/fat.o
 .debug_abbrev  0x00000000      0x237 oslib/fat.o
 .debug_aranges
                0x00000000       0x78 oslib/fat.o
 .debug_ranges  0x00000000       0x68 oslib/fat.o
 .debug_line    0x00000000      0x2b4 oslib/fat.o
 .debug_str     0x00000000      0x3a4 oslib/fat.o
 .comment       0x00000000       0x6f oslib/fat.o
 .debug_frame   0x00000000      0x164 oslib/fat.o
 .ARM.attributes
                0x00000000       0x30 oslib/fat.o
 COMMON         0x00000000       0x1c oslib/fat.o
 .text          0x00000000        0x0 oslib/drivers/startup/board_cstartup.o
 .data          0x00000000        0x0 oslib/drivers/startup/board_cstartup.o
 .bss           0x00000000        0x0 oslib/drivers/startup/board_cstartup.o
 .text          0x00000000        0x0 oslib/drivers/lib/liblpc2148.a(io.o)
 .bss           0x00000000        0x0 oslib/drivers/lib/liblpc2148.a(io.o)
 .text.num2str  0x00000000       0xfc oslib/drivers/lib/liblpc2148.a(io.o)
 .text.leds_and_btns_init
                0x00000000       0x2c oslib/drivers/lib/liblpc2148.a(io.o)
 .text.buttons  0x00000000       0x20 oslib/drivers/lib/liblpc2148.a(io.o)
 .text.lcd_printf
                0x00000000      0x2cc oslib/drivers/lib/liblpc2148.a(io.o)
 .rodata        0x00000000       0x14 oslib/drivers/lib/liblpc2148.a(io.o)
 .data          0x00000000        0x0 oslib/drivers/lib/liblpc2148.a(io_asm.o)
 .bss           0x00000000        0x0 oslib/drivers/lib/liblpc2148.a(io_asm.o)
 .text          0x00000000        0x0 oslib/drivers/lib/liblpc2148.a(lcd.o)
 .data          0x00000000        0x0 oslib/drivers/lib/liblpc2148.a(lcd.o)
 .bss           0x00000000        0x0 oslib/drivers/lib/liblpc2148.a(lcd.o)
 .text.lcd_send_data
                0x00000000       0x58 oslib/drivers/lib/liblpc2148.a(lcd.o)
 .text.lcd_send_cmd
                0x00000000       0x58 oslib/drivers/lib/liblpc2148.a(lcd.o)
 .text.lcd_is_busy
                0x00000000       0x84 oslib/drivers/lib/liblpc2148.a(lcd.o)
 .text.lcd_backlight
                0x00000000       0x30 oslib/drivers/lib/liblpc2148.a(lcd.o)
 .text.lcd_display
                0x00000000       0x20 oslib/drivers/lib/liblpc2148.a(lcd.o)
 .text.lcd_mode
                0x00000000       0x20 oslib/drivers/lib/liblpc2148.a(lcd.o)
 .text.lcd_shift
                0x00000000       0x20 oslib/drivers/lib/liblpc2148.a(lcd.o)
 .text.lcd_clear
                0x00000000       0x18 oslib/drivers/lib/liblpc2148.a(lcd.o)
 .text.lcd_home
                0x00000000       0x18 oslib/drivers/lib/liblpc2148.a(lcd.o)
 .text.lcd_goto_xy
                0x00000000       0x38 oslib/drivers/lib/liblpc2148.a(lcd.o)
 .text.lcd_init
                0x00000000      0x104 oslib/drivers/lib/liblpc2148.a(lcd.o)
 .text.lcd_put_char
                0x00000000       0x28 oslib/drivers/lib/liblpc2148.a(lcd.o)
 .text.lcd_put_string
                0x00000000       0x2c oslib/drivers/lib/liblpc2148.a(lcd.o)
 .text.lcd_new_char
                0x00000000       0x44 oslib/drivers/lib/liblpc2148.a(lcd.o)
 .comment       0x00000000       0x2b oslib/drivers/lib/liblpc2148.a(lcd.o)
 .ARM.attributes
                0x00000000       0x32 oslib/drivers/lib/liblpc2148.a(lcd.o)
 .text          0x00000000        0x0 oslib/drivers/lib/liblpc2148.a(timer.o)
 .data          0x00000000        0x0 oslib/drivers/lib/liblpc2148.a(timer.o)
 .text.timer_wait_ms
                0x00000000       0x58 oslib/drivers/lib/liblpc2148.a(timer.o)
 .text.timer_wait_us
                0x00000000       0x54 oslib/drivers/lib/liblpc2148.a(timer.o)
 .text.timer_oneshot_init
                0x00000000       0xd4 oslib/drivers/lib/liblpc2148.a(timer.o)
 .text.timer_stop
                0x00000000        0xc oslib/drivers/lib/liblpc2148.a(timer.o)
 .text          0x00000000        0x0 oslib/drivers/lib/liblpc2148.a(eint.o)
 .data          0x00000000        0x0 oslib/drivers/lib/liblpc2148.a(eint.o)
 .text          0x00000000        0x0 oslib/drivers/lib/liblpc2148.a(uart.o)
 .data          0x00000000        0x0 oslib/drivers/lib/liblpc2148.a(uart.o)
 .text.uart_getc
                0x00000000       0x58 oslib/drivers/lib/liblpc2148.a(uart.o)
 .text.uart_puts
                0x00000000       0x38 oslib/drivers/lib/liblpc2148.a(uart.o)
 .text.uart_printf
                0x00000000      0x190 oslib/drivers/lib/liblpc2148.a(uart.o)
 .text          0x00000000        0x0 oslib/drivers/lib/liblpc2148.a(util.o)
 .data          0x00000000        0x0 oslib/drivers/lib/liblpc2148.a(util.o)
 .bss           0x00000000        0x0 oslib/drivers/lib/liblpc2148.a(util.o)
 .text.num2str  0x00000000       0x8c oslib/drivers/lib/liblpc2148.a(util.o)
 .text.str2num  0x00000000       0x90 oslib/drivers/lib/liblpc2148.a(util.o)
 .rodata        0x00000000       0x14 oslib/drivers/lib/liblpc2148.a(util.o)
 .comment       0x00000000       0x2b oslib/drivers/lib/liblpc2148.a(util.o)
 .ARM.attributes
                0x00000000       0x32 oslib/drivers/lib/liblpc2148.a(util.o)
 .text          0x00000000        0x0 oslib/drivers/lib/liblpc2148.a(irq.o)
 .data          0x00000000        0x0 oslib/drivers/lib/liblpc2148.a(irq.o)
 .bss           0x00000000        0x0 oslib/drivers/lib/liblpc2148.a(irq.o)
 .text.irq_init
                0x00000000       0x18 oslib/drivers/lib/liblpc2148.a(irq.o)
 .text.irq_unregister_slot
                0x00000000       0x40 oslib/drivers/lib/liblpc2148.a(irq.o)
 .text          0x00000000        0x0 kernel/libkernel.a(kernel.o)
 .text          0x00000000        0x0 kernel/libkernel.a(list.o)
 .data          0x00000000        0x0 kernel/libkernel.a(list.o)
 .bss           0x00000000        0x0 kernel/libkernel.a(list.o)
 .text.list_remove_tail
                0x00000000       0x40 kernel/libkernel.a(list.o)
 .text.list_display
                0x00000000       0x34 kernel/libkernel.a(list.o)
 .text          0x00000000        0x0 kernel/libkernel.a(syscall_dispatch.o)
 .data          0x00000000        0x0 kernel/libkernel.a(syscall_dispatch.o)
 .bss           0x00000000        0x0 kernel/libkernel.a(syscall_dispatch.o)
 .text          0x00000000        0x0 kernel/libkernel.a(alloc.o)
 .data          0x00000000        0x0 kernel/libkernel.a(alloc.o)
 .bss           0x00000000        0x0 kernel/libkernel.a(alloc.o)
 .data          0x00000000        0x0 /local/sdk_elec/gcc-arm-none-eabi-5_2-2015q4/bin/../lib/gcc/arm-none-eabi/5.2.1/libgcc.a(_udivsi3.o)
 .bss           0x00000000        0x0 /local/sdk_elec/gcc-arm-none-eabi-5_2-2015q4/bin/../lib/gcc/arm-none-eabi/5.2.1/libgcc.a(_udivsi3.o)
 .data          0x00000000        0x0 /local/sdk_elec/gcc-arm-none-eabi-5_2-2015q4/bin/../lib/gcc/arm-none-eabi/5.2.1/libgcc.a(_dvmd_tls.o)
 .bss           0x00000000        0x0 /local/sdk_elec/gcc-arm-none-eabi-5_2-2015q4/bin/../lib/gcc/arm-none-eabi/5.2.1/libgcc.a(_dvmd_tls.o)
 .text          0x00000000        0x0 /local/sdk_elec/gcc-arm-none-eabi-5_2-2015q4/bin/../lib/gcc/arm-none-eabi/5.2.1/../../../../arm-none-eabi/lib/libc.a(lib_a-ctype_.o)
 .data          0x00000000        0x0 /local/sdk_elec/gcc-arm-none-eabi-5_2-2015q4/bin/../lib/gcc/arm-none-eabi/5.2.1/../../../../arm-none-eabi/lib/libc.a(lib_a-ctype_.o)
 .bss           0x00000000        0x0 /local/sdk_elec/gcc-arm-none-eabi-5_2-2015q4/bin/../lib/gcc/arm-none-eabi/5.2.1/../../../../arm-none-eabi/lib/libc.a(lib_a-ctype_.o)
 .text          0x00000000        0x0 /local/sdk_elec/gcc-arm-none-eabi-5_2-2015q4/bin/../lib/gcc/arm-none-eabi/5.2.1/../../../../arm-none-eabi/lib/libc.a(lib_a-errno.o)
 .data          0x00000000        0x0 /local/sdk_elec/gcc-arm-none-eabi-5_2-2015q4/bin/../lib/gcc/arm-none-eabi/5.2.1/../../../../arm-none-eabi/lib/libc.a(lib_a-errno.o)
 .bss           0x00000000        0x0 /local/sdk_elec/gcc-arm-none-eabi-5_2-2015q4/bin/../lib/gcc/arm-none-eabi/5.2.1/../../../../arm-none-eabi/lib/libc.a(lib_a-errno.o)
 .text.__errno  0x00000000       0x10 /local/sdk_elec/gcc-arm-none-eabi-5_2-2015q4/bin/../lib/gcc/arm-none-eabi/5.2.1/../../../../arm-none-eabi/lib/libc.a(lib_a-errno.o)
 .debug_frame   0x00000000       0x20 /local/sdk_elec/gcc-arm-none-eabi-5_2-2015q4/bin/../lib/gcc/arm-none-eabi/5.2.1/../../../../arm-none-eabi/lib/libc.a(lib_a-errno.o)
 .ARM.attributes
                0x00000000       0x30 /local/sdk_elec/gcc-arm-none-eabi-5_2-2015q4/bin/../lib/gcc/arm-none-eabi/5.2.1/../../../../arm-none-eabi/lib/libc.a(lib_a-errno.o)
 .text          0x00000000        0x0 /local/sdk_elec/gcc-arm-none-eabi-5_2-2015q4/bin/../lib/gcc/arm-none-eabi/5.2.1/../../../../arm-none-eabi/lib/libc.a(lib_a-impure.o)
 .data          0x00000000        0x0 /local/sdk_elec/gcc-arm-none-eabi-5_2-2015q4/bin/../lib/gcc/arm-none-eabi/5.2.1/../../../../arm-none-eabi/lib/libc.a(lib_a-impure.o)
 .bss           0x00000000        0x0 /local/sdk_elec/gcc-arm-none-eabi-5_2-2015q4/bin/../lib/gcc/arm-none-eabi/5.2.1/../../../../arm-none-eabi/lib/libc.a(lib_a-impure.o)
 .data.impure_data
                0x00000000      0x428 /local/sdk_elec/gcc-arm-none-eabi-5_2-2015q4/bin/../lib/gcc/arm-none-eabi/5.2.1/../../../../arm-none-eabi/lib/libc.a(lib_a-impure.o)
 .data._impure_ptr
                0x00000000        0x4 /local/sdk_elec/gcc-arm-none-eabi-5_2-2015q4/bin/../lib/gcc/arm-none-eabi/5.2.1/../../../../arm-none-eabi/lib/libc.a(lib_a-impure.o)
 .rodata.str1.4
                0x00000000        0x2 /local/sdk_elec/gcc-arm-none-eabi-5_2-2015q4/bin/../lib/gcc/arm-none-eabi/5.2.1/../../../../arm-none-eabi/lib/libc.a(lib_a-impure.o)
 .rodata._global_impure_ptr
                0x00000000        0x4 /local/sdk_elec/gcc-arm-none-eabi-5_2-2015q4/bin/../lib/gcc/arm-none-eabi/5.2.1/../../../../arm-none-eabi/lib/libc.a(lib_a-impure.o)
 .ARM.attributes
                0x00000000       0x30 /local/sdk_elec/gcc-arm-none-eabi-5_2-2015q4/bin/../lib/gcc/arm-none-eabi/5.2.1/../../../../arm-none-eabi/lib/libc.a(lib_a-impure.o)
 .text          0x00000000        0x0 /local/sdk_elec/gcc-arm-none-eabi-5_2-2015q4/bin/../lib/gcc/arm-none-eabi/5.2.1/../../../../arm-none-eabi/lib/libc.a(lib_a-memcpy-stub.o)
 .data          0x00000000        0x0 /local/sdk_elec/gcc-arm-none-eabi-5_2-2015q4/bin/../lib/gcc/arm-none-eabi/5.2.1/../../../../arm-none-eabi/lib/libc.a(lib_a-memcpy-stub.o)
 .bss           0x00000000        0x0 /local/sdk_elec/gcc-arm-none-eabi-5_2-2015q4/bin/../lib/gcc/arm-none-eabi/5.2.1/../../../../arm-none-eabi/lib/libc.a(lib_a-memcpy-stub.o)
 .text          0x00000000        0x0 /local/sdk_elec/gcc-arm-none-eabi-5_2-2015q4/bin/../lib/gcc/arm-none-eabi/5.2.1/../../../../arm-none-eabi/lib/libc.a(lib_a-memmove.o)
 .data          0x00000000        0x0 /local/sdk_elec/gcc-arm-none-eabi-5_2-2015q4/bin/../lib/gcc/arm-none-eabi/5.2.1/../../../../arm-none-eabi/lib/libc.a(lib_a-memmove.o)
 .bss           0x00000000        0x0 /local/sdk_elec/gcc-arm-none-eabi-5_2-2015q4/bin/../lib/gcc/arm-none-eabi/5.2.1/../../../../arm-none-eabi/lib/libc.a(lib_a-memmove.o)
 .data          0x00000000        0x0 /local/sdk_elec/gcc-arm-none-eabi-5_2-2015q4/bin/../lib/gcc/arm-none-eabi/5.2.1/../../../../arm-none-eabi/lib/libc.a(lib_a-strcmp.o)
 .bss           0x00000000        0x0 /local/sdk_elec/gcc-arm-none-eabi-5_2-2015q4/bin/../lib/gcc/arm-none-eabi/5.2.1/../../../../arm-none-eabi/lib/libc.a(lib_a-strcmp.o)
 .text          0x00000000        0x0 /local/sdk_elec/gcc-arm-none-eabi-5_2-2015q4/bin/../lib/gcc/arm-none-eabi/5.2.1/../../../../arm-none-eabi/lib/libc.a(lib_a-strcpy.o)
 .data          0x00000000        0x0 /local/sdk_elec/gcc-arm-none-eabi-5_2-2015q4/bin/../lib/gcc/arm-none-eabi/5.2.1/../../../../arm-none-eabi/lib/libc.a(lib_a-strcpy.o)
 .bss           0x00000000        0x0 /local/sdk_elec/gcc-arm-none-eabi-5_2-2015q4/bin/../lib/gcc/arm-none-eabi/5.2.1/../../../../arm-none-eabi/lib/libc.a(lib_a-strcpy.o)
 .text          0x00000000        0x0 /local/sdk_elec/gcc-arm-none-eabi-5_2-2015q4/bin/../lib/gcc/arm-none-eabi/5.2.1/../../../../arm-none-eabi/lib/libc.a(lib_a-strlen-stub.o)
 .data          0x00000000        0x0 /local/sdk_elec/gcc-arm-none-eabi-5_2-2015q4/bin/../lib/gcc/arm-none-eabi/5.2.1/../../../../arm-none-eabi/lib/libc.a(lib_a-strlen-stub.o)
 .bss           0x00000000        0x0 /local/sdk_elec/gcc-arm-none-eabi-5_2-2015q4/bin/../lib/gcc/arm-none-eabi/5.2.1/../../../../arm-none-eabi/lib/libc.a(lib_a-strlen-stub.o)

Memory Configuration

Name             Origin             Length             Attributes
FLASH            0x00000000         0x00080000         xr
SRAM1            0x40000000         0x00008000         xrw
SRAM2            0x7fd00000         0x00002000         xrw
*default*        0x00000000         0xffffffff

Linker script and memory map

LOAD user/tp2_ex5.o
LOAD user/lexer.o
LOAD oslib/drivers/startup/board_lowlevel.o
LOAD oslib/drivers/startup/board_stubs.o
LOAD oslib/drivers/lib/diskio.o
LOAD oslib/drivers/target.o
LOAD oslib/kernellib.o
LOAD oslib/libc.o
LOAD oslib/vfs.o
LOAD oslib/termio.o
LOAD oslib/fat.o
LOAD oslib/drivers/startup/board_cstartup.o
LOAD oslib/drivers/lib/liblpc2148.a
LOAD kernel/libkernel.a
START GROUP
LOAD /local/sdk_elec/gcc-arm-none-eabi-5_2-2015q4/bin/../lib/gcc/arm-none-eabi/5.2.1/libgcc.a
LOAD /local/sdk_elec/gcc-arm-none-eabi-5_2-2015q4/bin/../lib/gcc/arm-none-eabi/5.2.1/../../../../arm-none-eabi/lib/libc.a
END GROUP
                0x00000080                USR_STACK_SIZE = 0x80
                0x00000400                IRQ_STACK_SIZE = 0x400
                0x00000000                FIQ_STACK_SIZE = 0x0
                0x00000400                SVC_STACK_SIZE = 0x400
                0x00000000                ABT_STACK_SIZE = 0x0
                0x00000000                UND_STACK_SIZE = 0x0
                0x7fd02000                HEAP_END = 0x7fd02000

.vectors        0x40000000       0x40
 *(.vectors)
 .vectors       0x40000000       0x40 oslib/drivers/startup/board_cstartup.o
                0x40000000                _start

.text           0x40000040     0x3ecc
 *(.init .init.*)
 .init          0x40000040      0x14c oslib/drivers/startup/board_cstartup.o
                0x40000154                _exit
 *(.text .text.*)
 .text.tache1   0x4000018c       0x80 user/tp2_ex5.o
                0x4000018c                tache1
 .text.idle     0x4000020c        0x4 user/tp2_ex5.o
                0x4000020c                idle
 .text.main     0x40000210       0x38 user/tp2_ex5.o
                0x40000210                main
 .text.LowLevelInit
                0x40000248      0x154 oslib/drivers/startup/board_lowlevel.o
                0x40000248                LowLevelInit
 .text.disk_timerproc
                0x4000039c       0xac oslib/drivers/lib/diskio.o
                0x4000039c                disk_timerproc
 .text.dev_init_test
                0x40000448       0x4c oslib/drivers/target.o
 .text.dev_open_test
                0x40000494       0x8c oslib/drivers/target.o
 .text.dev_close_test
                0x40000520       0x5c oslib/drivers/target.o
 .text.dev_read_test
                0x4000057c       0xec oslib/drivers/target.o
 .text.dev_init_leds
                0x40000668       0x34 oslib/drivers/target.o
 .text.dev_open_leds
                0x4000069c       0xd4 oslib/drivers/target.o
 .text.dev_close_leds
                0x40000770       0x5c oslib/drivers/target.o
 .text.dev_write_leds
                0x400007cc       0x60 oslib/drivers/target.o
 .text.on_button_cb
                0x4000082c       0x24 oslib/drivers/target.o
 .text.dev_init_btn
                0x40000850       0x58 oslib/drivers/target.o
 .text.dev_read_btn
                0x400008a8       0x3c oslib/drivers/target.o
 .text.dev_init_btns
                0x400008e4       0x54 oslib/drivers/target.o
 .text.on_timeout_cb
                0x40000938      0x128 oslib/drivers/target.o
 .text.on_receive_cb
                0x40000a60       0x24 oslib/drivers/target.o
 .text.dev_init_console
                0x40000a84       0x98 oslib/drivers/target.o
 .text.dev_open_console
                0x40000b1c       0xbc oslib/drivers/target.o
 .text.dev_close_console
                0x40000bd8       0x5c oslib/drivers/target.o
 .text.dev_write_console
                0x40000c34       0x70 oslib/drivers/target.o
 .text.dev_read_console
                0x40000ca4       0x80 oslib/drivers/target.o
 .text.dev_init
                0x40000d24       0xdc oslib/drivers/target.o
                0x40000d24                dev_init
 .text.malloc   0x40000e00       0x24 oslib/kernellib.o
                0x40000e00                malloc
 .text.free     0x40000e24       0x18 oslib/kernellib.o
                0x40000e24                free
 .text.os_start
                0x40000e3c        0xc oslib/kernellib.o
                0x40000e3c                os_start
 .text.task_new
                0x40000e48       0x28 oslib/kernellib.o
                0x40000e48                task_new
 .text.task_kill
                0x40000e70        0xc oslib/kernellib.o
                0x40000e70                task_kill
 .text.sem_new  0x40000e7c       0x24 oslib/kernellib.o
                0x40000e7c                sem_new
 .text.sem_p    0x40000ea0       0x18 oslib/kernellib.o
                0x40000ea0                sem_p
 .text.sem_v    0x40000eb8       0x18 oslib/kernellib.o
                0x40000eb8                sem_v
 .text.strdup   0x40000ed0       0x68 oslib/libc.o
                0x40000ed0                strdup
 .text.dirname  0x40000f38       0xc0 oslib/vfs.o
                0x40000f38                dirname
 .text.basename
                0x40000ff8       0x78 oslib/vfs.o
                0x40000ff8                basename
 .text.dev_lookup
                0x40001070       0xd0 oslib/vfs.o
 .text.open     0x40001140      0x1a4 oslib/vfs.o
                0x40001140                open
 .text.read     0x400012e4       0x80 oslib/vfs.o
                0x400012e4                read
 .text.write    0x40001364       0x80 oslib/vfs.o
                0x40001364                write
 .text.term_out
                0x400013e4       0x3c oslib/termio.o
 .text.term_in  0x40001420       0x38 oslib/termio.o
 .text.num2str  0x40001458      0x1f8 oslib/termio.o
 .text.str2num  0x40001650      0x100 oslib/termio.o
 .text.term_ansi
                0x40001750       0xf8 oslib/termio.o
 .text.term_init
                0x40001848       0x84 oslib/termio.o
                0x40001848                term_init
 .text.term_clrscr
                0x400018cc       0x4c oslib/termio.o
                0x400018cc                term_clrscr
 .text.term_clreol
                0x40001918       0x1c oslib/termio.o
                0x40001918                term_clreol
 .text.term_color
                0x40001934       0x58 oslib/termio.o
                0x40001934                term_color
 .text.term_gotoxy
                0x4000198c       0x54 oslib/termio.o
                0x4000198c                term_gotoxy
 .text.term_right
                0x400019e0       0x48 oslib/termio.o
                0x400019e0                term_right
 .text.term_left
                0x40001a28       0x48 oslib/termio.o
                0x40001a28                term_left
 .text.term_getc
                0x40001a70      0x518 oslib/termio.o
                0x40001a70                term_getc
 .text.term_putc
                0x40001f88       0x94 oslib/termio.o
                0x40001f88                term_putc
 .text.term_puts
                0x4000201c       0x48 oslib/termio.o
                0x4000201c                term_puts
 .text.term_printf
                0x40002064      0x3a0 oslib/termio.o
                0x40002064                term_printf
 .text.term_save_pos
                0x40002404       0x4c oslib/termio.o
                0x40002404                term_save_pos
 .text.term_restore_pos
                0x40002450       0x4c oslib/termio.o
                0x40002450                term_restore_pos
 .text.readline
                0x4000249c      0x440 oslib/termio.o
                0x4000249c                readline
 .text.io_configure
                0x400028dc      0x10c oslib/drivers/lib/liblpc2148.a(io.o)
                0x400028dc                io_configure
 .text.leds     0x400029e8       0x24 oslib/drivers/lib/liblpc2148.a(io.o)
                0x400029e8                leds
 .text.button0  0x40002a0c       0x48 oslib/drivers/lib/liblpc2148.a(io.o)
                0x40002a0c                button0
 .text.button1  0x40002a54       0x48 oslib/drivers/lib/liblpc2148.a(io.o)
                0x40002a54                button1
 .text.button2  0x40002a9c       0x48 oslib/drivers/lib/liblpc2148.a(io.o)
                0x40002a9c                button2
 .text.button3  0x40002ae4       0x48 oslib/drivers/lib/liblpc2148.a(io.o)
                0x40002ae4                button3
 .text.button4  0x40002b2c       0x48 oslib/drivers/lib/liblpc2148.a(io.o)
                0x40002b2c                button4
 .text          0x40002b74       0x2c oslib/drivers/lib/liblpc2148.a(io_asm.o)
                0x40002b74                io_read
                0x40002b80                io_write
                0x40002b90                io_write_n
 .text.timer0_isr
                0x40002ba0       0x38 oslib/drivers/lib/liblpc2148.a(timer.o)
                0x40002ba0                timer0_isr
 .text.timer1_isr
                0x40002bd8       0x38 oslib/drivers/lib/liblpc2148.a(timer.o)
                0x40002bd8                timer1_isr
 .text.timer_tick_init
                0x40002c10       0xd4 oslib/drivers/lib/liblpc2148.a(timer.o)
                0x40002c10                timer_tick_init
 .text.timer_start
                0x40002ce4        0xc oslib/drivers/lib/liblpc2148.a(timer.o)
                0x40002ce4                timer_start
 .text.eint1_isr
                0x40002cf0       0x38 oslib/drivers/lib/liblpc2148.a(eint.o)
                0x40002cf0                eint1_isr
 .text.eint1_init
                0x40002d28       0x8c oslib/drivers/lib/liblpc2148.a(eint.o)
                0x40002d28                eint1_init
 .text.uart0_isr
                0x40002db4       0xb8 oslib/drivers/lib/liblpc2148.a(uart.o)
                0x40002db4                uart0_isr
 .text.uart1_isr
                0x40002e6c       0x40 oslib/drivers/lib/liblpc2148.a(uart.o)
                0x40002e6c                uart1_isr
 .text.uart_init
                0x40002eac      0x140 oslib/drivers/lib/liblpc2148.a(uart.o)
                0x40002eac                uart_init
 .text.uart_getchar
                0x40002fec       0x58 oslib/drivers/lib/liblpc2148.a(uart.o)
                0x40002fec                uart_getchar
 .text.uart_putc
                0x40003044       0x14 oslib/drivers/lib/liblpc2148.a(uart.o)
                0x40003044                uart_putc
 .text.irq_register_slot
                0x40003058       0x64 oslib/drivers/lib/liblpc2148.a(irq.o)
                0x40003058                irq_register_slot
 .text.irq_ack  0x400030bc       0x18 oslib/drivers/lib/liblpc2148.a(irq.o)
                0x400030bc                irq_ack
 .text.sys_round_robin
                0x400030d4      0x120 kernel/libkernel.a(kernel.o)
                0x400030d4                sys_round_robin
 .text.sys_os_start
                0x400031f4       0x44 kernel/libkernel.a(kernel.o)
                0x400031f4                sys_os_start
 .text.sys_task_new
                0x40003238       0xb8 kernel/libkernel.a(kernel.o)
                0x40003238                sys_task_new
 .text.sys_task_kill
                0x400032f0       0x60 kernel/libkernel.a(kernel.o)
                0x400032f0                sys_task_kill
 .text.sys_task_id
                0x40003350       0x14 kernel/libkernel.a(kernel.o)
                0x40003350                sys_task_id
 .text.sys_task_yield
                0x40003364        0x8 kernel/libkernel.a(kernel.o)
                0x40003364                sys_task_yield
 .text.sys_task_wait
                0x4000336c       0x88 kernel/libkernel.a(kernel.o)
                0x4000336c                sys_task_wait
 .text.sys_sem_new
                0x400033f4       0x28 kernel/libkernel.a(kernel.o)
                0x400033f4                sys_sem_new
 .text.sys_sem_p
                0x4000341c       0xa0 kernel/libkernel.a(kernel.o)
                0x4000341c                sys_sem_p
 .text.sys_sem_v
                0x400034bc       0xa4 kernel/libkernel.a(kernel.o)
                0x400034bc                sys_sem_v
 .text.list_insert_head
                0x40003560       0x2c kernel/libkernel.a(list.o)
                0x40003560                list_insert_head
 .text.list_remove_head
                0x4000358c       0x40 kernel/libkernel.a(list.o)
                0x4000358c                list_remove_head
 .text.list_insert_tail
                0x400035cc       0x2c kernel/libkernel.a(list.o)
                0x400035cc                list_insert_tail
 .text.list_size
                0x400035f8       0x38 kernel/libkernel.a(list.o)
                0x400035f8                list_size
 .text.sys_add  0x40003630        0x8 kernel/libkernel.a(syscall_dispatch.o)
                0x40003630                sys_add
 .text.syscall_dispatch
                0x40003638       0xcc kernel/libkernel.a(syscall_dispatch.o)
                0x40003638                syscall_dispatch
 .text.minit    0x40003704       0x24 kernel/libkernel.a(alloc.o)
                0x40003704                minit
 .text.sys_alloc
                0x40003728       0x90 kernel/libkernel.a(alloc.o)
                0x40003728                sys_alloc
 .text.sys_free
                0x400037b8       0xac kernel/libkernel.a(alloc.o)
                0x400037b8                sys_free
 .text          0x40003864      0x114 /local/sdk_elec/gcc-arm-none-eabi-5_2-2015q4/bin/../lib/gcc/arm-none-eabi/5.2.1/libgcc.a(_udivsi3.o)
                0x40003864                __udivsi3
                0x40003864                __aeabi_uidiv
                0x40003958                __aeabi_uidivmod
 .text          0x40003978        0x4 /local/sdk_elec/gcc-arm-none-eabi-5_2-2015q4/bin/../lib/gcc/arm-none-eabi/5.2.1/libgcc.a(_dvmd_tls.o)
                0x40003978                __aeabi_ldiv0
                0x40003978                __aeabi_idiv0
 .text.memcpy   0x4000397c       0xf0 /local/sdk_elec/gcc-arm-none-eabi-5_2-2015q4/bin/../lib/gcc/arm-none-eabi/5.2.1/../../../../arm-none-eabi/lib/libc.a(lib_a-memcpy-stub.o)
                0x4000397c                memcpy
 .text.memmove  0x40003a6c      0x12c /local/sdk_elec/gcc-arm-none-eabi-5_2-2015q4/bin/../lib/gcc/arm-none-eabi/5.2.1/../../../../arm-none-eabi/lib/libc.a(lib_a-memmove.o)
                0x40003a6c                memmove
 .text          0x40003b98      0x224 /local/sdk_elec/gcc-arm-none-eabi-5_2-2015q4/bin/../lib/gcc/arm-none-eabi/5.2.1/../../../../arm-none-eabi/lib/libc.a(lib_a-strcmp.o)
                0x40003b98                strcmp
 .text.strcpy   0x40003dbc       0xf0 /local/sdk_elec/gcc-arm-none-eabi-5_2-2015q4/bin/../lib/gcc/arm-none-eabi/5.2.1/../../../../arm-none-eabi/lib/libc.a(lib_a-strcpy.o)
                0x40003dbc                strcpy
 .text.strlen   0x40003eac       0x60 /local/sdk_elec/gcc-arm-none-eabi-5_2-2015q4/bin/../lib/gcc/arm-none-eabi/5.2.1/../../../../arm-none-eabi/lib/libc.a(lib_a-strlen-stub.o)
                0x40003eac                strlen

.glue_7         0x40003f0c        0x0
 .glue_7        0x40003f0c        0x0 linker stubs

.glue_7t        0x40003f0c        0x0
 .glue_7t       0x40003f0c        0x0 linker stubs

.vfp11_veneer   0x40003f0c        0x0
 .vfp11_veneer  0x40003f0c        0x0 linker stubs

.v4_bx          0x40003f0c        0x0
 .v4_bx         0x40003f0c        0x0 linker stubs

.iplt           0x40003f0c        0x0
 .iplt          0x40003f0c        0x0 user/tp2_ex5.o

.rodata         0x40003f0c      0x20d
 *(.rodata .rodata.*)
 .rodata        0x40003f0c       0x4c user/tp2_ex5.o
 .rodata        0x40003f58       0x58 oslib/drivers/startup/board_lowlevel.o
                0x40003f58                _VIC
                0x40003f5c                _PCB
                0x40003f60                _SCB
                0x40003f64                _EXT
                0x40003f68                _IO0
                0x40003f6c                _IO1
                0x40003f70                _FIO0
                0x40003f74                _FIO1
                0x40003f78                _TIMER0
                0x40003f7c                _TIMER1
                0x40003f80                _PWM
                0x40003f84                _UART0
                0x40003f88                _UART1
                0x40003f8c                _I2C0
                0x40003f90                _I2C1
                0x40003f94                _SPI0
                0x40003f98                _SSP
                0x40003f9c                _RTC
                0x40003fa0                _ADC0
                0x40003fa4                _ADC1
                0x40003fa8                _DAC
                0x40003fac                _WD
 .rodata        0x40003fb0       0x12 oslib/drivers/target.o
 *fill*         0x40003fc2        0x2 
 .rodata        0x40003fc4       0x10 oslib/vfs.o
 .rodata        0x40003fd4       0x42 oslib/termio.o
 *fill*         0x40004016        0x2 
 .rodata._ctype_
                0x40004018      0x101 /local/sdk_elec/gcc-arm-none-eabi-5_2-2015q4/bin/../lib/gcc/arm-none-eabi/5.2.1/../../../../arm-none-eabi/lib/libc.a(lib_a-ctype_.o)
                0x40004018                _ctype_

.rel.dyn        0x4000411c        0x0
 .rel.iplt      0x4000411c        0x0 user/tp2_ex5.o

.data           0x4000411c      0x220
                0x4000411c                __data_load = LOADADDR (.data)
                0x4000411c                __data_start = .
 *(.data)
 .data          0x4000411c        0x1 oslib/drivers/lib/diskio.o
 *fill*         0x4000411d        0x3 
 .data          0x40004120      0x1fc oslib/drivers/target.o
                0x40004120                dev_test
                0x40004154                dev_leds
                0x40004188                dev_eint1
                0x400041bc                dev_btn0
                0x400041f0                dev_btn1
                0x40004224                dev_btn2
                0x40004258                dev_btn3
                0x4000428c                dev_btn4
                0x400042c0                dev_console
                0x400042f4                device_table
 .data          0x4000431c       0x11 oslib/termio.o
 *fill*         0x4000432d        0x1 
 .data          0x4000432e        0xa oslib/drivers/lib/liblpc2148.a(io.o)
 .data          0x40004338        0x4 kernel/libkernel.a(kernel.o)
                0x4000433c                . = ALIGN (0x4)
                0x4000433c                __data_end = .

.igot.plt       0x4000433c        0x0
 .igot.plt      0x4000433c        0x0 user/tp2_ex5.o

.data.__ctype_ptr__
                0x4000433c        0x4
 .data.__ctype_ptr__
                0x4000433c        0x4 /local/sdk_elec/gcc-arm-none-eabi-5_2-2015q4/bin/../lib/gcc/arm-none-eabi/5.2.1/../../../../arm-none-eabi/lib/libc.a(lib_a-ctype_.o)
                0x4000433c                __ctype_ptr__

.bss            0x40004340      0x170
                0x40004340                __bss_start = .
 *(.bss .bss.*)
 .bss           0x40004340        0x9 oslib/drivers/lib/diskio.o
 *fill*         0x40004349        0x3 
 .bss           0x4000434c        0x4 oslib/drivers/target.o
                0x4000434c                tick
 .bss           0x40004350       0x34 oslib/termio.o
 .bss           0x40004384        0x8 oslib/drivers/lib/liblpc2148.a(timer.o)
 .bss           0x4000438c        0x4 oslib/drivers/lib/liblpc2148.a(eint.o)
 .bss           0x40004390       0x90 oslib/drivers/lib/liblpc2148.a(uart.o)
 .bss           0x40004420        0xc kernel/libkernel.a(kernel.o)
                0x40004420                tsk_running
                0x40004424                tsk_sleeping
                0x40004428                saved_ctx
                0x4000442c                . = ALIGN (0x4)
                0x4000442c                __bss_end = .
 COMMON         0x4000442c       0x32 user/tp2_ex5.o
                0x4000442c                buffer
 *fill*         0x4000445e        0x2 
 COMMON         0x40004460       0x50 oslib/vfs.o
                0x40004460                opened_fds

.stack          0x400044b0      0x880
                0x400044b0                . = ALIGN (0x4)
                0x400044b0                __stack_start = .
                0x40004530                . = (. + USR_STACK_SIZE)
 *fill*         0x400044b0       0x80 
                0x40004530                . = ALIGN (0x4)
                0x40004530                __usr_stack_top = .
                0x40004930                . = (. + IRQ_STACK_SIZE)
 *fill*         0x40004530      0x400 
                0x40004930                . = ALIGN (0x4)
                0x40004930                __irq_stack_top = .
                0x40004930                . = (. + FIQ_STACK_SIZE)
                0x40004930                . = ALIGN (0x4)
                0x40004930                __fiq_stack_top = .
                0x40004d30                . = (. + SVC_STACK_SIZE)
 *fill*         0x40004930      0x400 
                0x40004d30                . = ALIGN (0x4)
                0x40004d30                __svc_stack_top = .
                0x40004d30                . = (. + ABT_STACK_SIZE)
                0x40004d30                . = ALIGN (0x4)
                0x40004d30                __abt_stack_top = .
                0x40004d30                . = (. + UND_STACK_SIZE)
                0x40004d30                . = ALIGN (0x4)
                0x40004d30                __und_stack_top = .
                0x40004d30                __stack_end = .

.heap           0x7fd00000     0x2000
                0x7fd00000                __heap_start = .
                0x7fd02000                . = ABSOLUTE (HEAP_END)
 *fill*         0x7fd00000     0x2000 
                0x7fd02000                __heap_end = .
OUTPUT(main.elf elf32-littlearm)

.debug_info     0x00000000     0x4094
 .debug_info    0x00000000       0xea user/tp2_ex5.o
 .debug_info    0x000000ea     0x1075 oslib/drivers/startup/board_lowlevel.o
 .debug_info    0x0000115f      0x653 oslib/drivers/lib/diskio.o
 .debug_info    0x000017b2      0x9d6 oslib/drivers/target.o
 .debug_info    0x00002188      0x296 oslib/kernellib.o
 .debug_info    0x0000241e       0xdd oslib/libc.o
 .debug_info    0x000024fb      0x603 oslib/vfs.o
 .debug_info    0x00002afe      0x7d5 oslib/termio.o
 .debug_info    0x000032d3       0x7e oslib/drivers/startup/board_cstartup.o
 .debug_info    0x00003351       0x67 oslib/drivers/lib/liblpc2148.a(io_asm.o)
 .debug_info    0x000033b8      0x564 kernel/libkernel.a(kernel.o)
 .debug_info    0x0000391c      0x332 kernel/libkernel.a(list.o)
 .debug_info    0x00003c4e      0x244 kernel/libkernel.a(syscall_dispatch.o)
 .debug_info    0x00003e92      0x202 kernel/libkernel.a(alloc.o)

.debug_abbrev   0x00000000     0x112b
 .debug_abbrev  0x00000000       0xa2 user/tp2_ex5.o
 .debug_abbrev  0x000000a2      0x15c oslib/drivers/startup/board_lowlevel.o
 .debug_abbrev  0x000001fe      0x265 oslib/drivers/lib/diskio.o
 .debug_abbrev  0x00000463      0x23f oslib/drivers/target.o
 .debug_abbrev  0x000006a2      0x107 oslib/kernellib.o
 .debug_abbrev  0x000007a9       0x8e oslib/libc.o
 .debug_abbrev  0x00000837      0x191 oslib/vfs.o
 .debug_abbrev  0x000009c8      0x232 oslib/termio.o
 .debug_abbrev  0x00000bfa       0x12 oslib/drivers/startup/board_cstartup.o
 .debug_abbrev  0x00000c0c       0x14 oslib/drivers/lib/liblpc2148.a(io_asm.o)
 .debug_abbrev  0x00000c20      0x1c1 kernel/libkernel.a(kernel.o)
 .debug_abbrev  0x00000de1      0x126 kernel/libkernel.a(list.o)
 .debug_abbrev  0x00000f07      0x102 kernel/libkernel.a(syscall_dispatch.o)
 .debug_abbrev  0x00001009      0x122 kernel/libkernel.a(alloc.o)

.debug_aranges  0x00000000      0x4f8
 .debug_aranges
                0x00000000       0x30 user/tp2_ex5.o
 .debug_aranges
                0x00000030       0x28 oslib/drivers/startup/board_lowlevel.o
 .debug_aranges
                0x00000058       0xa0 oslib/drivers/lib/diskio.o
 .debug_aranges
                0x000000f8       0xc8 oslib/drivers/target.o
 .debug_aranges
                0x000001c0       0x78 oslib/kernellib.o
 .debug_aranges
                0x00000238       0x20 oslib/libc.o
 .debug_aranges
                0x00000258       0x70 oslib/vfs.o
 .debug_aranges
                0x000002c8       0xe0 oslib/termio.o
 .debug_aranges
                0x000003a8       0x28 oslib/drivers/startup/board_cstartup.o
 .debug_aranges
                0x000003d0       0x20 oslib/drivers/lib/liblpc2148.a(io_asm.o)
 .debug_aranges
                0x000003f0       0x68 kernel/libkernel.a(kernel.o)
 .debug_aranges
                0x00000458       0x48 kernel/libkernel.a(list.o)
 .debug_aranges
                0x000004a0       0x28 kernel/libkernel.a(syscall_dispatch.o)
 .debug_aranges
                0x000004c8       0x30 kernel/libkernel.a(alloc.o)

.debug_ranges   0x00000000      0x428
 .debug_ranges  0x00000000       0x20 user/tp2_ex5.o
 .debug_ranges  0x00000020       0x18 oslib/drivers/startup/board_lowlevel.o
 .debug_ranges  0x00000038       0x90 oslib/drivers/lib/diskio.o
 .debug_ranges  0x000000c8       0xb8 oslib/drivers/target.o
 .debug_ranges  0x00000180       0x68 oslib/kernellib.o
 .debug_ranges  0x000001e8       0x10 oslib/libc.o
 .debug_ranges  0x000001f8       0x60 oslib/vfs.o
 .debug_ranges  0x00000258       0xd0 oslib/termio.o
 .debug_ranges  0x00000328       0x20 oslib/drivers/startup/board_cstartup.o
 .debug_ranges  0x00000348       0x58 kernel/libkernel.a(kernel.o)
 .debug_ranges  0x000003a0       0x38 kernel/libkernel.a(list.o)
 .debug_ranges  0x000003d8       0x18 kernel/libkernel.a(syscall_dispatch.o)
 .debug_ranges  0x000003f0       0x38 kernel/libkernel.a(alloc.o)

.debug_line     0x00000000     0x1677
 .debug_line    0x00000000       0x7c user/tp2_ex5.o
 .debug_line    0x0000007c       0xb9 oslib/drivers/startup/board_lowlevel.o
 .debug_line    0x00000135      0x419 oslib/drivers/lib/diskio.o
 .debug_line    0x0000054e      0x353 oslib/drivers/target.o
 .debug_line    0x000008a1      0x128 oslib/kernellib.o
 .debug_line    0x000009c9       0xec oslib/libc.o
 .debug_line    0x00000ab5      0x20a oslib/vfs.o
 .debug_line    0x00000cbf      0x4b9 oslib/termio.o
 .debug_line    0x00001178       0xcb oslib/drivers/startup/board_cstartup.o
 .debug_line    0x00001243       0x58 oslib/drivers/lib/liblpc2148.a(io_asm.o)
 .debug_line    0x0000129b      0x195 kernel/libkernel.a(kernel.o)
 .debug_line    0x00001430       0xfb kernel/libkernel.a(list.o)
 .debug_line    0x0000152b       0x94 kernel/libkernel.a(syscall_dispatch.o)
 .debug_line    0x000015bf       0xb8 kernel/libkernel.a(alloc.o)

.debug_str      0x00000000      0xe71
 .debug_str     0x00000000      0x146 user/tp2_ex5.o
                                0x17f (size before relaxing)
 .debug_str     0x00000146      0x3a3 oslib/drivers/startup/board_lowlevel.o
                                0x4e5 (size before relaxing)
 .debug_str     0x000004e9      0x16b oslib/drivers/lib/diskio.o
                                0x2ce (size before relaxing)
 .debug_str     0x00000654      0x272 oslib/drivers/target.o
                                0x44a (size before relaxing)
 .debug_str     0x000008c6       0x3a oslib/kernellib.o
                                0x1f4 (size before relaxing)
 .debug_str     0x00000900       0x19 oslib/libc.o
                                0x178 (size before relaxing)
 .debug_str     0x00000919       0x61 oslib/vfs.o
                                0x2a3 (size before relaxing)
 .debug_str     0x0000097a      0x2a7 oslib/termio.o
                                0x428 (size before relaxing)
 .debug_str     0x00000c21      0x15d kernel/libkernel.a(kernel.o)
                                0x260 (size before relaxing)
 .debug_str     0x00000d7e       0x73 kernel/libkernel.a(list.o)
                                0x1cd (size before relaxing)
 .debug_str     0x00000df1       0x38 kernel/libkernel.a(syscall_dispatch.o)
                                0x18a (size before relaxing)
 .debug_str     0x00000e29       0x48 kernel/libkernel.a(alloc.o)
                                0x10c (size before relaxing)

.comment        0x00000000       0x98
 .comment       0x00000000       0x6e user/tp2_ex5.o
                                 0x6f (size before relaxing)
 .comment       0x0000006e       0x6f oslib/drivers/startup/board_lowlevel.o
 .comment       0x0000006e       0x6f oslib/drivers/lib/diskio.o
 .comment       0x0000006e       0x6f oslib/drivers/target.o
 .comment       0x0000006e       0x6f oslib/kernellib.o
 .comment       0x0000006e       0x6f oslib/libc.o
 .comment       0x0000006e       0x6f oslib/vfs.o
 .comment       0x0000006e       0x6f oslib/termio.o
 .comment       0x0000006e       0x2a oslib/drivers/lib/liblpc2148.a(io.o)
                                 0x2b (size before relaxing)
 .comment       0x00000098       0x2b oslib/drivers/lib/liblpc2148.a(timer.o)
 .comment       0x00000098       0x2b oslib/drivers/lib/liblpc2148.a(eint.o)
 .comment       0x00000098       0x2b oslib/drivers/lib/liblpc2148.a(uart.o)
 .comment       0x00000098       0x2b oslib/drivers/lib/liblpc2148.a(irq.o)
 .comment       0x00000098       0x2b kernel/libkernel.a(kernel.o)
 .comment       0x00000098       0x2b kernel/libkernel.a(list.o)
 .comment       0x00000098       0x2b kernel/libkernel.a(syscall_dispatch.o)
 .comment       0x00000098       0x2b kernel/libkernel.a(alloc.o)

.ARM.attributes
                0x00000000       0x30
 .ARM.attributes
                0x00000000       0x30 user/tp2_ex5.o
 .ARM.attributes
                0x00000030       0x30 oslib/drivers/startup/board_lowlevel.o
 .ARM.attributes
                0x00000060       0x30 oslib/drivers/lib/diskio.o
 .ARM.attributes
                0x00000090       0x30 oslib/drivers/target.o
 .ARM.attributes
                0x000000c0       0x30 oslib/kernellib.o
 .ARM.attributes
                0x000000f0       0x30 oslib/libc.o
 .ARM.attributes
                0x00000120       0x30 oslib/vfs.o
 .ARM.attributes
                0x00000150       0x30 oslib/termio.o
 .ARM.attributes
                0x00000180       0x16 oslib/drivers/startup/board_cstartup.o
 .ARM.attributes
                0x00000196       0x32 oslib/drivers/lib/liblpc2148.a(io.o)
 .ARM.attributes
                0x000001c8       0x16 oslib/drivers/lib/liblpc2148.a(io_asm.o)
 .ARM.attributes
                0x000001de       0x32 oslib/drivers/lib/liblpc2148.a(timer.o)
 .ARM.attributes
                0x00000210       0x32 oslib/drivers/lib/liblpc2148.a(eint.o)
 .ARM.attributes
                0x00000242       0x32 oslib/drivers/lib/liblpc2148.a(uart.o)
 .ARM.attributes
                0x00000274       0x32 oslib/drivers/lib/liblpc2148.a(irq.o)
 .ARM.attributes
                0x000002a6       0x32 kernel/libkernel.a(kernel.o)
 .ARM.attributes
                0x000002d8       0x32 kernel/libkernel.a(list.o)
 .ARM.attributes
                0x0000030a       0x32 kernel/libkernel.a(syscall_dispatch.o)
 .ARM.attributes
                0x0000033c       0x32 kernel/libkernel.a(alloc.o)
 .ARM.attributes
                0x0000036e       0x18 /local/sdk_elec/gcc-arm-none-eabi-5_2-2015q4/bin/../lib/gcc/arm-none-eabi/5.2.1/libgcc.a(_udivsi3.o)
 .ARM.attributes
                0x00000386       0x18 /local/sdk_elec/gcc-arm-none-eabi-5_2-2015q4/bin/../lib/gcc/arm-none-eabi/5.2.1/libgcc.a(_dvmd_tls.o)
 .ARM.attributes
                0x0000039e       0x30 /local/sdk_elec/gcc-arm-none-eabi-5_2-2015q4/bin/../lib/gcc/arm-none-eabi/5.2.1/../../../../arm-none-eabi/lib/libc.a(lib_a-ctype_.o)
 .ARM.attributes
                0x000003ce       0x30 /local/sdk_elec/gcc-arm-none-eabi-5_2-2015q4/bin/../lib/gcc/arm-none-eabi/5.2.1/../../../../arm-none-eabi/lib/libc.a(lib_a-memcpy-stub.o)
 .ARM.attributes
                0x000003fe       0x30 /local/sdk_elec/gcc-arm-none-eabi-5_2-2015q4/bin/../lib/gcc/arm-none-eabi/5.2.1/../../../../arm-none-eabi/lib/libc.a(lib_a-memmove.o)
 .ARM.attributes
                0x0000042e       0x16 /local/sdk_elec/gcc-arm-none-eabi-5_2-2015q4/bin/../lib/gcc/arm-none-eabi/5.2.1/../../../../arm-none-eabi/lib/libc.a(lib_a-strcmp.o)
 .ARM.attributes
                0x00000444       0x30 /local/sdk_elec/gcc-arm-none-eabi-5_2-2015q4/bin/../lib/gcc/arm-none-eabi/5.2.1/../../../../arm-none-eabi/lib/libc.a(lib_a-strcpy.o)
 .ARM.attributes
                0x00000474       0x30 /local/sdk_elec/gcc-arm-none-eabi-5_2-2015q4/bin/../lib/gcc/arm-none-eabi/5.2.1/../../../../arm-none-eabi/lib/libc.a(lib_a-strlen-stub.o)

.debug_frame    0x00000000      0xe68
 .debug_frame   0x00000000       0x54 user/tp2_ex5.o
 .debug_frame   0x00000054       0x44 oslib/drivers/startup/board_lowlevel.o
 .debug_frame   0x00000098      0x210 oslib/drivers/lib/diskio.o
 .debug_frame   0x000002a8      0x2cc oslib/drivers/target.o
 .debug_frame   0x00000574      0x118 oslib/kernellib.o
 .debug_frame   0x0000068c       0x30 oslib/libc.o
 .debug_frame   0x000006bc      0x15c oslib/vfs.o
 .debug_frame   0x00000818      0x30c oslib/termio.o
 .debug_frame   0x00000b24      0x12c kernel/libkernel.a(kernel.o)
 .debug_frame   0x00000c50       0x7c kernel/libkernel.a(list.o)
 .debug_frame   0x00000ccc       0x38 kernel/libkernel.a(syscall_dispatch.o)
 .debug_frame   0x00000d04       0x48 kernel/libkernel.a(alloc.o)
 .debug_frame   0x00000d4c       0x20 /local/sdk_elec/gcc-arm-none-eabi-5_2-2015q4/bin/../lib/gcc/arm-none-eabi/5.2.1/libgcc.a(_udivsi3.o)
 .debug_frame   0x00000d6c       0x3c /local/sdk_elec/gcc-arm-none-eabi-5_2-2015q4/bin/../lib/gcc/arm-none-eabi/5.2.1/../../../../arm-none-eabi/lib/libc.a(lib_a-memcpy-stub.o)
 .debug_frame   0x00000da8       0x40 /local/sdk_elec/gcc-arm-none-eabi-5_2-2015q4/bin/../lib/gcc/arm-none-eabi/5.2.1/../../../../arm-none-eabi/lib/libc.a(lib_a-memmove.o)
 .debug_frame   0x00000de8       0x40 /local/sdk_elec/gcc-arm-none-eabi-5_2-2015q4/bin/../lib/gcc/arm-none-eabi/5.2.1/../../../../arm-none-eabi/lib/libc.a(lib_a-strcmp.o)
 .debug_frame   0x00000e28       0x20 /local/sdk_elec/gcc-arm-none-eabi-5_2-2015q4/bin/../lib/gcc/arm-none-eabi/5.2.1/../../../../arm-none-eabi/lib/libc.a(lib_a-strcpy.o)
 .debug_frame   0x00000e48       0x20 /local/sdk_elec/gcc-arm-none-eabi-5_2-2015q4/bin/../lib/gcc/arm-none-eabi/5.2.1/../../../../arm-none-eabi/lib/libc.a(lib_a-strlen-stub.o)

.debug_loc      0x00000000      0x646
 .debug_loc     0x00000000      0x284 kernel/libkernel.a(kernel.o)
 .debug_loc     0x00000284      0x143 kernel/libkernel.a(list.o)
 .debug_loc     0x000003c7      0x161 kernel/libkernel.a(syscall_dispatch.o)
 .debug_loc     0x00000528      0x11e kernel/libkernel.a(alloc.o)

.debug_pubnames
                0x00000000      0x1d9
 .debug_pubnames
                0x00000000       0xea kernel/libkernel.a(kernel.o)
 .debug_pubnames
                0x000000ea       0x85 kernel/libkernel.a(list.o)
 .debug_pubnames
                0x0000016f       0x33 kernel/libkernel.a(syscall_dispatch.o)
 .debug_pubnames
                0x000001a2       0x37 kernel/libkernel.a(alloc.o)

.debug_pubtypes
                0x00000000      0x1be
 .debug_pubtypes
                0x00000000       0x95 kernel/libkernel.a(kernel.o)
 .debug_pubtypes
                0x00000095       0x6b kernel/libkernel.a(list.o)
 .debug_pubtypes
                0x00000100       0x95 kernel/libkernel.a(syscall_dispatch.o)
 .debug_pubtypes
                0x00000195       0x29 kernel/libkernel.a(alloc.o)
