Archive member included to satisfy reference by file (symbol)

oslib/drivers/lib/liblpc2148.a(io.o)
                              oslib/drivers/lib/diskio.o (io_configure)
oslib/drivers/lib/liblpc2148.a(io_asm.o)
                              oslib/drivers/lib/liblpc2148.a(io.o) (io_write_n)
oslib/drivers/lib/liblpc2148.a(lcd.o)
                              oslib/drivers/lib/liblpc2148.a(io.o) (lcd_put_char)
oslib/drivers/lib/liblpc2148.a(timer.o)
                              oslib/drivers/target.o (timer_tick_init)
oslib/drivers/lib/liblpc2148.a(uart.o)
                              oslib/drivers/target.o (uart_init)
oslib/drivers/lib/liblpc2148.a(util.o)
                              oslib/drivers/lib/liblpc2148.a(uart.o) (num2str)
oslib/drivers/lib/liblpc2148.a(irq.o)
                              oslib/drivers/lib/liblpc2148.a(timer.o) (irq_register_slot)
kernel/libkernel.a(kernel.o)  oslib/drivers/target.o (sys_round_robin)
kernel/libkernel.a(list.o)    kernel/libkernel.a(kernel.o) (list_insert_head)
kernel/libkernel.a(syscall_dispatch.o)
                              oslib/drivers/startup/board_cstartup.o (syscall_dispatch)
kernel/libkernel.a(alloc.o)   oslib/drivers/target.o (minit)
/local/sdk_elec/gcc-arm-none-eabi-5_2-2015q4/bin/../lib/gcc/arm-none-eabi/5.2.1/libgcc.a(_udivsi3.o)
                              oslib/termio.o (__aeabi_uidiv)
/local/sdk_elec/gcc-arm-none-eabi-5_2-2015q4/bin/../lib/gcc/arm-none-eabi/5.2.1/libgcc.a(_dvmd_tls.o)
                              /local/sdk_elec/gcc-arm-none-eabi-5_2-2015q4/bin/../lib/gcc/arm-none-eabi/5.2.1/libgcc.a(_udivsi3.o) (__aeabi_idiv0)
/local/sdk_elec/gcc-arm-none-eabi-5_2-2015q4/bin/../lib/gcc/arm-none-eabi/5.2.1/../../../../arm-none-eabi/lib/libc.a(lib_a-ctype_.o)
                              user/lexer.o (__ctype_ptr__)
/local/sdk_elec/gcc-arm-none-eabi-5_2-2015q4/bin/../lib/gcc/arm-none-eabi/5.2.1/../../../../arm-none-eabi/lib/libc.a(lib_a-errno.o)
                              oslib/drivers/startup/board_stubs.o (__errno)
/local/sdk_elec/gcc-arm-none-eabi-5_2-2015q4/bin/../lib/gcc/arm-none-eabi/5.2.1/../../../../arm-none-eabi/lib/libc.a(lib_a-impure.o)
                              /local/sdk_elec/gcc-arm-none-eabi-5_2-2015q4/bin/../lib/gcc/arm-none-eabi/5.2.1/../../../../arm-none-eabi/lib/libc.a(lib_a-errno.o) (_impure_ptr)
/local/sdk_elec/gcc-arm-none-eabi-5_2-2015q4/bin/../lib/gcc/arm-none-eabi/5.2.1/../../../../arm-none-eabi/lib/libc.a(lib_a-memcpy-stub.o)
                              oslib/drivers/target.o (memcpy)
/local/sdk_elec/gcc-arm-none-eabi-5_2-2015q4/bin/../lib/gcc/arm-none-eabi/5.2.1/../../../../arm-none-eabi/lib/libc.a(lib_a-memmove.o)
                              oslib/termio.o (memmove)
/local/sdk_elec/gcc-arm-none-eabi-5_2-2015q4/bin/../lib/gcc/arm-none-eabi/5.2.1/../../../../arm-none-eabi/lib/libc.a(lib_a-strcmp.o)
                              user/lexer.o (strcmp)
/local/sdk_elec/gcc-arm-none-eabi-5_2-2015q4/bin/../lib/gcc/arm-none-eabi/5.2.1/../../../../arm-none-eabi/lib/libc.a(lib_a-strcpy.o)
                              oslib/vfs.o (strcpy)
/local/sdk_elec/gcc-arm-none-eabi-5_2-2015q4/bin/../lib/gcc/arm-none-eabi/5.2.1/../../../../arm-none-eabi/lib/libc.a(lib_a-strlen-stub.o)
                              oslib/drivers/target.o (strlen)

Allocating common symbols
Common symbol       size              file

fs                  0x1c              oslib/fat.o
opened_fds          0x50              oslib/vfs.o
text                0x50              user/tp3_ex1.o
mutex               0x4               user/tp3_ex1.o
token_val           0x4               user/lexer.o
buf                 0x200             user/tp3_ex1.o
token               0x1               user/lexer.o
token_str           0x50              user/lexer.o

Discarded input sections

 .text          0x00000000        0x0 user/tp3_ex1.o
 .data          0x00000000        0x0 user/tp3_ex1.o
 .bss           0x00000000        0x4 user/tp3_ex1.o
 .text          0x00000000        0x0 user/lexer.o
 .text          0x00000000        0x0 oslib/drivers/startup/board_lowlevel.o
 .data          0x00000000        0x0 oslib/drivers/startup/board_lowlevel.o
 .bss           0x00000000        0x0 oslib/drivers/startup/board_lowlevel.o
 .text.default_irq_isr
                0x00000000       0x20 oslib/drivers/startup/board_lowlevel.o
 .text          0x00000000        0x0 oslib/drivers/startup/board_stubs.o
 .data          0x00000000        0x0 oslib/drivers/startup/board_stubs.o
 .bss           0x00000000        0x4 oslib/drivers/startup/board_stubs.o
 .text._sbrk_r  0x00000000       0xa4 oslib/drivers/startup/board_stubs.o
 .debug_info    0x00000000      0x8f4 oslib/drivers/startup/board_stubs.o
 .debug_abbrev  0x00000000      0x1bd oslib/drivers/startup/board_stubs.o
 .debug_aranges
                0x00000000       0x20 oslib/drivers/startup/board_stubs.o
 .debug_ranges  0x00000000       0x10 oslib/drivers/startup/board_stubs.o
 .debug_line    0x00000000      0x16f oslib/drivers/startup/board_stubs.o
 .debug_str     0x00000000      0x576 oslib/drivers/startup/board_stubs.o
 .comment       0x00000000       0x6f oslib/drivers/startup/board_stubs.o
 .debug_frame   0x00000000       0x30 oslib/drivers/startup/board_stubs.o
 .ARM.attributes
                0x00000000       0x30 oslib/drivers/startup/board_stubs.o
 .text          0x00000000        0x0 oslib/drivers/lib/diskio.o
 .text.xmit_spi_multi
                0x00000000       0x60 oslib/drivers/lib/diskio.o
 .text.xmit_datablock
                0x00000000       0xa0 oslib/drivers/lib/diskio.o
 .text.disk_status
                0x00000000       0x18 oslib/drivers/lib/diskio.o
 .text.disk_write
                0x00000000      0x1a4 oslib/drivers/lib/diskio.o
 .text          0x00000000        0x0 oslib/drivers/target.o
 .text          0x00000000        0x0 oslib/kernellib.o
 .data          0x00000000        0x0 oslib/kernellib.o
 .bss           0x00000000        0x0 oslib/kernellib.o
 .text.test_add
                0x00000000       0x28 oslib/kernellib.o
 .text.task_id  0x00000000       0x20 oslib/kernellib.o
 .text.task_yield
                0x00000000        0xc oslib/kernellib.o
 .text.task_wait
                0x00000000       0x18 oslib/kernellib.o
 .text          0x00000000        0x0 oslib/libc.o
 .data          0x00000000        0x0 oslib/libc.o
 .bss           0x00000000        0x0 oslib/libc.o
 .text          0x00000000        0x0 oslib/vfs.o
 .data          0x00000000        0x0 oslib/vfs.o
 .bss           0x00000000        0x0 oslib/vfs.o
 .text.mount    0x00000000       0x2c oslib/vfs.o
 .text.close    0x00000000       0x78 oslib/vfs.o
 .text.ioctl    0x00000000       0x80 oslib/vfs.o
 .text.lseek    0x00000000       0x50 oslib/vfs.o
 .text.readdir  0x00000000      0x1b4 oslib/vfs.o
 .text          0x00000000        0x0 oslib/termio.o
 .text.term_color
                0x00000000       0x58 oslib/termio.o
 .text.term_gotoxy
                0x00000000       0x54 oslib/termio.o
 .text.term_up  0x00000000       0x48 oslib/termio.o
 .text.term_down
                0x00000000       0x48 oslib/termio.o
 .text.term_get_rows
                0x00000000       0x14 oslib/termio.o
 .text.term_get_cols
                0x00000000       0x14 oslib/termio.o
 .text.term_get_cx
                0x00000000       0x14 oslib/termio.o
 .text.term_get_cy
                0x00000000       0x14 oslib/termio.o
 .text          0x00000000        0x0 oslib/fat.o
 .data          0x00000000       0x34 oslib/fat.o
 .text.dev_fs_init
                0x00000000       0x94 oslib/fat.o
 .text.dev_fs_open
                0x00000000       0x40 oslib/fat.o
 .text.dev_fs_close
                0x00000000       0x2c oslib/fat.o
 .text.dev_fs_read
                0x00000000       0x50 oslib/fat.o
 .text.dev_fs_next_dir
                0x00000000       0x30 oslib/fat.o
 COMMON         0x00000000       0x1c oslib/fat.o
 .text          0x00000000        0x0 oslib/drivers/startup/board_cstartup.o
 .data          0x00000000        0x0 oslib/drivers/startup/board_cstartup.o
 .bss           0x00000000        0x0 oslib/drivers/startup/board_cstartup.o
 .text          0x00000000        0x0 oslib/drivers/lib/liblpc2148.a(io.o)
 .data          0x00000000        0xa oslib/drivers/lib/liblpc2148.a(io.o)
 .bss           0x00000000        0x0 oslib/drivers/lib/liblpc2148.a(io.o)
 .text.num2str  0x00000000       0xfc oslib/drivers/lib/liblpc2148.a(io.o)
 .text.leds_and_btns_init
                0x00000000       0x2c oslib/drivers/lib/liblpc2148.a(io.o)
 .text.leds     0x00000000       0x24 oslib/drivers/lib/liblpc2148.a(io.o)
 .text.buttons  0x00000000       0x20 oslib/drivers/lib/liblpc2148.a(io.o)
 .text.button0  0x00000000       0x48 oslib/drivers/lib/liblpc2148.a(io.o)
 .text.button1  0x00000000       0x48 oslib/drivers/lib/liblpc2148.a(io.o)
 .text.button2  0x00000000       0x48 oslib/drivers/lib/liblpc2148.a(io.o)
 .text.button3  0x00000000       0x48 oslib/drivers/lib/liblpc2148.a(io.o)
 .text.button4  0x00000000       0x48 oslib/drivers/lib/liblpc2148.a(io.o)
 .text.lcd_printf
                0x00000000      0x2cc oslib/drivers/lib/liblpc2148.a(io.o)
 .rodata        0x00000000       0x14 oslib/drivers/lib/liblpc2148.a(io.o)
 .text          0x00000000       0x2c oslib/drivers/lib/liblpc2148.a(io_asm.o)
 .data          0x00000000        0x0 oslib/drivers/lib/liblpc2148.a(io_asm.o)
 .bss           0x00000000        0x0 oslib/drivers/lib/liblpc2148.a(io_asm.o)
 .ARM.attributes
                0x00000000       0x16 oslib/drivers/lib/liblpc2148.a(io_asm.o)
 .debug_line    0x00000000       0x58 oslib/drivers/lib/liblpc2148.a(io_asm.o)
 .debug_info    0x00000000       0x67 oslib/drivers/lib/liblpc2148.a(io_asm.o)
 .debug_abbrev  0x00000000       0x14 oslib/drivers/lib/liblpc2148.a(io_asm.o)
 .debug_aranges
                0x00000000       0x20 oslib/drivers/lib/liblpc2148.a(io_asm.o)
 .text          0x00000000        0x0 oslib/drivers/lib/liblpc2148.a(lcd.o)
 .data          0x00000000        0x0 oslib/drivers/lib/liblpc2148.a(lcd.o)
 .bss           0x00000000        0x0 oslib/drivers/lib/liblpc2148.a(lcd.o)
 .text.lcd_send_data
                0x00000000       0x58 oslib/drivers/lib/liblpc2148.a(lcd.o)
 .text.lcd_send_cmd
                0x00000000       0x58 oslib/drivers/lib/liblpc2148.a(lcd.o)
 .text.lcd_is_busy
                0x00000000       0x84 oslib/drivers/lib/liblpc2148.a(lcd.o)
 .text.lcd_backlight
                0x00000000       0x30 oslib/drivers/lib/liblpc2148.a(lcd.o)
 .text.lcd_display
                0x00000000       0x20 oslib/drivers/lib/liblpc2148.a(lcd.o)
 .text.lcd_mode
                0x00000000       0x20 oslib/drivers/lib/liblpc2148.a(lcd.o)
 .text.lcd_shift
                0x00000000       0x20 oslib/drivers/lib/liblpc2148.a(lcd.o)
 .text.lcd_clear
                0x00000000       0x18 oslib/drivers/lib/liblpc2148.a(lcd.o)
 .text.lcd_home
                0x00000000       0x18 oslib/drivers/lib/liblpc2148.a(lcd.o)
 .text.lcd_goto_xy
                0x00000000       0x38 oslib/drivers/lib/liblpc2148.a(lcd.o)
 .text.lcd_init
                0x00000000      0x104 oslib/drivers/lib/liblpc2148.a(lcd.o)
 .text.lcd_put_char
                0x00000000       0x28 oslib/drivers/lib/liblpc2148.a(lcd.o)
 .text.lcd_put_string
                0x00000000       0x2c oslib/drivers/lib/liblpc2148.a(lcd.o)
 .text.lcd_new_char
                0x00000000       0x44 oslib/drivers/lib/liblpc2148.a(lcd.o)
 .comment       0x00000000       0x2b oslib/drivers/lib/liblpc2148.a(lcd.o)
 .ARM.attributes
                0x00000000       0x32 oslib/drivers/lib/liblpc2148.a(lcd.o)
 .text          0x00000000        0x0 oslib/drivers/lib/liblpc2148.a(timer.o)
 .data          0x00000000        0x0 oslib/drivers/lib/liblpc2148.a(timer.o)
 .text.timer_wait_ms
                0x00000000       0x58 oslib/drivers/lib/liblpc2148.a(timer.o)
 .text.timer_wait_us
                0x00000000       0x54 oslib/drivers/lib/liblpc2148.a(timer.o)
 .text.timer_oneshot_init
                0x00000000       0xd4 oslib/drivers/lib/liblpc2148.a(timer.o)
 .text.timer_stop
                0x00000000        0xc oslib/drivers/lib/liblpc2148.a(timer.o)
 .text          0x00000000        0x0 oslib/drivers/lib/liblpc2148.a(uart.o)
 .data          0x00000000        0x0 oslib/drivers/lib/liblpc2148.a(uart.o)
 .text.uart_getc
                0x00000000       0x58 oslib/drivers/lib/liblpc2148.a(uart.o)
 .text.uart_puts
                0x00000000       0x38 oslib/drivers/lib/liblpc2148.a(uart.o)
 .text.uart_printf
                0x00000000      0x190 oslib/drivers/lib/liblpc2148.a(uart.o)
 .text          0x00000000        0x0 oslib/drivers/lib/liblpc2148.a(util.o)
 .data          0x00000000        0x0 oslib/drivers/lib/liblpc2148.a(util.o)
 .bss           0x00000000        0x0 oslib/drivers/lib/liblpc2148.a(util.o)
 .text.num2str  0x00000000       0x8c oslib/drivers/lib/liblpc2148.a(util.o)
 .text.str2num  0x00000000       0x90 oslib/drivers/lib/liblpc2148.a(util.o)
 .rodata        0x00000000       0x14 oslib/drivers/lib/liblpc2148.a(util.o)
 .comment       0x00000000       0x2b oslib/drivers/lib/liblpc2148.a(util.o)
 .ARM.attributes
                0x00000000       0x32 oslib/drivers/lib/liblpc2148.a(util.o)
 .text          0x00000000        0x0 oslib/drivers/lib/liblpc2148.a(irq.o)
 .data          0x00000000        0x0 oslib/drivers/lib/liblpc2148.a(irq.o)
 .bss           0x00000000        0x0 oslib/drivers/lib/liblpc2148.a(irq.o)
 .text.irq_init
                0x00000000       0x18 oslib/drivers/lib/liblpc2148.a(irq.o)
 .text.irq_unregister_slot
                0x00000000       0x40 oslib/drivers/lib/liblpc2148.a(irq.o)
 .text          0x00000000        0x0 kernel/libkernel.a(kernel.o)
 .text          0x00000000        0x0 kernel/libkernel.a(list.o)
 .data          0x00000000        0x0 kernel/libkernel.a(list.o)
 .bss           0x00000000        0x0 kernel/libkernel.a(list.o)
 .text.list_remove_tail
                0x00000000       0x40 kernel/libkernel.a(list.o)
 .text.list_display
                0x00000000       0x34 kernel/libkernel.a(list.o)
 .text          0x00000000        0x0 kernel/libkernel.a(syscall_dispatch.o)
 .data          0x00000000        0x0 kernel/libkernel.a(syscall_dispatch.o)
 .bss           0x00000000        0x0 kernel/libkernel.a(syscall_dispatch.o)
 .text          0x00000000        0x0 kernel/libkernel.a(alloc.o)
 .data          0x00000000        0x0 kernel/libkernel.a(alloc.o)
 .bss           0x00000000        0x0 kernel/libkernel.a(alloc.o)
 .data          0x00000000        0x0 /local/sdk_elec/gcc-arm-none-eabi-5_2-2015q4/bin/../lib/gcc/arm-none-eabi/5.2.1/libgcc.a(_udivsi3.o)
 .bss           0x00000000        0x0 /local/sdk_elec/gcc-arm-none-eabi-5_2-2015q4/bin/../lib/gcc/arm-none-eabi/5.2.1/libgcc.a(_udivsi3.o)
 .data          0x00000000        0x0 /local/sdk_elec/gcc-arm-none-eabi-5_2-2015q4/bin/../lib/gcc/arm-none-eabi/5.2.1/libgcc.a(_dvmd_tls.o)
 .bss           0x00000000        0x0 /local/sdk_elec/gcc-arm-none-eabi-5_2-2015q4/bin/../lib/gcc/arm-none-eabi/5.2.1/libgcc.a(_dvmd_tls.o)
 .text          0x00000000        0x0 /local/sdk_elec/gcc-arm-none-eabi-5_2-2015q4/bin/../lib/gcc/arm-none-eabi/5.2.1/../../../../arm-none-eabi/lib/libc.a(lib_a-ctype_.o)
 .data          0x00000000        0x0 /local/sdk_elec/gcc-arm-none-eabi-5_2-2015q4/bin/../lib/gcc/arm-none-eabi/5.2.1/../../../../arm-none-eabi/lib/libc.a(lib_a-ctype_.o)
 .bss           0x00000000        0x0 /local/sdk_elec/gcc-arm-none-eabi-5_2-2015q4/bin/../lib/gcc/arm-none-eabi/5.2.1/../../../../arm-none-eabi/lib/libc.a(lib_a-ctype_.o)
 .text          0x00000000        0x0 /local/sdk_elec/gcc-arm-none-eabi-5_2-2015q4/bin/../lib/gcc/arm-none-eabi/5.2.1/../../../../arm-none-eabi/lib/libc.a(lib_a-errno.o)
 .data          0x00000000        0x0 /local/sdk_elec/gcc-arm-none-eabi-5_2-2015q4/bin/../lib/gcc/arm-none-eabi/5.2.1/../../../../arm-none-eabi/lib/libc.a(lib_a-errno.o)
 .bss           0x00000000        0x0 /local/sdk_elec/gcc-arm-none-eabi-5_2-2015q4/bin/../lib/gcc/arm-none-eabi/5.2.1/../../../../arm-none-eabi/lib/libc.a(lib_a-errno.o)
 .text.__errno  0x00000000       0x10 /local/sdk_elec/gcc-arm-none-eabi-5_2-2015q4/bin/../lib/gcc/arm-none-eabi/5.2.1/../../../../arm-none-eabi/lib/libc.a(lib_a-errno.o)
 .debug_frame   0x00000000       0x20 /local/sdk_elec/gcc-arm-none-eabi-5_2-2015q4/bin/../lib/gcc/arm-none-eabi/5.2.1/../../../../arm-none-eabi/lib/libc.a(lib_a-errno.o)
 .ARM.attributes
                0x00000000       0x30 /local/sdk_elec/gcc-arm-none-eabi-5_2-2015q4/bin/../lib/gcc/arm-none-eabi/5.2.1/../../../../arm-none-eabi/lib/libc.a(lib_a-errno.o)
 .text          0x00000000        0x0 /local/sdk_elec/gcc-arm-none-eabi-5_2-2015q4/bin/../lib/gcc/arm-none-eabi/5.2.1/../../../../arm-none-eabi/lib/libc.a(lib_a-impure.o)
 .data          0x00000000        0x0 /local/sdk_elec/gcc-arm-none-eabi-5_2-2015q4/bin/../lib/gcc/arm-none-eabi/5.2.1/../../../../arm-none-eabi/lib/libc.a(lib_a-impure.o)
 .bss           0x00000000        0x0 /local/sdk_elec/gcc-arm-none-eabi-5_2-2015q4/bin/../lib/gcc/arm-none-eabi/5.2.1/../../../../arm-none-eabi/lib/libc.a(lib_a-impure.o)
 .data.impure_data
                0x00000000      0x428 /local/sdk_elec/gcc-arm-none-eabi-5_2-2015q4/bin/../lib/gcc/arm-none-eabi/5.2.1/../../../../arm-none-eabi/lib/libc.a(lib_a-impure.o)
 .data._impure_ptr
                0x00000000        0x4 /local/sdk_elec/gcc-arm-none-eabi-5_2-2015q4/bin/../lib/gcc/arm-none-eabi/5.2.1/../../../../arm-none-eabi/lib/libc.a(lib_a-impure.o)
 .rodata.str1.4
                0x00000000        0x2 /local/sdk_elec/gcc-arm-none-eabi-5_2-2015q4/bin/../lib/gcc/arm-none-eabi/5.2.1/../../../../arm-none-eabi/lib/libc.a(lib_a-impure.o)
 .rodata._global_impure_ptr
                0x00000000        0x4 /local/sdk_elec/gcc-arm-none-eabi-5_2-2015q4/bin/../lib/gcc/arm-none-eabi/5.2.1/../../../../arm-none-eabi/lib/libc.a(lib_a-impure.o)
 .ARM.attributes
                0x00000000       0x30 /local/sdk_elec/gcc-arm-none-eabi-5_2-2015q4/bin/../lib/gcc/arm-none-eabi/5.2.1/../../../../arm-none-eabi/lib/libc.a(lib_a-impure.o)
 .text          0x00000000        0x0 /local/sdk_elec/gcc-arm-none-eabi-5_2-2015q4/bin/../lib/gcc/arm-none-eabi/5.2.1/../../../../arm-none-eabi/lib/libc.a(lib_a-memcpy-stub.o)
 .data          0x00000000        0x0 /local/sdk_elec/gcc-arm-none-eabi-5_2-2015q4/bin/../lib/gcc/arm-none-eabi/5.2.1/../../../../arm-none-eabi/lib/libc.a(lib_a-memcpy-stub.o)
 .bss           0x00000000        0x0 /local/sdk_elec/gcc-arm-none-eabi-5_2-2015q4/bin/../lib/gcc/arm-none-eabi/5.2.1/../../../../arm-none-eabi/lib/libc.a(lib_a-memcpy-stub.o)
 .text          0x00000000        0x0 /local/sdk_elec/gcc-arm-none-eabi-5_2-2015q4/bin/../lib/gcc/arm-none-eabi/5.2.1/../../../../arm-none-eabi/lib/libc.a(lib_a-memmove.o)
 .data          0x00000000        0x0 /local/sdk_elec/gcc-arm-none-eabi-5_2-2015q4/bin/../lib/gcc/arm-none-eabi/5.2.1/../../../../arm-none-eabi/lib/libc.a(lib_a-memmove.o)
 .bss           0x00000000        0x0 /local/sdk_elec/gcc-arm-none-eabi-5_2-2015q4/bin/../lib/gcc/arm-none-eabi/5.2.1/../../../../arm-none-eabi/lib/libc.a(lib_a-memmove.o)
 .data          0x00000000        0x0 /local/sdk_elec/gcc-arm-none-eabi-5_2-2015q4/bin/../lib/gcc/arm-none-eabi/5.2.1/../../../../arm-none-eabi/lib/libc.a(lib_a-strcmp.o)
 .bss           0x00000000        0x0 /local/sdk_elec/gcc-arm-none-eabi-5_2-2015q4/bin/../lib/gcc/arm-none-eabi/5.2.1/../../../../arm-none-eabi/lib/libc.a(lib_a-strcmp.o)
 .text          0x00000000        0x0 /local/sdk_elec/gcc-arm-none-eabi-5_2-2015q4/bin/../lib/gcc/arm-none-eabi/5.2.1/../../../../arm-none-eabi/lib/libc.a(lib_a-strcpy.o)
 .data          0x00000000        0x0 /local/sdk_elec/gcc-arm-none-eabi-5_2-2015q4/bin/../lib/gcc/arm-none-eabi/5.2.1/../../../../arm-none-eabi/lib/libc.a(lib_a-strcpy.o)
 .bss           0x00000000        0x0 /local/sdk_elec/gcc-arm-none-eabi-5_2-2015q4/bin/../lib/gcc/arm-none-eabi/5.2.1/../../../../arm-none-eabi/lib/libc.a(lib_a-strcpy.o)
 .text          0x00000000        0x0 /local/sdk_elec/gcc-arm-none-eabi-5_2-2015q4/bin/../lib/gcc/arm-none-eabi/5.2.1/../../../../arm-none-eabi/lib/libc.a(lib_a-strlen-stub.o)
 .data          0x00000000        0x0 /local/sdk_elec/gcc-arm-none-eabi-5_2-2015q4/bin/../lib/gcc/arm-none-eabi/5.2.1/../../../../arm-none-eabi/lib/libc.a(lib_a-strlen-stub.o)
 .bss           0x00000000        0x0 /local/sdk_elec/gcc-arm-none-eabi-5_2-2015q4/bin/../lib/gcc/arm-none-eabi/5.2.1/../../../../arm-none-eabi/lib/libc.a(lib_a-strlen-stub.o)

Memory Configuration

Name             Origin             Length             Attributes
FLASH            0x00000000         0x00080000         xr
SRAM1            0x40000000         0x00008000         xrw
SRAM2            0x7fd00000         0x00002000         xrw
*default*        0x00000000         0xffffffff

Linker script and memory map

LOAD user/tp3_ex1.o
LOAD user/lexer.o
LOAD oslib/drivers/startup/board_lowlevel.o
LOAD oslib/drivers/startup/board_stubs.o
LOAD oslib/drivers/lib/diskio.o
LOAD oslib/drivers/target.o
LOAD oslib/kernellib.o
LOAD oslib/libc.o
LOAD oslib/vfs.o
LOAD oslib/termio.o
LOAD oslib/fat.o
LOAD oslib/drivers/startup/board_cstartup.o
LOAD oslib/drivers/lib/liblpc2148.a
LOAD kernel/libkernel.a
START GROUP
LOAD /local/sdk_elec/gcc-arm-none-eabi-5_2-2015q4/bin/../lib/gcc/arm-none-eabi/5.2.1/libgcc.a
LOAD /local/sdk_elec/gcc-arm-none-eabi-5_2-2015q4/bin/../lib/gcc/arm-none-eabi/5.2.1/../../../../arm-none-eabi/lib/libc.a
END GROUP
                0x00000080                USR_STACK_SIZE = 0x80
                0x00000400                IRQ_STACK_SIZE = 0x400
                0x00000000                FIQ_STACK_SIZE = 0x0
                0x00000400                SVC_STACK_SIZE = 0x400
                0x00000000                ABT_STACK_SIZE = 0x0
                0x00000000                UND_STACK_SIZE = 0x0
                0x7fd02000                HEAP_END = 0x7fd02000

.vectors        0x40000000       0x40
 *(.vectors)
 .vectors       0x40000000       0x40 oslib/drivers/startup/board_cstartup.o
                0x40000000                _start

.text           0x40000040     0x6328
 *(.init .init.*)
 .init          0x40000040      0x14c oslib/drivers/startup/board_cstartup.o
                0x40000154                _exit
 *(.text .text.*)
 .text.tache1   0x4000018c      0x8f4 user/tp3_ex1.o
                0x4000018c                tache1
 .text.idle     0x40000a80        0x4 user/tp3_ex1.o
                0x40000a80                idle
 .text.main     0x40000a84       0x50 user/tp3_ex1.o
                0x40000a84                main
 .text.lexer_reset
                0x40000ad4       0x38 user/lexer.o
                0x40000ad4                lexer_reset
 .text.skip_space
                0x40000b0c       0x4c user/lexer.o
 .text.scan_word
                0x40000b58      0x1fc user/lexer.o
 .text.scan_number
                0x40000d54      0x2a8 user/lexer.o
 .text.next_token
                0x40000ffc      0x2bc user/lexer.o
                0x40000ffc                next_token
 .text.LowLevelInit
                0x400012b8      0x154 oslib/drivers/startup/board_lowlevel.o
                0x400012b8                LowLevelInit
 .text.xchg_spi
                0x4000140c       0x6c oslib/drivers/lib/diskio.o
 .text.rcvr_spi_multi
                0x40001478       0x64 oslib/drivers/lib/diskio.o
 .text.wait_ready
                0x400014dc       0x6c oslib/drivers/lib/diskio.o
 .text.deselect
                0x40001548       0x2c oslib/drivers/lib/diskio.o
 .text.select   0x40001574       0x50 oslib/drivers/lib/diskio.o
 .text.power_on
                0x400015c4       0x98 oslib/drivers/lib/diskio.o
 .text.power_off
                0x4000165c       0x18 oslib/drivers/lib/diskio.o
 .text.rcvr_datablock
                0x40001674       0x90 oslib/drivers/lib/diskio.o
 .text.send_cmd
                0x40001704      0x180 oslib/drivers/lib/diskio.o
 .text.disk_initialize
                0x40001884      0x2f4 oslib/drivers/lib/diskio.o
                0x40001884                disk_initialize
 .text.disk_read
                0x40001b78      0x14c oslib/drivers/lib/diskio.o
                0x40001b78                disk_read
 .text.disk_ioctl
                0x40001cc4      0x674 oslib/drivers/lib/diskio.o
                0x40001cc4                disk_ioctl
 .text.disk_timerproc
                0x40002338       0xac oslib/drivers/lib/diskio.o
                0x40002338                disk_timerproc
 .text.dev_init_test
                0x400023e4       0x4c oslib/drivers/target.o
 .text.dev_open_test
                0x40002430       0x8c oslib/drivers/target.o
 .text.dev_close_test
                0x400024bc       0x5c oslib/drivers/target.o
 .text.dev_read_test
                0x40002518       0xec oslib/drivers/target.o
 .text.on_timeout_cb
                0x40002604       0x64 oslib/drivers/target.o
 .text.on_receive_cb
                0x40002668       0x24 oslib/drivers/target.o
 .text.dev_init_console
                0x4000268c       0x98 oslib/drivers/target.o
 .text.dev_open_console
                0x40002724       0xbc oslib/drivers/target.o
 .text.dev_close_console
                0x400027e0       0x5c oslib/drivers/target.o
 .text.dev_write_console
                0x4000283c       0x70 oslib/drivers/target.o
 .text.dev_read_console
                0x400028ac       0x80 oslib/drivers/target.o
 .text.dev_init
                0x4000292c       0xdc oslib/drivers/target.o
                0x4000292c                dev_init
 .text.malloc   0x40002a08       0x24 oslib/kernellib.o
                0x40002a08                malloc
 .text.free     0x40002a2c       0x18 oslib/kernellib.o
                0x40002a2c                free
 .text.os_start
                0x40002a44        0xc oslib/kernellib.o
                0x40002a44                os_start
 .text.task_new
                0x40002a50       0x28 oslib/kernellib.o
                0x40002a50                task_new
 .text.task_kill
                0x40002a78        0xc oslib/kernellib.o
                0x40002a78                task_kill
 .text.sem_new  0x40002a84       0x24 oslib/kernellib.o
                0x40002a84                sem_new
 .text.sem_p    0x40002aa8       0x18 oslib/kernellib.o
                0x40002aa8                sem_p
 .text.sem_v    0x40002ac0       0x18 oslib/kernellib.o
                0x40002ac0                sem_v
 .text.strdup   0x40002ad8       0x68 oslib/libc.o
                0x40002ad8                strdup
 .text.dirname  0x40002b40       0xc0 oslib/vfs.o
                0x40002b40                dirname
 .text.basename
                0x40002c00       0x78 oslib/vfs.o
                0x40002c00                basename
 .text.dev_lookup
                0x40002c78       0xd0 oslib/vfs.o
 .text.open     0x40002d48      0x1a4 oslib/vfs.o
                0x40002d48                open
 .text.read     0x40002eec       0x80 oslib/vfs.o
                0x40002eec                read
 .text.write    0x40002f6c       0x80 oslib/vfs.o
                0x40002f6c                write
 .text.term_out
                0x40002fec       0x3c oslib/termio.o
 .text.term_in  0x40003028       0x38 oslib/termio.o
 .text.num2str  0x40003060      0x1f8 oslib/termio.o
 .text.str2num  0x40003258      0x100 oslib/termio.o
 .text.term_ansi
                0x40003358       0xf8 oslib/termio.o
 .text.term_init
                0x40003450       0x84 oslib/termio.o
                0x40003450                term_init
 .text.term_clrscr
                0x400034d4       0x4c oslib/termio.o
                0x400034d4                term_clrscr
 .text.term_clreol
                0x40003520       0x1c oslib/termio.o
                0x40003520                term_clreol
 .text.term_right
                0x4000353c       0x48 oslib/termio.o
                0x4000353c                term_right
 .text.term_left
                0x40003584       0x48 oslib/termio.o
                0x40003584                term_left
 .text.term_getc
                0x400035cc      0x518 oslib/termio.o
                0x400035cc                term_getc
 .text.term_putc
                0x40003ae4       0x94 oslib/termio.o
                0x40003ae4                term_putc
 .text.term_puts
                0x40003b78       0x48 oslib/termio.o
                0x40003b78                term_puts
 .text.term_printf
                0x40003bc0      0x3a0 oslib/termio.o
                0x40003bc0                term_printf
 .text.term_save_pos
                0x40003f60       0x4c oslib/termio.o
                0x40003f60                term_save_pos
 .text.term_restore_pos
                0x40003fac       0x4c oslib/termio.o
                0x40003fac                term_restore_pos
 .text.readline
                0x40003ff8      0x440 oslib/termio.o
                0x40003ff8                readline
 .text.fat_mount
                0x40004438      0x3e8 oslib/fat.o
                0x40004438                fat_mount
 .text.next_cluster
                0x40004820       0xf0 oslib/fat.o
                0x40004820                next_cluster
 .text.cluster2sector
                0x40004910       0x38 oslib/fat.o
                0x40004910                cluster2sector
 .text.cpy_name
                0x40004948      0x178 oslib/fat.o
 .text.fat_get_info
                0x40004ac0      0x250 oslib/fat.o
                0x40004ac0                fat_get_info
 .text.fat_next_dir
                0x40004d10      0x1f8 oslib/fat.o
                0x40004d10                fat_next_dir
 .text.fat_read
                0x40004f08       0xac oslib/fat.o
                0x40004f08                fat_read
 .text.io_configure
                0x40004fb4      0x10c oslib/drivers/lib/liblpc2148.a(io.o)
                0x40004fb4                io_configure
 .text.timer0_isr
                0x400050c0       0x38 oslib/drivers/lib/liblpc2148.a(timer.o)
                0x400050c0                timer0_isr
 .text.timer1_isr
                0x400050f8       0x38 oslib/drivers/lib/liblpc2148.a(timer.o)
                0x400050f8                timer1_isr
 .text.timer_tick_init
                0x40005130       0xd4 oslib/drivers/lib/liblpc2148.a(timer.o)
                0x40005130                timer_tick_init
 .text.timer_start
                0x40005204        0xc oslib/drivers/lib/liblpc2148.a(timer.o)
                0x40005204                timer_start
 .text.uart0_isr
                0x40005210       0xb8 oslib/drivers/lib/liblpc2148.a(uart.o)
                0x40005210                uart0_isr
 .text.uart1_isr
                0x400052c8       0x40 oslib/drivers/lib/liblpc2148.a(uart.o)
                0x400052c8                uart1_isr
 .text.uart_init
                0x40005308      0x140 oslib/drivers/lib/liblpc2148.a(uart.o)
                0x40005308                uart_init
 .text.uart_getchar
                0x40005448       0x58 oslib/drivers/lib/liblpc2148.a(uart.o)
                0x40005448                uart_getchar
 .text.uart_putc
                0x400054a0       0x14 oslib/drivers/lib/liblpc2148.a(uart.o)
                0x400054a0                uart_putc
 .text.irq_register_slot
                0x400054b4       0x64 oslib/drivers/lib/liblpc2148.a(irq.o)
                0x400054b4                irq_register_slot
 .text.irq_ack  0x40005518       0x18 oslib/drivers/lib/liblpc2148.a(irq.o)
                0x40005518                irq_ack
 .text.sys_round_robin
                0x40005530      0x120 kernel/libkernel.a(kernel.o)
                0x40005530                sys_round_robin
 .text.sys_os_start
                0x40005650       0x44 kernel/libkernel.a(kernel.o)
                0x40005650                sys_os_start
 .text.sys_task_new
                0x40005694       0xb8 kernel/libkernel.a(kernel.o)
                0x40005694                sys_task_new
 .text.sys_task_kill
                0x4000574c       0x60 kernel/libkernel.a(kernel.o)
                0x4000574c                sys_task_kill
 .text.sys_task_id
                0x400057ac       0x14 kernel/libkernel.a(kernel.o)
                0x400057ac                sys_task_id
 .text.sys_task_yield
                0x400057c0        0x8 kernel/libkernel.a(kernel.o)
                0x400057c0                sys_task_yield
 .text.sys_task_wait
                0x400057c8       0x88 kernel/libkernel.a(kernel.o)
                0x400057c8                sys_task_wait
 .text.sys_sem_new
                0x40005850       0x28 kernel/libkernel.a(kernel.o)
                0x40005850                sys_sem_new
 .text.sys_sem_p
                0x40005878       0xa0 kernel/libkernel.a(kernel.o)
                0x40005878                sys_sem_p
 .text.sys_sem_v
                0x40005918       0xa4 kernel/libkernel.a(kernel.o)
                0x40005918                sys_sem_v
 .text.list_insert_head
                0x400059bc       0x2c kernel/libkernel.a(list.o)
                0x400059bc                list_insert_head
 .text.list_remove_head
                0x400059e8       0x40 kernel/libkernel.a(list.o)
                0x400059e8                list_remove_head
 .text.list_insert_tail
                0x40005a28       0x2c kernel/libkernel.a(list.o)
                0x40005a28                list_insert_tail
 .text.list_size
                0x40005a54       0x38 kernel/libkernel.a(list.o)
                0x40005a54                list_size
 .text.sys_add  0x40005a8c        0x8 kernel/libkernel.a(syscall_dispatch.o)
                0x40005a8c                sys_add
 .text.syscall_dispatch
                0x40005a94       0xcc kernel/libkernel.a(syscall_dispatch.o)
                0x40005a94                syscall_dispatch
 .text.minit    0x40005b60       0x24 kernel/libkernel.a(alloc.o)
                0x40005b60                minit
 .text.sys_alloc
                0x40005b84       0x90 kernel/libkernel.a(alloc.o)
                0x40005b84                sys_alloc
 .text.sys_free
                0x40005c14       0xac kernel/libkernel.a(alloc.o)
                0x40005c14                sys_free
 .text          0x40005cc0      0x114 /local/sdk_elec/gcc-arm-none-eabi-5_2-2015q4/bin/../lib/gcc/arm-none-eabi/5.2.1/libgcc.a(_udivsi3.o)
                0x40005cc0                __udivsi3
                0x40005cc0                __aeabi_uidiv
                0x40005db4                __aeabi_uidivmod
 .text          0x40005dd4        0x4 /local/sdk_elec/gcc-arm-none-eabi-5_2-2015q4/bin/../lib/gcc/arm-none-eabi/5.2.1/libgcc.a(_dvmd_tls.o)
                0x40005dd4                __aeabi_ldiv0
                0x40005dd4                __aeabi_idiv0
 .text.memcpy   0x40005dd8       0xf0 /local/sdk_elec/gcc-arm-none-eabi-5_2-2015q4/bin/../lib/gcc/arm-none-eabi/5.2.1/../../../../arm-none-eabi/lib/libc.a(lib_a-memcpy-stub.o)
                0x40005dd8                memcpy
 .text.memmove  0x40005ec8      0x12c /local/sdk_elec/gcc-arm-none-eabi-5_2-2015q4/bin/../lib/gcc/arm-none-eabi/5.2.1/../../../../arm-none-eabi/lib/libc.a(lib_a-memmove.o)
                0x40005ec8                memmove
 .text          0x40005ff4      0x224 /local/sdk_elec/gcc-arm-none-eabi-5_2-2015q4/bin/../lib/gcc/arm-none-eabi/5.2.1/../../../../arm-none-eabi/lib/libc.a(lib_a-strcmp.o)
                0x40005ff4                strcmp
 .text.strcpy   0x40006218       0xf0 /local/sdk_elec/gcc-arm-none-eabi-5_2-2015q4/bin/../lib/gcc/arm-none-eabi/5.2.1/../../../../arm-none-eabi/lib/libc.a(lib_a-strcpy.o)
                0x40006218                strcpy
 .text.strlen   0x40006308       0x60 /local/sdk_elec/gcc-arm-none-eabi-5_2-2015q4/bin/../lib/gcc/arm-none-eabi/5.2.1/../../../../arm-none-eabi/lib/libc.a(lib_a-strlen-stub.o)
                0x40006308                strlen

.glue_7         0x40006368        0x0
 .glue_7        0x40006368        0x0 linker stubs

.glue_7t        0x40006368        0x0
 .glue_7t       0x40006368        0x0 linker stubs

.vfp11_veneer   0x40006368        0x0
 .vfp11_veneer  0x40006368        0x0 linker stubs

.v4_bx          0x40006368        0x0
 .v4_bx         0x40006368        0x0 linker stubs

.iplt           0x40006368        0x0
 .iplt          0x40006368        0x0 user/tp3_ex1.o

.rodata         0x40006368      0x705
 *(.rodata .rodata.*)
 .rodata        0x40006368      0x3c2 user/tp3_ex1.o
 *fill*         0x4000672a        0x2 
 .rodata        0x4000672c       0x58 oslib/drivers/startup/board_lowlevel.o
                0x4000672c                _VIC
                0x40006730                _PCB
                0x40006734                _SCB
                0x40006738                _EXT
                0x4000673c                _IO0
                0x40006740                _IO1
                0x40006744                _FIO0
                0x40006748                _FIO1
                0x4000674c                _TIMER0
                0x40006750                _TIMER1
                0x40006754                _PWM
                0x40006758                _UART0
                0x4000675c                _UART1
                0x40006760                _I2C0
                0x40006764                _I2C1
                0x40006768                _SPI0
                0x4000676c                _SSP
                0x40006770                _RTC
                0x40006774                _ADC0
                0x40006778                _ADC1
                0x4000677c                _DAC
                0x40006780                _WD
 .rodata        0x40006784       0x12 oslib/drivers/target.o
 *fill*         0x40006796        0x2 
 .rodata        0x40006798       0x10 oslib/vfs.o
 .rodata        0x400067a8       0x42 oslib/termio.o
 *fill*         0x400067ea        0x2 
 .rodata        0x400067ec      0x180 oslib/fat.o
 .rodata._ctype_
                0x4000696c      0x101 /local/sdk_elec/gcc-arm-none-eabi-5_2-2015q4/bin/../lib/gcc/arm-none-eabi/5.2.1/../../../../arm-none-eabi/lib/libc.a(lib_a-ctype_.o)
                0x4000696c                _ctype_

.rel.dyn        0x40006a70        0x0
 .rel.iplt      0x40006a70        0x0 user/tp3_ex1.o

.data           0x40006a70       0xdc
                0x40006a70                __data_load = LOADADDR (.data)
                0x40006a70                __data_start = .
 *(.data)
 .data          0x40006a70       0x51 user/lexer.o
                0x40006a70                cmds
 .data          0x40006ac1        0x1 oslib/drivers/lib/diskio.o
 *fill*         0x40006ac2        0x2 
 .data          0x40006ac4       0x70 oslib/drivers/target.o
                0x40006ac4                dev_test
                0x40006af8                dev_console
                0x40006b2c                device_table
 .data          0x40006b34       0x11 oslib/termio.o
 *fill*         0x40006b45        0x3 
 .data          0x40006b48        0x4 kernel/libkernel.a(kernel.o)
                0x40006b4c                . = ALIGN (0x4)
                0x40006b4c                __data_end = .

.igot.plt       0x40006b4c        0x0
 .igot.plt      0x40006b4c        0x0 user/tp3_ex1.o

.data.__ctype_ptr__
                0x40006b4c        0x4
 .data.__ctype_ptr__
                0x40006b4c        0x4 /local/sdk_elec/gcc-arm-none-eabi-5_2-2015q4/bin/../lib/gcc/arm-none-eabi/5.2.1/../../../../arm-none-eabi/lib/libc.a(lib_a-ctype_.o)
                0x40006b4c                __ctype_ptr__

.bss            0x40006b50      0x5ec
                0x40006b50                __bss_start = .
 *(.bss .bss.*)
 .bss           0x40006b50        0x8 user/lexer.o
 .bss           0x40006b58        0x9 oslib/drivers/lib/diskio.o
 *fill*         0x40006b61        0x3 
 .bss           0x40006b64        0x4 oslib/drivers/target.o
                0x40006b64                tick
 .bss           0x40006b68       0x34 oslib/termio.o
 .bss           0x40006b9c      0x200 oslib/fat.o
 .bss           0x40006d9c        0x8 oslib/drivers/lib/liblpc2148.a(timer.o)
 .bss           0x40006da4       0x90 oslib/drivers/lib/liblpc2148.a(uart.o)
 .bss           0x40006e34        0xc kernel/libkernel.a(kernel.o)
                0x40006e34                tsk_running
                0x40006e38                tsk_sleeping
                0x40006e3c                saved_ctx
                0x40006e40                . = ALIGN (0x4)
                0x40006e40                __bss_end = .
 COMMON         0x40006e40      0x254 user/tp3_ex1.o
                0x40006e40                text
                0x40006e90                mutex
                0x40006e94                buf
 COMMON         0x40007094       0x58 user/lexer.o
                0x40007094                token_val
                0x40007098                token
                0x4000709c                token_str
 COMMON         0x400070ec       0x50 oslib/vfs.o
                0x400070ec                opened_fds

.stack          0x4000713c      0x880
                0x4000713c                . = ALIGN (0x4)
                0x4000713c                __stack_start = .
                0x400071bc                . = (. + USR_STACK_SIZE)
 *fill*         0x4000713c       0x80 
                0x400071bc                . = ALIGN (0x4)
                0x400071bc                __usr_stack_top = .
                0x400075bc                . = (. + IRQ_STACK_SIZE)
 *fill*         0x400071bc      0x400 
                0x400075bc                . = ALIGN (0x4)
                0x400075bc                __irq_stack_top = .
                0x400075bc                . = (. + FIQ_STACK_SIZE)
                0x400075bc                . = ALIGN (0x4)
                0x400075bc                __fiq_stack_top = .
                0x400079bc                . = (. + SVC_STACK_SIZE)
 *fill*         0x400075bc      0x400 
                0x400079bc                . = ALIGN (0x4)
                0x400079bc                __svc_stack_top = .
                0x400079bc                . = (. + ABT_STACK_SIZE)
                0x400079bc                . = ALIGN (0x4)
                0x400079bc                __abt_stack_top = .
                0x400079bc                . = (. + UND_STACK_SIZE)
                0x400079bc                . = ALIGN (0x4)
                0x400079bc                __und_stack_top = .
                0x400079bc                __stack_end = .

.heap           0x7fd00000     0x2000
                0x7fd00000                __heap_start = .
                0x7fd02000                . = ABSOLUTE (HEAP_END)
 *fill*         0x7fd00000     0x2000 
                0x7fd02000                __heap_end = .
OUTPUT(main.elf elf32-littlearm)

.debug_info     0x00000000     0x4c4a
 .debug_info    0x00000000      0x49b user/tp3_ex1.o
 .debug_info    0x0000049b      0x2b5 user/lexer.o
 .debug_info    0x00000750     0x1075 oslib/drivers/startup/board_lowlevel.o
 .debug_info    0x000017c5      0x653 oslib/drivers/lib/diskio.o
 .debug_info    0x00001e18      0x799 oslib/drivers/target.o
 .debug_info    0x000025b1      0x296 oslib/kernellib.o
 .debug_info    0x00002847       0xdd oslib/libc.o
 .debug_info    0x00002924      0x603 oslib/vfs.o
 .debug_info    0x00002f27      0x7d5 oslib/termio.o
 .debug_info    0x000036fc      0x7f4 oslib/fat.o
 .debug_info    0x00003ef0       0x7e oslib/drivers/startup/board_cstartup.o
 .debug_info    0x00003f6e      0x564 kernel/libkernel.a(kernel.o)
 .debug_info    0x000044d2      0x332 kernel/libkernel.a(list.o)
 .debug_info    0x00004804      0x244 kernel/libkernel.a(syscall_dispatch.o)
 .debug_info    0x00004a48      0x202 kernel/libkernel.a(alloc.o)

.debug_abbrev   0x00000000     0x1553
 .debug_abbrev  0x00000000      0x160 user/tp3_ex1.o
 .debug_abbrev  0x00000160      0x173 user/lexer.o
 .debug_abbrev  0x000002d3      0x15c oslib/drivers/startup/board_lowlevel.o
 .debug_abbrev  0x0000042f      0x265 oslib/drivers/lib/diskio.o
 .debug_abbrev  0x00000694      0x21e oslib/drivers/target.o
 .debug_abbrev  0x000008b2      0x107 oslib/kernellib.o
 .debug_abbrev  0x000009b9       0x8e oslib/libc.o
 .debug_abbrev  0x00000a47      0x191 oslib/vfs.o
 .debug_abbrev  0x00000bd8      0x232 oslib/termio.o
 .debug_abbrev  0x00000e0a      0x22c oslib/fat.o
 .debug_abbrev  0x00001036       0x12 oslib/drivers/startup/board_cstartup.o
 .debug_abbrev  0x00001048      0x1c1 kernel/libkernel.a(kernel.o)
 .debug_abbrev  0x00001209      0x126 kernel/libkernel.a(list.o)
 .debug_abbrev  0x0000132f      0x102 kernel/libkernel.a(syscall_dispatch.o)
 .debug_abbrev  0x00001431      0x122 kernel/libkernel.a(alloc.o)

.debug_aranges  0x00000000      0x540
 .debug_aranges
                0x00000000       0x30 user/tp3_ex1.o
 .debug_aranges
                0x00000030       0x40 user/lexer.o
 .debug_aranges
                0x00000070       0x28 oslib/drivers/startup/board_lowlevel.o
 .debug_aranges
                0x00000098       0xa0 oslib/drivers/lib/diskio.o
 .debug_aranges
                0x00000138       0x78 oslib/drivers/target.o
 .debug_aranges
                0x000001b0       0x78 oslib/kernellib.o
 .debug_aranges
                0x00000228       0x20 oslib/libc.o
 .debug_aranges
                0x00000248       0x70 oslib/vfs.o
 .debug_aranges
                0x000002b8       0xe0 oslib/termio.o
 .debug_aranges
                0x00000398       0x78 oslib/fat.o
 .debug_aranges
                0x00000410       0x28 oslib/drivers/startup/board_cstartup.o
 .debug_aranges
                0x00000438       0x68 kernel/libkernel.a(kernel.o)
 .debug_aranges
                0x000004a0       0x48 kernel/libkernel.a(list.o)
 .debug_aranges
                0x000004e8       0x28 kernel/libkernel.a(syscall_dispatch.o)
 .debug_aranges
                0x00000510       0x30 kernel/libkernel.a(alloc.o)

.debug_ranges   0x00000000      0x4a8
 .debug_ranges  0x00000000       0x58 user/tp3_ex1.o
 .debug_ranges  0x00000058       0x30 user/lexer.o
 .debug_ranges  0x00000088       0x18 oslib/drivers/startup/board_lowlevel.o
 .debug_ranges  0x000000a0       0x90 oslib/drivers/lib/diskio.o
 .debug_ranges  0x00000130       0x68 oslib/drivers/target.o
 .debug_ranges  0x00000198       0x68 oslib/kernellib.o
 .debug_ranges  0x00000200       0x10 oslib/libc.o
 .debug_ranges  0x00000210       0x60 oslib/vfs.o
 .debug_ranges  0x00000270       0xd0 oslib/termio.o
 .debug_ranges  0x00000340       0x68 oslib/fat.o
 .debug_ranges  0x000003a8       0x20 oslib/drivers/startup/board_cstartup.o
 .debug_ranges  0x000003c8       0x58 kernel/libkernel.a(kernel.o)
 .debug_ranges  0x00000420       0x38 kernel/libkernel.a(list.o)
 .debug_ranges  0x00000458       0x18 kernel/libkernel.a(syscall_dispatch.o)
 .debug_ranges  0x00000470       0x38 kernel/libkernel.a(alloc.o)

.debug_line     0x00000000     0x1bdf
 .debug_line    0x00000000      0x24d user/tp3_ex1.o
 .debug_line    0x0000024d      0x247 user/lexer.o
 .debug_line    0x00000494       0xb9 oslib/drivers/startup/board_lowlevel.o
 .debug_line    0x0000054d      0x419 oslib/drivers/lib/diskio.o
 .debug_line    0x00000966      0x25d oslib/drivers/target.o
 .debug_line    0x00000bc3      0x128 oslib/kernellib.o
 .debug_line    0x00000ceb       0xec oslib/libc.o
 .debug_line    0x00000dd7      0x20a oslib/vfs.o
 .debug_line    0x00000fe1      0x4b9 oslib/termio.o
 .debug_line    0x0000149a      0x29e oslib/fat.o
 .debug_line    0x00001738       0xcb oslib/drivers/startup/board_cstartup.o
 .debug_line    0x00001803      0x195 kernel/libkernel.a(kernel.o)
 .debug_line    0x00001998       0xfb kernel/libkernel.a(list.o)
 .debug_line    0x00001a93       0x94 kernel/libkernel.a(syscall_dispatch.o)
 .debug_line    0x00001b27       0xb8 kernel/libkernel.a(alloc.o)

.debug_str      0x00000000      0xfba
 .debug_str     0x00000000      0x2bb user/tp3_ex1.o
                                0x329 (size before relaxing)
 .debug_str     0x000002bb       0x5d user/lexer.o
                                0x283 (size before relaxing)
 .debug_str     0x00000318      0x3a3 oslib/drivers/startup/board_lowlevel.o
                                0x4e5 (size before relaxing)
 .debug_str     0x000006bb      0x127 oslib/drivers/lib/diskio.o
                                0x2ce (size before relaxing)
 .debug_str     0x000007e2      0x14c oslib/drivers/target.o
                                0x37a (size before relaxing)
 .debug_str     0x0000092e       0x3a oslib/kernellib.o
                                0x1f4 (size before relaxing)
 .debug_str     0x00000968       0x19 oslib/libc.o
                                0x178 (size before relaxing)
 .debug_str     0x00000981       0x5b oslib/vfs.o
                                0x2a3 (size before relaxing)
 .debug_str     0x000009dc      0x299 oslib/termio.o
                                0x428 (size before relaxing)
 .debug_str     0x00000c75       0xfa oslib/fat.o
                                0x3cd (size before relaxing)
 .debug_str     0x00000d6f      0x158 kernel/libkernel.a(kernel.o)
                                0x260 (size before relaxing)
 .debug_str     0x00000ec7       0x73 kernel/libkernel.a(list.o)
                                0x1cd (size before relaxing)
 .debug_str     0x00000f3a       0x38 kernel/libkernel.a(syscall_dispatch.o)
                                0x18a (size before relaxing)
 .debug_str     0x00000f72       0x48 kernel/libkernel.a(alloc.o)
                                0x10c (size before relaxing)

.comment        0x00000000       0x98
 .comment       0x00000000       0x6e user/tp3_ex1.o
                                 0x6f (size before relaxing)
 .comment       0x0000006e       0x6f user/lexer.o
 .comment       0x0000006e       0x6f oslib/drivers/startup/board_lowlevel.o
 .comment       0x0000006e       0x6f oslib/drivers/lib/diskio.o
 .comment       0x0000006e       0x6f oslib/drivers/target.o
 .comment       0x0000006e       0x6f oslib/kernellib.o
 .comment       0x0000006e       0x6f oslib/libc.o
 .comment       0x0000006e       0x6f oslib/vfs.o
 .comment       0x0000006e       0x6f oslib/termio.o
 .comment       0x0000006e       0x6f oslib/fat.o
 .comment       0x0000006e       0x2a oslib/drivers/lib/liblpc2148.a(io.o)
                                 0x2b (size before relaxing)
 .comment       0x00000098       0x2b oslib/drivers/lib/liblpc2148.a(timer.o)
 .comment       0x00000098       0x2b oslib/drivers/lib/liblpc2148.a(uart.o)
 .comment       0x00000098       0x2b oslib/drivers/lib/liblpc2148.a(irq.o)
 .comment       0x00000098       0x2b kernel/libkernel.a(kernel.o)
 .comment       0x00000098       0x2b kernel/libkernel.a(list.o)
 .comment       0x00000098       0x2b kernel/libkernel.a(syscall_dispatch.o)
 .comment       0x00000098       0x2b kernel/libkernel.a(alloc.o)

.ARM.attributes
                0x00000000       0x30
 .ARM.attributes
                0x00000000       0x30 user/tp3_ex1.o
 .ARM.attributes
                0x00000030       0x30 user/lexer.o
 .ARM.attributes
                0x00000060       0x30 oslib/drivers/startup/board_lowlevel.o
 .ARM.attributes
                0x00000090       0x30 oslib/drivers/lib/diskio.o
 .ARM.attributes
                0x000000c0       0x30 oslib/drivers/target.o
 .ARM.attributes
                0x000000f0       0x30 oslib/kernellib.o
 .ARM.attributes
                0x00000120       0x30 oslib/libc.o
 .ARM.attributes
                0x00000150       0x30 oslib/vfs.o
 .ARM.attributes
                0x00000180       0x30 oslib/termio.o
 .ARM.attributes
                0x000001b0       0x30 oslib/fat.o
 .ARM.attributes
                0x000001e0       0x16 oslib/drivers/startup/board_cstartup.o
 .ARM.attributes
                0x000001f6       0x32 oslib/drivers/lib/liblpc2148.a(io.o)
 .ARM.attributes
                0x00000228       0x32 oslib/drivers/lib/liblpc2148.a(timer.o)
 .ARM.attributes
                0x0000025a       0x32 oslib/drivers/lib/liblpc2148.a(uart.o)
 .ARM.attributes
                0x0000028c       0x32 oslib/drivers/lib/liblpc2148.a(irq.o)
 .ARM.attributes
                0x000002be       0x32 kernel/libkernel.a(kernel.o)
 .ARM.attributes
                0x000002f0       0x32 kernel/libkernel.a(list.o)
 .ARM.attributes
                0x00000322       0x32 kernel/libkernel.a(syscall_dispatch.o)
 .ARM.attributes
                0x00000354       0x32 kernel/libkernel.a(alloc.o)
 .ARM.attributes
                0x00000386       0x18 /local/sdk_elec/gcc-arm-none-eabi-5_2-2015q4/bin/../lib/gcc/arm-none-eabi/5.2.1/libgcc.a(_udivsi3.o)
 .ARM.attributes
                0x0000039e       0x18 /local/sdk_elec/gcc-arm-none-eabi-5_2-2015q4/bin/../lib/gcc/arm-none-eabi/5.2.1/libgcc.a(_dvmd_tls.o)
 .ARM.attributes
                0x000003b6       0x30 /local/sdk_elec/gcc-arm-none-eabi-5_2-2015q4/bin/../lib/gcc/arm-none-eabi/5.2.1/../../../../arm-none-eabi/lib/libc.a(lib_a-ctype_.o)
 .ARM.attributes
                0x000003e6       0x30 /local/sdk_elec/gcc-arm-none-eabi-5_2-2015q4/bin/../lib/gcc/arm-none-eabi/5.2.1/../../../../arm-none-eabi/lib/libc.a(lib_a-memcpy-stub.o)
 .ARM.attributes
                0x00000416       0x30 /local/sdk_elec/gcc-arm-none-eabi-5_2-2015q4/bin/../lib/gcc/arm-none-eabi/5.2.1/../../../../arm-none-eabi/lib/libc.a(lib_a-memmove.o)
 .ARM.attributes
                0x00000446       0x16 /local/sdk_elec/gcc-arm-none-eabi-5_2-2015q4/bin/../lib/gcc/arm-none-eabi/5.2.1/../../../../arm-none-eabi/lib/libc.a(lib_a-strcmp.o)
 .ARM.attributes
                0x0000045c       0x30 /local/sdk_elec/gcc-arm-none-eabi-5_2-2015q4/bin/../lib/gcc/arm-none-eabi/5.2.1/../../../../arm-none-eabi/lib/libc.a(lib_a-strcpy.o)
 .ARM.attributes
                0x0000048c       0x30 /local/sdk_elec/gcc-arm-none-eabi-5_2-2015q4/bin/../lib/gcc/arm-none-eabi/5.2.1/../../../../arm-none-eabi/lib/libc.a(lib_a-strlen-stub.o)

.debug_frame    0x00000000      0xf2c
 .debug_frame   0x00000000       0x58 user/tp3_ex1.o
 .debug_frame   0x00000058       0x90 user/lexer.o
 .debug_frame   0x000000e8       0x44 oslib/drivers/startup/board_lowlevel.o
 .debug_frame   0x0000012c      0x210 oslib/drivers/lib/diskio.o
 .debug_frame   0x0000033c      0x18c oslib/drivers/target.o
 .debug_frame   0x000004c8      0x118 oslib/kernellib.o
 .debug_frame   0x000005e0       0x30 oslib/libc.o
 .debug_frame   0x00000610      0x15c oslib/vfs.o
 .debug_frame   0x0000076c      0x30c oslib/termio.o
 .debug_frame   0x00000a78      0x170 oslib/fat.o
 .debug_frame   0x00000be8      0x12c kernel/libkernel.a(kernel.o)
 .debug_frame   0x00000d14       0x7c kernel/libkernel.a(list.o)
 .debug_frame   0x00000d90       0x38 kernel/libkernel.a(syscall_dispatch.o)
 .debug_frame   0x00000dc8       0x48 kernel/libkernel.a(alloc.o)
 .debug_frame   0x00000e10       0x20 /local/sdk_elec/gcc-arm-none-eabi-5_2-2015q4/bin/../lib/gcc/arm-none-eabi/5.2.1/libgcc.a(_udivsi3.o)
 .debug_frame   0x00000e30       0x3c /local/sdk_elec/gcc-arm-none-eabi-5_2-2015q4/bin/../lib/gcc/arm-none-eabi/5.2.1/../../../../arm-none-eabi/lib/libc.a(lib_a-memcpy-stub.o)
 .debug_frame   0x00000e6c       0x40 /local/sdk_elec/gcc-arm-none-eabi-5_2-2015q4/bin/../lib/gcc/arm-none-eabi/5.2.1/../../../../arm-none-eabi/lib/libc.a(lib_a-memmove.o)
 .debug_frame   0x00000eac       0x40 /local/sdk_elec/gcc-arm-none-eabi-5_2-2015q4/bin/../lib/gcc/arm-none-eabi/5.2.1/../../../../arm-none-eabi/lib/libc.a(lib_a-strcmp.o)
 .debug_frame   0x00000eec       0x20 /local/sdk_elec/gcc-arm-none-eabi-5_2-2015q4/bin/../lib/gcc/arm-none-eabi/5.2.1/../../../../arm-none-eabi/lib/libc.a(lib_a-strcpy.o)
 .debug_frame   0x00000f0c       0x20 /local/sdk_elec/gcc-arm-none-eabi-5_2-2015q4/bin/../lib/gcc/arm-none-eabi/5.2.1/../../../../arm-none-eabi/lib/libc.a(lib_a-strlen-stub.o)

.debug_loc      0x00000000      0x646
 .debug_loc     0x00000000      0x284 kernel/libkernel.a(kernel.o)
 .debug_loc     0x00000284      0x143 kernel/libkernel.a(list.o)
 .debug_loc     0x000003c7      0x161 kernel/libkernel.a(syscall_dispatch.o)
 .debug_loc     0x00000528      0x11e kernel/libkernel.a(alloc.o)

.debug_pubnames
                0x00000000      0x1d9
 .debug_pubnames
                0x00000000       0xea kernel/libkernel.a(kernel.o)
 .debug_pubnames
                0x000000ea       0x85 kernel/libkernel.a(list.o)
 .debug_pubnames
                0x0000016f       0x33 kernel/libkernel.a(syscall_dispatch.o)
 .debug_pubnames
                0x000001a2       0x37 kernel/libkernel.a(alloc.o)

.debug_pubtypes
                0x00000000      0x1be
 .debug_pubtypes
                0x00000000       0x95 kernel/libkernel.a(kernel.o)
 .debug_pubtypes
                0x00000095       0x6b kernel/libkernel.a(list.o)
 .debug_pubtypes
                0x00000100       0x95 kernel/libkernel.a(syscall_dispatch.o)
 .debug_pubtypes
                0x00000195       0x29 kernel/libkernel.a(alloc.o)
